06-01 17:53:36.025 E/Thermal-daemon( 3731): [flash_led] temp_new :47  temp_old :46
06-01 17:53:36.025 E/Thermal-daemon( 3731): Report temperature: [flash_led] temp :47  report_threshold:1
06-01 17:53:36.026 E/Thermal-daemon( 3731): [ap] temp_new :51  temp_old :50
06-01 17:53:36.026 E/Thermal-daemon( 3731): Report temperature: [ap] temp :51  report_threshold:1
06-01 17:53:37.219 I/ash     ( 5919): Application com.qihoo360.mobilesafe has active sensor, delay to H!
06-01 17:53:37.219 I/ash     ( 5919): com.qihoo360.mobilesafe delayToHibernation :30000
06-01 17:53:37.219 I/ash     ( 5919): Application com.tencent.mm is im app and connected ok, delay to H!
06-01 17:53:37.220 I/ash     ( 5919): com.tencent.mm delayToHibernation :30000
06-01 17:53:37.258 E/WifiConfigStore( 4224): updateConfiguration freq=2437 BSSID=14:75:90:c3:bb:9c RSSI=-52 "XYSK"WPA_PSK
06-01 17:53:37.346 W/PGApi_client( 5919): recv actoionId = 10005, action = com.huawei.pgmng.PGAction@dc8867b actionId =10005 pkg = extend1 =2168 extend2 = flag =1 type =1
06-01 17:53:37.483 I/[Gralloc]( 3716): alloc w[1] h[1] format[1] usage[2355]
06-01 17:53:37.484 I/[Gralloc]( 3716): alloc succ handle[0xb7ddc800] stride[32]
06-01 17:53:38.362 W/PGApi_client( 5919): recv actoionId = 10005, action = com.huawei.pgmng.PGAction@57cec98 actionId =10005 pkg = extend1 =2169 extend2 = flag =1 type =1
06-01 17:53:38.413 I/MsgPolicyThreshold( 5919): setThreshold,value:15,actionId:233
06-01 17:53:38.413 W/PGApi_client( 5919): recv actoionId = 10006, action = com.huawei.pgmng.PGAction@bd73cf1 actionId =10006 pkg =null extend1 =2169 extend2 = flag =2 type =1
06-01 17:53:38.414 I/MsgPolicyThreshold( 5919): write ok
06-01 17:53:38.424 W/IInputConnectionWrapper(26355): getTextBeforeCursor on inactive InputConnection
06-01 17:53:38.425 W/IInputConnectionWrapper(26355): getTextAfterCursor on inactive InputConnection
06-01 17:53:40.123 I/AudioTrack-JNI(26355): audioTrack send start state to pg
06-01 17:53:40.274 E/WifiConfigStore( 4224): updateConfiguration freq=2437 BSSID=14:75:90:c3:bb:9c RSSI=-55 "XYSK"WPA_PSK
06-01 17:53:40.364 I/AudioTrack-JNI(26355): audioTrack continuously zero data counter >= 10, send pause/stop state to pg, counter: 0
06-01 17:53:40.504 I/Unity   (26355): joinScene 1000
06-01 17:53:40.504 I/Unity   (26355):  
06-01 17:53:40.504 I/Unity   (26355): (Filename: ./artifacts/AndroidManagedGenerated/UnityEngineDebug.cpp Line: 56)
06-01 17:53:40.504 I/Unity   (26355): 
06-01 17:53:40.953 W/AlarmManager( 4224): WAKEUP alarm trigger action = android.net.wifi.DHCP_RENEW elapsed = 25173748
06-01 17:53:41.074 E/native  ( 4224): do suspend false
06-01 17:53:41.206 I/DHCPCD  (26760): sending signal 14 to pid 19691
06-01 17:53:41.207 I/DHCPCD  (19691): received SIGALRM, renewing
06-01 17:53:41.207 I/DHCPCD  (19691): wlan0: dhcp renew, renewing lease of 192.168.0.16
06-01 17:53:41.270 I/DHCPCD  (19691): wlan0: dhcp ack, acknowledged 192.168.0.16 from 192.168.0.1
06-01 17:53:41.314 I/DHCPCD  (19691): wlan0: leased 192.168.0.16 for 7200 seconds
06-01 17:53:41.949 E/HwWifiCHRStateManagerImpl( 4224): updateWifiIp  StateMachine 192.168.0.16
06-01 17:53:41.961 I/SendBroadcastPermission( 4224): action:android.net.wifi.STATE_CHANGE, mPermissionType:0
06-01 17:53:41.993 I/System  ( 4224): core_booster, getBoosterConfig = false
06-01 17:53:42.036 E/BandwidthController( 3724): bwctrlcmd_wifipro_cmd runIptablesCmd(): res=1 status=256 failed /system/bin/iptables -w -F wifipro_temporary_chain
06-01 17:53:42.047 I/WifiTracker( 4674): STATE =1
06-01 17:53:42.057 E/BandwidthController( 3724): bwctrlcmd_wifipro_cmd runIptablesCmd(): res=1 status=256 failed /system/bin/ip6tables -w -F wifipro_temporary_chain
06-01 17:53:42.057 E/BandwidthController( 3724): bwctrlcmd_wifipro_cmd  FlushChain command:  1 
06-01 17:53:42.062 I/System  ( 4224): core_booster, getBoosterConfig = false
06-01 17:53:42.075 E/BandwidthController( 3724): bwctrlcmd_wifipro_cmd runIptablesCmd(): res=1 status=512 failed /system/bin/iptables -w -D INPUT -j wifipro_temporary_chain
06-01 17:53:42.092 E/BandwidthController( 3724): bwctrlcmd_wifipro_cmd runIptablesCmd(): res=1 status=512 failed /system/bin/ip6tables -w -D INPUT -j wifipro_temporary_chain
06-01 17:53:42.110 E/BandwidthController( 3724): bwctrlcmd_wifipro_cmd runIptablesCmd(): res=1 status=512 failed /system/bin/iptables -w -D OUTPUT -j wifipro_temporary_chain
06-01 17:53:42.128 E/BandwidthController( 3724): bwctrlcmd_wifipro_cmd runIptablesCmd(): res=1 status=512 failed /system/bin/ip6tables -w -D OUTPUT -j wifipro_temporary_chain
06-01 17:53:42.147 E/BandwidthController( 3724): bwctrlcmd_wifipro_cmd runIptablesCmd(): res=1 status=256 failed /system/bin/iptables -w -X wifipro_temporary_chain
06-01 17:53:42.165 E/BandwidthController( 3724): bwctrlcmd_wifipro_cmd runIptablesCmd(): res=1 status=256 failed /system/bin/ip6tables -w -X wifipro_temporary_chain
06-01 17:53:42.165 E/BandwidthController( 3724): bwctrlcmd_wifipro_cmd  DeleteChain command:  1 
06-01 17:53:42.193 I/[Gralloc]( 3716): alloc w[16] h[16] format[1] usage[256]
06-01 17:53:42.194 I/[Gralloc]( 3716): alloc succ handle[0xb7d5b7c8] stride[32]
06-01 17:53:42.196 E/linker  (26812): readlink('/proc/self/fd/23') failed: Permission denied [fd=23]
06-01 17:53:42.196 E/linker  (26812): warning: unable to get realpath for the library "/system/lib/hw/gralloc.hi3630.so". Will use given name.
06-01 17:53:42.199 E/linker  (26812): readlink('/proc/self/fd/23') failed: Permission denied [fd=23]
06-01 17:53:42.200 E/linker  (26812): warning: unable to get realpath for the library "libion.so". Will use given name.
06-01 17:53:42.204 E/HAL     (26812): load: id=gralloc != hmi->id=gralloc
06-01 17:53:42.280 I/[Gralloc]( 3716): alloc w[16] h[16] format[1] usage[256]
06-01 17:53:42.281 I/[Gralloc]( 3716): alloc succ handle[0xb7d5b7c8] stride[32]
06-01 17:53:42.282 E/linker  (26834): readlink('/proc/self/fd/21') failed: Permission denied [fd=21]
06-01 17:53:42.283 E/linker  (26834): warning: unable to get realpath for the library "/system/lib/hw/gralloc.hi3630.so". Will use given name.
06-01 17:53:42.285 E/linker  (26834): readlink('/proc/self/fd/21') failed: Permission denied [fd=21]
06-01 17:53:42.285 E/linker  (26834): warning: unable to get realpath for the library "libion.so". Will use given name.
06-01 17:53:42.287 E/HAL     (26834): load: id=gralloc != hmi->id=gralloc
06-01 17:53:42.440 I/MultiDex(26834): VM with version 2.1.0 has multidex support
06-01 17:53:42.440 I/MultiDex(26834): install
06-01 17:53:42.440 I/MultiDex(26834): VM has multidex support, MultiDex support library is disabled.
06-01 17:53:42.467 I/System  (18198): core_booster, getBoosterConfig = false
06-01 17:53:42.470 I/System  (18198): core_booster, getBoosterConfig = false
06-01 17:53:42.471 I/System  (18198): core_booster, getBoosterConfig = false
06-01 17:53:43.004 I/ws000   (26812): runtime.process.name=com.qihoo360.mobilesafe:WifiExam
06-01 17:53:43.014 I/ws000   (26812): process ui=false persist=false persistUI=false crash=false contact=false barcode=false permm=false v=7.1.0.1014
06-01 17:53:43.085 I/NativeMainLoader(26812): load main so success
06-01 17:53:43.112 W/sdkstat (26834): location: null
06-01 17:53:43.173 E/com.baidu.browser.sailor.webkit.b.b(26834): workspace did not created
06-01 17:53:43.181 W/asset   (26812): Asset path /data/data/com.qihoo360.mobilesafe/files/libjiagu_x64.a is neither a directory nor file (type=1).
06-01 17:53:43.190 E/CursorResourceWrapper(26834): context is wrong!
06-01 17:53:43.261 E/linker  (26834): readlink('/proc/self/fd/29') failed: Permission denied [fd=29]
06-01 17:53:43.261 E/linker  (26834): warning: unable to get realpath for the library "/data/data/com.baidu.searchbox/files/zeus/libs/com.baidu.zeus2.dex". Will use given name.
06-01 17:53:43.268 W/sdkstat (26834): java.io.FileNotFoundException: /data/user/0/com.baidu.searchbox/files/.config2: open failed: ENOENT (No such file or directory)
06-01 17:53:43.268 W/sdkstat (26834): 	at libcore.io.IoBridge.open(IoBridge.java:459)
06-01 17:53:43.268 W/sdkstat (26834): 	at java.io.FileInputStream.<init>(FileInputStream.java:76)
06-01 17:53:43.268 W/sdkstat (26834): 	at android.app.ContextImpl.openFileInput(ContextImpl.java:432)
06-01 17:53:43.268 W/sdkstat (26834): 	at android.content.ContextWrapper.openFileInput(ContextWrapper.java:177)
06-01 17:53:43.268 W/sdkstat (26834): 	at android.content.ContextWrapper.openFileInput(ContextWrapper.java:177)
06-01 17:53:43.268 W/sdkstat (26834): 	at com.baidu.mobstat.cy.a(SearchBox:85)
06-01 17:53:43.268 W/sdkstat (26834): 	at com.baidu.mobstat.ax.j(SearchBox:199)
06-01 17:53:43.268 W/sdkstat (26834): 	at com.baidu.mobstat.ax.<init>(SearchBox:77)
06-01 17:53:43.268 W/sdkstat (26834): 	at com.baidu.mobstat.ax.a(SearchBox:36)
06-01 17:53:43.268 W/sdkstat (26834): 	at com.baidu.mobstat.m.a(SearchBox:28)
06-01 17:53:43.268 W/sdkstat (26834): 	at com.baidu.bottom.service.BottomReceiver.a(SearchBox:82)
06-01 17:53:43.268 W/sdkstat (26834): 	at com.baidu.bottom.service.BottomReceiver.b(SearchBox:24)
06-01 17:53:43.268 W/sdkstat (26834): 	at com.baidu.mobstat.ar.run(SearchBox:49)
06-01 17:53:43.268 W/sdkstat (26834): Caused by: android.system.ErrnoException: open failed: ENOENT (No such file or directory)
06-01 17:53:43.268 W/sdkstat (26834): 	at libcore.io.Posix.open(Native Method)
06-01 17:53:43.268 W/sdkstat (26834): 	at libcore.io.BlockGuardOs.open(BlockGuardOs.java:186)
06-01 17:53:43.268 W/sdkstat (26834): 	at libcore.io.IoBridge.open(IoBridge.java:445)
06-01 17:53:43.268 W/sdkstat (26834): 	... 12 more
06-01 17:53:43.274 W/sdkstat (26834): java.io.FileNotFoundException: /data/user/0/com.baidu.searchbox/files/.sign: open failed: ENOENT (No such file or directory)
06-01 17:53:43.274 W/sdkstat (26834): 	at libcore.io.IoBridge.open(IoBridge.java:459)
06-01 17:53:43.274 W/sdkstat (26834): 	at java.io.FileInputStream.<init>(FileInputStream.java:76)
06-01 17:53:43.274 W/sdkstat (26834): 	at android.app.ContextImpl.openFileInput(ContextImpl.java:432)
06-01 17:53:43.274 W/sdkstat (26834): 	at android.content.ContextWrapper.openFileInput(ContextWrapper.java:177)
06-01 17:53:43.274 W/sdkstat (26834): 	at android.content.ContextWrapper.openFileInput(ContextWrapper.java:177)
06-01 17:53:43.274 W/sdkstat (26834): 	at com.baidu.mobstat.cy.a(SearchBox:85)
06-01 17:53:43.274 W/sdkstat (26834): 	at com.baidu.mobstat.ax.k(SearchBox:288)
06-01 17:53:43.274 W/sdkstat (26834): 	at com.baidu.mobstat.ax.<init>(SearchBox:78)
06-01 17:53:43.274 W/sdkstat (26834): 	at com.baidu.mobstat.ax.a(SearchBox:36)
06-01 17:53:43.274 W/sdkstat (26834): 	at com.baidu.mobstat.m.a(SearchBox:28)
06-01 17:53:43.274 W/sdkstat (26834): 	at com.baidu.bottom.service.BottomReceiver.a(SearchBox:82)
06-01 17:53:43.274 W/sdkstat (26834): 	at com.baidu.bottom.service.BottomReceiver.b(SearchBox:24)
06-01 17:53:43.274 W/sdkstat (26834): 	at com.baidu.mobstat.ar.run(SearchBox:49)
06-01 17:53:43.274 W/sdkstat (26834): Caused by: android.system.ErrnoException: open failed: ENOENT (No such file or directory)
06-01 17:53:43.274 W/sdkstat (26834): 	at libcore.io.Posix.open(Native Method)
06-01 17:53:43.274 W/sdkstat (26834): 	at libcore.io.BlockGuardOs.open(BlockGuardOs.java:186)
06-01 17:53:43.274 W/sdkstat (26834): 	at libcore.io.IoBridge.open(IoBridge.java:445)
06-01 17:53:43.274 W/sdkstat (26834): 	... 12 more
06-01 17:53:43.285 I/SendBroadcastPermission( 4224): action:android.net.wifi.RSSI_CHANGED, mPermissionType:0
06-01 17:53:43.286 E/WifiConfigStore( 4224): updateConfiguration freq=2437 BSSID=14:75:90:c3:bb:9c RSSI=-57 "XYSK"WPA_PSK
06-01 17:53:43.320 E/CursorResourceWrapper(26834): context is wrong!
06-01 17:53:43.386 E/CursorResourceWrapper(26834): context is wrong!
06-01 17:53:43.460 E/CursorResourceWrapper(26834): context is wrong!
06-01 17:53:43.472 I/dex     (26812): load /data/user/0/com.qihoo360.mobilesafe/app_plugins_v3/psc-10-10-109.jar ...
06-01 17:53:43.491 W/System  (26812): ClassLoader referenced unknown path: /data/user/0/com.qihoo360.mobilesafe/app_plugins_v3_libs/psc-10-10-109
06-01 17:53:43.491 I/dex     (26812): load /data/user/0/com.qihoo360.mobilesafe/app_plugins_v3/psc-10-10-109.jar = dalvik.system.DexClassLoader[DexPathList[[zip file "/data/user/0/com.qihoo360.mobilesafe/app_plugins_v3/psc-10-10-109.jar"],nativeLibraryDirectories=[/data/user/0/com.qihoo360.mobilesafe/app_plugins_v3_libs/psc-10-10-109, /vendor/lib, /system/lib]]]
06-01 17:53:43.541 I/ws000   (26812): psc init com.qihoo360.mobilesafe:WifiExam
06-01 17:53:43.569 I/dex     (26812): load /data/user/0/com.qihoo360.mobilesafe/app_plugins_v3/wifiexam-10-10-117.jar ...
06-01 17:53:43.572 E/CursorResourceWrapper(26834): context is wrong!
06-01 17:53:43.575 W/art     (26834): the size of javaLdLibraryPathJstr is 0!
06-01 17:53:43.576 E/linker  (26834): readlink('/proc/self/fd/28') failed: Permission denied [fd=28]
06-01 17:53:43.576 E/linker  (26834): warning: unable to get realpath for the library "/data/user/0/com.baidu.searchbox/lib//libstlport_shared.so". Will use given name.
06-01 17:53:43.591 W/System  (26812): ClassLoader referenced unknown path: /data/user/0/com.qihoo360.mobilesafe/app_plugins_v3_libs/wifiexam-10-10-117
06-01 17:53:43.591 I/dex     (26812): load /data/user/0/com.qihoo360.mobilesafe/app_plugins_v3/wifiexam-10-10-117.jar = dalvik.system.DexClassLoader[DexPathList[[zip file "/data/user/0/com.qihoo360.mobilesafe/app_plugins_v3/wifiexam-10-10-117.jar"],nativeLibraryDirectories=[/data/user/0/com.qihoo360.mobilesafe/app_plugins_v3_libs/wifiexam-10-10-117, /vendor/lib, /system/lib]]]
06-01 17:53:43.606 W/art     (26834): the size of javaLdLibraryPathJstr is 0!
06-01 17:53:43.607 E/linker  (26834): readlink('/proc/self/fd/28') failed: Permission denied [fd=28]
06-01 17:53:43.607 E/linker  (26834): warning: unable to get realpath for the library "/data/user/0/com.baidu.searchbox/lib//libplat_support_60.so". Will use given name.
06-01 17:53:43.670 W/art     (26834): the size of javaLdLibraryPathJstr is 0!
06-01 17:53:43.672 E/linker  (26834): readlink('/proc/self/fd/28') failed: Permission denied [fd=28]
06-01 17:53:43.672 E/linker  (26834): warning: unable to get realpath for the library "/data/user/0/com.baidu.searchbox/files/zeus/libs//libbaiduwebviewchromium.so". Will use given name.
06-01 17:53:43.812 I/chromium(26834): [0601/175343:INFO:library_loader_hooks.cc(323)] huangweichai RegisterStatistics clazz=1049782, methods_sizes=4
06-01 17:53:43.850 W/chromium(26834): [0601/175343:WARNING:org_chromium_net_UrlRequestContext.cc(246)] [cronet] Failed to load cronet...
06-01 17:53:43.851 E/chromium(26834): [0601/175343:ERROR:cronet_jni_registrar.cc(21)] [cronet] OrgChromiumNetUrlRequestContextRegisterJni FAILED!!!!
06-01 17:53:44.022 I/Configuration[hujun01](26834): load config file /sdcard/configfile fail!
06-01 17:53:44.022 I/content_main_runner[hujun01](26834): InitializeStatsTable1 
06-01 17:53:44.026 I/content_main_runner[hujun01](26834): statsfile ChromiumStats2-26834
06-01 17:53:44.026 I/aw_blink_settings[hujun01](26834): mVersion 7.3.2.190
06-01 17:53:44.029 I/chromium(26834): [0601/175344:INFO:library_loader_hooks.cc(216)] [statistics] Init m_inited=0, path=/data/data/com.baidu.searchbox/files/zeus/statistics//error.log
06-01 17:53:44.045 I/aw_blink_settings[hujun01](26834): ZeusSetAppId baiduboxapp
06-01 17:53:44.117 I/BVideoStatisticsUpload(26834): length = 0
06-01 17:53:44.117 I/BVideoStatisticsUpload(26834): exists = false
06-01 17:53:44.118 I/BVideoStatisticsUpload(26834): =============================
06-01 17:53:44.118 I/BVideoStatisticsUpload(26834): length = 0
06-01 17:53:44.118 I/BVideoStatisticsUpload(26834): exists = false
06-01 17:53:44.118 I/BVideoStatisticsUpload(26834): innerWorkFolder = /data/user/0/com.baidu.searchbox/files/video_statistic/error_video.log
06-01 17:53:44.291 E/adblock (26834): init adblock
06-01 17:53:44.326 W/Unity   (26355):  scene : PalaceScene  is not BattleScene!
06-01 17:53:44.326 W/Unity   (26355):  
06-01 17:53:44.326 W/Unity   (26355): (Filename: ./artifacts/AndroidManagedGenerated/UnityEngineDebug.cpp Line: 56)
06-01 17:53:44.326 W/Unity   (26355): 
06-01 17:53:44.850 I/Unity   (26355):  Has 0 Buffs.
06-01 17:53:44.850 I/Unity   (26355):  
06-01 17:53:44.850 I/Unity   (26355): (Filename: ./artifacts/AndroidManagedGenerated/UnityEngineDebug.cpp Line: 56)
06-01 17:53:44.850 I/Unity   (26355): 
06-01 17:53:44.971 E/Unity   (26355): lua stack is not equal. before: 2   after: 0
06-01 17:53:44.971 E/Unity   (26355):  
06-01 17:53:44.971 E/Unity   (26355): (Filename: ./artifacts/AndroidManagedGenerated/UnityEngineDebug.cpp Line: 56)
06-01 17:53:44.971 E/Unity   (26355): 
06-01 17:53:44.971 W/Unity   (26355): Lua Stk not clean~~
06-01 17:53:44.971 W/Unity   (26355):  
06-01 17:53:44.971 W/Unity   (26355): (Filename: ./artifacts/AndroidManagedGenerated/UnityEngineDebug.cpp Line: 56)
06-01 17:53:44.971 W/Unity   (26355): 
06-01 17:53:45.051 W/Unity   (26355):  scene : PalaceScene  is not BattleScene!
06-01 17:53:45.051 W/Unity   (26355):  
06-01 17:53:45.051 W/Unity   (26355): (Filename: ./artifacts/AndroidManagedGenerated/UnityEngineDebug.cpp Line: 56)
06-01 17:53:45.051 W/Unity   (26355): 
06-01 17:53:45.073 W/Unity   (26355):  scene : PalaceScene  is not BattleScene!
06-01 17:53:45.073 W/Unity   (26355):  
06-01 17:53:45.073 W/Unity   (26355): (Filename: ./artifacts/AndroidManagedGenerated/UnityEngineDebug.cpp Line: 56)
06-01 17:53:45.073 W/Unity   (26355): 
06-01 17:53:45.082 W/Unity   (26355):  scene : PalaceScene  is not BattleScene!
06-01 17:53:45.082 W/Unity   (26355):  
06-01 17:53:45.082 W/Unity   (26355): (Filename: ./artifacts/AndroidManagedGenerated/UnityEngineDebug.cpp Line: 56)
06-01 17:53:45.082 W/Unity   (26355): 
06-01 17:53:45.082 W/Unity   (26355):  scene : PalaceScene  is not BattleScene!
06-01 17:53:45.082 W/Unity   (26355):  
06-01 17:53:45.082 W/Unity   (26355): (Filename: ./artifacts/AndroidManagedGenerated/UnityEngineDebug.cpp Line: 56)
06-01 17:53:45.082 W/Unity   (26355): 
06-01 17:53:45.185 I/Unity   (26355): chengjiu_icon
06-01 17:53:45.185 I/Unity   (26355):  
06-01 17:53:45.185 I/Unity   (26355): (Filename: ./artifacts/AndroidManagedGenerated/UnityEngineDebug.cpp Line: 56)
06-01 17:53:45.185 I/Unity   (26355): 
06-01 17:53:45.448 I/Unity   (26355): initBag
06-01 17:53:45.448 I/Unity   (26355):  
06-01 17:53:45.448 I/Unity   (26355): (Filename: ./artifacts/AndroidManagedGenerated/UnityEngineDebug.cpp Line: 56)
06-01 17:53:45.448 I/Unity   (26355): 
06-01 17:53:45.448 I/Unity   (26355): initBag
06-01 17:53:45.448 I/Unity   (26355):  
06-01 17:53:45.448 I/Unity   (26355): (Filename: ./artifacts/AndroidManagedGenerated/UnityEngineDebug.cpp Line: 56)
06-01 17:53:45.448 I/Unity   (26355): 
06-01 17:53:45.785 I/AudioTrack-JNI(26355): audioTrack send start state to pg
06-01 17:53:45.825 W/Unity   (26355):  scene : PalaceScene  is not BattleScene!
06-01 17:53:45.825 W/Unity   (26355):  
06-01 17:53:45.825 W/Unity   (26355): (Filename: ./artifacts/AndroidManagedGenerated/UnityEngineDebug.cpp Line: 56)
06-01 17:53:45.825 W/Unity   (26355): 
06-01 17:53:45.830 W/Unity   (26355):  scene : PalaceScene  is not BattleScene!
06-01 17:53:45.830 W/Unity   (26355):  
06-01 17:53:45.830 W/Unity   (26355): (Filename: ./artifacts/AndroidManagedGenerated/UnityEngineDebug.cpp Line: 56)
06-01 17:53:45.830 W/Unity   (26355): 
06-01 17:53:46.033 E/Thermal-daemon( 3731): [flash_led] temp_new :46  temp_old :47
06-01 17:53:46.033 E/Thermal-daemon( 3731): Report temperature: [flash_led] temp :46  report_threshold:1
06-01 17:53:46.123 I/dex2oat (27016): /system/bin/dex2oat --dex-file=/data/user/0/com.qihoo360.mobilesafe/files/com.qihoo360.mobilesafe_WifiExam61550182_apm.jar --oat-file=/data/user/0/com.qihoo360.mobilesafe/files/com.qihoo360.mobilesafe_WifiExam61550182_apm.dex
06-01 17:53:46.195 W/Unity   (26355):  scene : PalaceScene  is not BattleScene!
06-01 17:53:46.195 W/Unity   (26355):  
06-01 17:53:46.195 W/Unity   (26355): (Filename: ./artifacts/AndroidManagedGenerated/UnityEngineDebug.cpp Line: 56)
06-01 17:53:46.195 W/Unity   (26355): 
06-01 17:53:46.201 W/Unity   (26355):  scene : PalaceScene  is not BattleScene!
06-01 17:53:46.201 W/Unity   (26355):  
06-01 17:53:46.201 W/Unity   (26355): (Filename: ./artifacts/AndroidManagedGenerated/UnityEngineDebug.cpp Line: 56)
06-01 17:53:46.201 W/Unity   (26355): 
06-01 17:53:46.204 W/Unity   (26355):  scene : PalaceScene  is not BattleScene!
06-01 17:53:46.204 W/Unity   (26355):  
06-01 17:53:46.204 W/Unity   (26355): (Filename: ./artifacts/AndroidManagedGenerated/UnityEngineDebug.cpp Line: 56)
06-01 17:53:46.204 W/Unity   (26355): 
06-01 17:53:46.205 W/Unity   (26355):  scene : PalaceScene  is not BattleScene!
06-01 17:53:46.205 W/Unity   (26355):  
06-01 17:53:46.205 W/Unity   (26355): (Filename: ./artifacts/AndroidManagedGenerated/UnityEngineDebug.cpp Line: 56)
06-01 17:53:46.205 W/Unity   (26355): 
06-01 17:53:46.228 W/Unity   (26355):  scene : PalaceScene  is not BattleScene!
06-01 17:53:46.228 W/Unity   (26355):  
06-01 17:53:46.228 W/Unity   (26355): (Filename: ./artifacts/AndroidManagedGenerated/UnityEngineDebug.cpp Line: 56)
06-01 17:53:46.228 W/Unity   (26355): 
06-01 17:53:46.230 W/Unity   (26355):  scene : PalaceScene  is not BattleScene!
06-01 17:53:46.230 W/Unity   (26355):  
06-01 17:53:46.230 W/Unity   (26355): (Filename: ./artifacts/AndroidManagedGenerated/UnityEngineDebug.cpp Line: 56)
06-01 17:53:46.230 W/Unity   (26355): 
06-01 17:53:46.232 W/Unity   (26355):  scene : PalaceScene  is not BattleScene!
06-01 17:53:46.232 W/Unity   (26355):  
06-01 17:53:46.232 W/Unity   (26355): (Filename: ./artifacts/AndroidManagedGenerated/UnityEngineDebug.cpp Line: 56)
06-01 17:53:46.232 W/Unity   (26355): 
06-01 17:53:46.249 W/Unity   (26355):  scene : PalaceScene  is not BattleScene!
06-01 17:53:46.249 W/Unity   (26355):  
06-01 17:53:46.249 W/Unity   (26355): (Filename: ./artifacts/AndroidManagedGenerated/UnityEngineDebug.cpp Line: 56)
06-01 17:53:46.249 W/Unity   (26355): 
06-01 17:53:46.251 W/Unity   (26355):  scene : PalaceScene  is not BattleScene!
06-01 17:53:46.251 W/Unity   (26355):  
06-01 17:53:46.251 W/Unity   (26355): (Filename: ./artifacts/AndroidManagedGenerated/UnityEngineDebug.cpp Line: 56)
06-01 17:53:46.251 W/Unity   (26355): 
06-01 17:53:46.274 W/Unity   (26355):  scene : PalaceScene  is not BattleScene!
06-01 17:53:46.274 W/Unity   (26355):  
06-01 17:53:46.274 W/Unity   (26355): (Filename: ./artifacts/AndroidManagedGenerated/UnityEngineDebug.cpp Line: 56)
06-01 17:53:46.274 W/Unity   (26355): 
06-01 17:53:46.276 W/Unity   (26355):  scene : PalaceScene  is not BattleScene!
06-01 17:53:46.276 W/Unity   (26355):  
06-01 17:53:46.276 W/Unity   (26355): (Filename: ./artifacts/AndroidManagedGenerated/UnityEngineDebug.cpp Line: 56)
06-01 17:53:46.276 W/Unity   (26355): 
06-01 17:53:46.298 W/Unity   (26355):  scene : PalaceScene  is not BattleScene!
06-01 17:53:46.298 W/Unity   (26355):  
06-01 17:53:46.298 W/Unity   (26355): (Filename: ./artifacts/AndroidManagedGenerated/UnityEngineDebug.cpp Line: 56)
06-01 17:53:46.298 W/Unity   (26355): 
06-01 17:53:46.300 W/Unity   (26355):  scene : PalaceScene  is not BattleScene!
06-01 17:53:46.300 W/Unity   (26355):  
06-01 17:53:46.300 W/Unity   (26355): (Filename: ./artifacts/AndroidManagedGenerated/UnityEngineDebug.cpp Line: 56)
06-01 17:53:46.300 W/Unity   (26355): 
06-01 17:53:46.302 E/WifiConfigStore( 4224): updateConfiguration freq=2437 BSSID=14:75:90:c3:bb:9c RSSI=-58 "XYSK"WPA_PSK
06-01 17:53:46.319 W/Unity   (26355):  scene : PalaceScene  is not BattleScene!
06-01 17:53:46.319 W/Unity   (26355):  
06-01 17:53:46.319 W/Unity   (26355): (Filename: ./artifacts/AndroidManagedGenerated/UnityEngineDebug.cpp Line: 56)
06-01 17:53:46.319 W/Unity   (26355): 
06-01 17:53:46.321 W/Unity   (26355):  scene : PalaceScene  is not BattleScene!
06-01 17:53:46.321 W/Unity   (26355):  
06-01 17:53:46.321 W/Unity   (26355): (Filename: ./artifacts/AndroidManagedGenerated/UnityEngineDebug.cpp Line: 56)
06-01 17:53:46.321 W/Unity   (26355): 
06-01 17:53:46.640 I/dex2oat (27016): dex2oat took 519.025ms (threads: 4) arena alloc=63KB java alloc=84KB native alloc=1244KB free=51KB
06-01 17:53:46.667 W/ws001   (26812): NRH lcl.fc: c=com.qihoo360.apm.QihooHttpClient
06-01 17:53:46.678 W/ws001   (26812): NRH lcl.fc: c=apm.b
06-01 17:53:46.687 W/ws001   (26812): NRH lcl.fc: c=apm.d
06-01 17:53:46.690 W/ws001   (26812): NRH lcl.fc: c=apm.c
06-01 17:53:46.694 W/ws001   (26812): NRH lcl.fc: c=apm.k
06-01 17:53:46.699 W/ws001   (26812): NRH lcl.fc: c=apm.e
06-01 17:53:46.704 W/ws001   (26812): NRH lcl.fc: c=apm.j
06-01 17:53:46.756 I/System  (26812): core_booster, getBoosterConfig = false
06-01 17:53:46.942 W/Settings(18198): Setting android_id has moved from android.provider.Settings.System to android.provider.Settings.Secure, returning read-only value.
06-01 17:53:47.039 E/HwCHRWebMonitor( 4224): running processNamecom.tanyu.flcdhy.samsung
06-01 17:53:47.040 E/HwCHRWebMonitor( 4224): HwCHRWifiUIDWebSpeed [appName=com.huawei.hidisk UID=10036  WEBSENDSEGS=5  WEBRESENDSEGS=0  WEBRECVSEGS=4  WEBERRSEGS=0  WEBOUTRSTS=0  WEBESTABLISRST=0  WEBRTTDURATION=160  WEBRTTSEGS=3  WEBSNDDUPACKS=0  suckTimes=0 recovage_times=0]
06-01 17:53:47.041 E/HwCHRWebMonitor( 4224): HwCHRWifiUIDWebSpeed [appName=com.qihoo360.mobilesafe UID=10199  WEBSENDSEGS=909  WEBRESENDSEGS=17  WEBRECVSEGS=807  WEBERRSEGS=0  WEBOUTRSTS=0  WEBESTABLISRST=0  WEBRTTDURATION=4481  WEBRTTSEGS=429  WEBSNDDUPACKS=0  suckTimes=0 recovage_times=0]
06-01 17:53:47.042 E/HwCHRWebMonitor( 4224): HwCHRWifiUIDWebSpeed [appName=com.huawei.hwid UID=10039  WEBSENDSEGS=30  WEBRESENDSEGS=1  WEBRECVSEGS=30  WEBERRSEGS=0  WEBOUTRSTS=0  WEBESTABLISRST=0  WEBRTTDURATION=721  WEBRTTSEGS=13  WEBSNDDUPACKS=0  suckTimes=0 recovage_times=0]
06-01 17:53:47.043 E/HwCHRWebMonitor( 4224): HwCHRWifiUIDWebSpeed [appName=com.huawei.android.totemweather UID=10054  WEBSENDSEGS=16  WEBRESENDSEGS=0  WEBRECVSEGS=17  WEBERRSEGS=0  WEBOUTRSTS=0  WEBESTABLISRST=0  WEBRTTDURATION=258  WEBRTTSEGS=6  WEBSNDDUPACKS=0  suckTimes=0 recovage_times=0]
06-01 17:53:47.043 E/HwCHRWebMonitor( 4224): HwCHRWifiUIDWebSpeed [appName=com.tanyu.flcdhy.samsung UID=10265  WEBSENDSEGS=925  WEBRESENDSEGS=7  WEBRECVSEGS=717  WEBERRSEGS=0  WEBOUTRSTS=0  WEBESTABLISRST=0  WEBRTTDURATION=6509  WEBRTTSEGS=358  WEBSNDDUPACKS=0  suckTimes=0 recovage_times=0]
06-01 17:53:47.045 E/HwCHRWebMonitor( 4224): HwCHRWifiUIDWebSpeed [appName=com.tencent.mm UID=10242  WEBSENDSEGS=21  WEBRESENDSEGS=0  WEBRECVSEGS=12  WEBERRSEGS=0  WEBOUTRSTS=0  WEBESTABLISRST=0  WEBRTTDURATION=195  WEBRTTSEGS=10  WEBSNDDUPACKS=0  suckTimes=0 recovage_times=0]
06-01 17:53:47.046 E/HwCHRWebMonitor( 4224): HwCHRWifiUIDWebSpeed [appName=com.android.browser UID=10002  WEBSENDSEGS=16  WEBRESENDSEGS=0  WEBRECVSEGS=12  WEBERRSEGS=0  WEBOUTRSTS=0  WEBESTABLISRST=0  WEBRTTDURATION=70  WEBRTTSEGS=8  WEBSNDDUPACKS=0  suckTimes=0 recovage_times=0]
06-01 17:53:47.047 E/HwCHRWebMonitor( 4224): HwCHRWifiUIDWebSpeed [appName=com.tencent.qqpinyin UID=10236  WEBSENDSEGS=6  WEBRESENDSEGS=1  WEBRECVSEGS=3  WEBERRSEGS=0  WEBOUTRSTS=0  WEBESTABLISRST=0  WEBRTTDURATION=1  WEBRTTSEGS=1  WEBSNDDUPACKS=0  suckTimes=0 recovage_times=0]
06-01 17:53:47.047 E/HwCHRWebMonitor( 4224): WebMonitor [mNetWorkIsSuck=false mUIDIsSuck=]  WebSpeed [WEBSENDSEGS=3681  WEBRESENDSEGS=1162  WEBRECVSEGS=1716  WEBERRSEGS=0  WEBOUTRSTS=4  WEBESTABLISRST=0  WEBRTTDURATION=14299  WEBRTTSEGS=898  WEBSRTT=195  WEBSNDDUPACKS=0  SENDSEGS=0  RESENDSEGS=0  RECVSEGS=0  ERRSEGS=0  OUTRSTS=0  ESTABLISRST=0  RTTDURATION=0  RTTSEGS=0  SNDDUPACKS=0  suckTimes=0 recovage_times=0]
06-01 17:53:47.152 I/System  (18198): core_booster, getBoosterConfig = false
06-01 17:53:49.315 E/WifiConfigStore( 4224): updateConfiguration freq=2437 BSSID=14:75:90:c3:bb:9c RSSI=-56 "XYSK"WPA_PSK
06-01 17:53:51.037 E/Thermal-daemon( 3731): [flash_led] temp_new :47  temp_old :46
06-01 17:53:51.037 E/Thermal-daemon( 3731): Report temperature: [flash_led] temp :47  report_threshold:1
06-01 17:53:52.044 E/HwCHRWebMonitor( 4224): running processNamecom.tanyu.flcdhy.samsung
06-01 17:53:52.045 E/HwCHRWebMonitor( 4224): HwCHRWifiUIDWebSpeed [appName=com.qihoo360.mobilesafe UID=10199  WEBSENDSEGS=12  WEBRESENDSEGS=1  WEBRECVSEGS=8  WEBERRSEGS=0  WEBOUTRSTS=0  WEBESTABLISRST=0  WEBRTTDURATION=8  WEBRTTSEGS=2  WEBSNDDUPACKS=0  suckTimes=0 recovage_times=1]
06-01 17:53:52.046 E/HwCHRWebMonitor( 4224): HwCHRWifiUIDWebSpeed [appName=com.tanyu.flcdhy.samsung UID=10265  WEBSENDSEGS=2  WEBRESENDSEGS=0  WEBRECVSEGS=1  WEBERRSEGS=0  WEBOUTRSTS=0  WEBESTABLISRST=0  WEBRTTDURATION=3  WEBRTTSEGS=1  WEBSNDDUPACKS=0  suckTimes=0 recovage_times=1]
06-01 17:53:52.046 E/HwCHRWebMonitor( 4224): WebMonitor [mNetWorkIsSuck=false mUIDIsSuck=]  WebSpeed [WEBSENDSEGS=17  WEBRESENDSEGS=1  WEBRECVSEGS=11  WEBERRSEGS=0  WEBOUTRSTS=0  WEBESTABLISRST=0  WEBRTTDURATION=18  WEBRTTSEGS=5  WEBSRTT=130  WEBSNDDUPACKS=0  SENDSEGS=0  RESENDSEGS=0  RECVSEGS=0  ERRSEGS=0  OUTRSTS=0  ESTABLISRST=0  RTTDURATION=0  RTTSEGS=0  SNDDUPACKS=0  suckTimes=0 recovage_times=1]
06-01 17:53:52.331 E/WifiConfigStore( 4224): updateConfiguration freq=2437 BSSID=14:75:90:c3:bb:9c RSSI=-56 "XYSK"WPA_PSK
06-01 17:53:53.689 I/Unity   (26355): One Atlas has been destroyed. selectRoleAtlas
06-01 17:53:53.689 I/Unity   (26355):  
06-01 17:53:53.689 I/Unity   (26355): (Filename: ./artifacts/AndroidManagedGenerated/UnityEngineDebug.cpp Line: 56)
06-01 17:53:53.689 I/Unity   (26355): 
06-01 17:53:55.172 I/Unity   (26355): One Atlas has been destroyed. NewLoginAtlas
06-01 17:53:55.172 I/Unity   (26355):  
06-01 17:53:55.172 I/Unity   (26355): (Filename: ./artifacts/AndroidManagedGenerated/UnityEngineDebug.cpp Line: 56)
06-01 17:53:55.172 I/Unity   (26355): 
06-01 17:53:55.174 I/Unity   (26355): One Atlas has been destroyed. Loading
06-01 17:53:55.174 I/Unity   (26355):  
06-01 17:53:55.174 I/Unity   (26355): (Filename: ./artifacts/AndroidManagedGenerated/UnityEngineDebug.cpp Line: 56)
06-01 17:53:55.174 I/Unity   (26355): 
06-01 17:53:55.352 E/WifiConfigStore( 4224): updateConfiguration freq=2437 BSSID=14:75:90:c3:bb:9c RSSI=-54 "XYSK"WPA_PSK
06-01 17:53:56.038 E/Thermal-daemon( 3731): [pa_0] temp_new :43  temp_old :42
06-01 17:53:56.039 E/Thermal-daemon( 3731): Report temperature: [pa_0] temp :43  report_threshold:1
06-01 17:53:57.122 W/Unity   (26355):  scene : PalaceScene  is not BattleScene!
06-01 17:53:57.122 W/Unity   (26355):  
06-01 17:53:57.122 W/Unity   (26355): (Filename: ./artifacts/AndroidManagedGenerated/UnityEngineDebug.cpp Line: 56)
06-01 17:53:57.122 W/Unity   (26355): 
06-01 17:53:58.096 I/HwPowerMonitor.PowerExceptionObservable( 5948): unhandled onEvent actionID: 3002
06-01 17:53:58.103 I/HwPowerMonitor.DayActObserver( 5948): in PowerMonitorHandler, will handle msg.what = battery_changed, Utils.isCharging() = false
06-01 17:53:58.373 E/WifiConfigStore( 4224): updateConfiguration freq=2437 BSSID=14:75:90:c3:bb:9c RSSI=-53 "XYSK"WPA_PSK
06-01 17:53:58.570 W/Unity   (26355):  scene : PalaceScene  is not BattleScene!
06-01 17:53:58.570 W/Unity   (26355):  
06-01 17:53:58.570 W/Unity   (26355): (Filename: ./artifacts/AndroidManagedGenerated/UnityEngineDebug.cpp Line: 56)
06-01 17:53:58.570 W/Unity   (26355): 
06-01 17:54:00.004 I/TimeManager( 4674): receiver action = android.intent.action.TIME_TICK
06-01 17:54:00.011 I/HwLauncher( 5976): Model  onReceive intent=Intent { act=android.intent.action.TIME_TICK flg=0x50000014 (has extras) }
06-01 17:54:00.011 I/HwLauncher( 5976): Model  onReceive user=UserHandle{0}
06-01 17:54:00.026 I/TotemWeather( 5976): CityTimeView CityTimeView mCurrentViewMode = 10141
06-01 17:54:00.056 I/TotemWeather( 5976): CityTimeFormatView CityTimeFormatView setTimeFormat is24Hour=true,timeFormat=
06-01 17:54:00.057 I/TotemWeather( 5976): DateTimeManager send message delay millis = 60943 ms
06-01 17:54:00.136 W/ContextImpl(26812): Implicit intents with startService are not safe: Intent { act=com.qihoo360.mobilesafe.service.WIFIEXAM } android.content.ContextWrapper.stopService:586 com.qihoo360.mobilesafe.ui.index.MobileSafeApplication.stopService:1478 android.content.ContextWrapper.stopService:586 
06-01 17:54:00.138 I/Process (26812): Sending signal. PID: 26812 SIG: 9
06-01 17:54:00.140 I/PgedBinderListener( 5919): kstate callback type:8 value1=26812 value2=KILLED
06-01 17:54:00.140 I/ash     ( 5919): com.qihoo360.mobilesafe { doze duration=3119000 } transition to: running, reason:proc_exit	F	-1
06-01 17:54:00.150 I/ash     ( 5919): removePeriodAdjustAlarms >> com.qihoo360.mobilesafe
06-01 17:54:00.151 I/ash     ( 5919): app:com.qihoo360.mobilesafe proc exit:28
06-01 17:54:00.229 E/HsmCoreServiceImpl( 4224): onTransact in code is: 102
06-01 17:54:00.229 I/MediaProcessHandler( 4224): processOp opType: 1, uid: 10199, pid: 26812
06-01 17:54:00.229 W/MediaProcessHandler( 4224): remove target not exist, maybe the UI process: uid: 10199, pid: 26812
06-01 17:54:01.043 E/Thermal-daemon( 3731): [pa_0] temp_new :42  temp_old :43
06-01 17:54:01.043 E/Thermal-daemon( 3731): Report temperature: [pa_0] temp :42  report_threshold:1
06-01 17:54:01.391 E/WifiConfigStore( 4224): updateConfiguration freq=2437 BSSID=14:75:90:c3:bb:9c RSSI=-54 "XYSK"WPA_PSK
06-01 17:54:02.271 I/ash     ( 5919): com.baidu.searchbox { running duration=20033 } transition to: doze, reason:null
06-01 17:54:02.275 I/ash     ( 5919): has widget app: com.baidu.searchbox
06-01 17:54:02.275 I/ash     ( 5919): doze processVisibleApp, package name = com.baidu.searchbox, visible = false
06-01 17:54:02.276 I/ash     ( 5919): com.baidu.searchbox delayToHibernation :30000
06-01 17:54:04.408 E/WifiConfigStore( 4224): updateConfiguration freq=2437 BSSID=14:75:90:c3:bb:9c RSSI=-55 "XYSK"WPA_PSK
06-01 17:54:06.050 E/Thermal-daemon( 3731): [flash_led] temp_new :46  temp_old :47
06-01 17:54:06.050 E/Thermal-daemon( 3731): Report temperature: [flash_led] temp :46  report_threshold:1
06-01 17:54:07.206 W/AlarmManager( 4224): WAKEUP alarm trigger action = action.pfw.wakeup.timer elapsed = 25012016
06-01 17:54:07.210 W/AlarmManager( 4224): WAKEUP alarm trigger action = ALARM_ACTION(8968) elapsed = 25200000
06-01 17:54:07.236 I/ash     ( 5919): Application com.tencent.mm is im app and connected ok, delay to H!
06-01 17:54:07.236 I/ash     ( 5919): com.tencent.mm delayToHibernation :30000
06-01 17:54:07.423 E/WifiConfigStore( 4224): updateConfiguration freq=2437 BSSID=14:75:90:c3:bb:9c RSSI=-55 "XYSK"WPA_PSK
06-01 17:54:09.322 I/Unity   (26355): One Atlas has been destroyed. jierenwuAtlas
06-01 17:54:09.322 I/Unity   (26355):  
06-01 17:54:09.322 I/Unity   (26355): (Filename: ./artifacts/AndroidManagedGenerated/UnityEngineDebug.cpp Line: 56)
06-01 17:54:09.322 I/Unity   (26355): 
06-01 17:54:09.842 W/Unity   (26355):  scene : PalaceScene  is not BattleScene!
06-01 17:54:09.842 W/Unity   (26355):  
06-01 17:54:09.842 W/Unity   (26355): (Filename: ./artifacts/AndroidManagedGenerated/UnityEngineDebug.cpp Line: 56)
06-01 17:54:09.842 W/Unity   (26355): 
06-01 17:54:10.437 E/WifiConfigStore( 4224): updateConfiguration freq=2437 BSSID=14:75:90:c3:bb:9c RSSI=-55 "XYSK"WPA_PSK
06-01 17:54:11.056 E/Thermal-daemon( 3731): [ap] temp_new :50  temp_old :51
06-01 17:54:11.056 E/Thermal-daemon( 3731): Report temperature: [ap] temp :50  report_threshold:1
06-01 17:54:11.144 W/Unity   (26355):  scene : PalaceScene  is not BattleScene!
06-01 17:54:11.144 W/Unity   (26355):  
06-01 17:54:11.144 W/Unity   (26355): (Filename: ./artifacts/AndroidManagedGenerated/UnityEngineDebug.cpp Line: 56)
06-01 17:54:11.144 W/Unity   (26355): 
06-01 17:54:12.560 I/Unity   (26355): submitQuestOk id: 90000
06-01 17:54:12.560 I/Unity   (26355):  
06-01 17:54:12.560 I/Unity   (26355): (Filename: ./artifacts/AndroidManagedGenerated/UnityEngineDebug.cpp Line: 56)
06-01 17:54:12.560 I/Unity   (26355): 
06-01 17:54:13.458 E/WifiConfigStore( 4224): updateConfiguration freq=2437 BSSID=14:75:90:c3:bb:9c RSSI=-55 "XYSK"WPA_PSK
06-01 17:54:16.439 I/HwPowerMonitor.PowerExceptionObservable( 5948): unhandled onEvent actionID: 3002
06-01 17:54:16.439 I/HwPowerMonitor.DayActObserver( 5948): in PowerMonitorHandler, will handle msg.what = battery_changed, Utils.isCharging() = false
06-01 17:54:16.473 E/WifiConfigStore( 4224): updateConfiguration freq=2437 BSSID=14:75:90:c3:bb:9c RSSI=-54 "XYSK"WPA_PSK
06-01 17:54:19.492 E/WifiConfigStore( 4224): updateConfiguration freq=2437 BSSID=14:75:90:c3:bb:9c RSSI=-54 "XYSK"WPA_PSK
06-01 17:54:20.181 I/ash     ( 5919): com.qihoo360.mobilesafe { running duration=20031 } transition to: doze, reason:null
06-01 17:54:20.187 I/ash     ( 5919): periodAdjustAlarms >> com.qihoo360.mobilesafe interval : 300000
06-01 17:54:20.188 I/ash     ( 5919): doze processVisibleApp, package name = com.qihoo360.mobilesafe, visible = false
06-01 17:54:20.188 I/ash     ( 5919): com.qihoo360.mobilesafe delayToHibernation :30000
06-01 17:54:20.539 W/Unity   (26355):  scene : PalaceScene  is not BattleScene!
06-01 17:54:20.539 W/Unity   (26355):  
06-01 17:54:20.539 W/Unity   (26355): (Filename: ./artifacts/AndroidManagedGenerated/UnityEngineDebug.cpp Line: 56)
06-01 17:54:20.539 W/Unity   (26355): 
06-01 17:54:22.512 E/WifiConfigStore( 4224): updateConfiguration freq=2437 BSSID=14:75:90:c3:bb:9c RSSI=-52 "XYSK"WPA_PSK
06-01 17:54:22.714 I/SendBroadcastPermission(26355): action:huawei.intent.action.APS_UPDATE_DATA_ACTION, mPermissionType:0
06-01 17:54:25.530 E/WifiConfigStore( 4224): updateConfiguration freq=2437 BSSID=14:75:90:c3:bb:9c RSSI=-53 "XYSK"WPA_PSK
06-01 17:54:28.551 E/WifiConfigStore( 4224): updateConfiguration freq=2437 BSSID=14:75:90:c3:bb:9c RSSI=-54 "XYSK"WPA_PSK
06-01 17:54:31.069 E/Thermal-daemon( 3731): [pa_0] temp_new :43  temp_old :42
06-01 17:54:31.069 E/Thermal-daemon( 3731): Report temperature: [pa_0] temp :43  report_threshold:1
06-01 17:54:31.577 E/WifiConfigStore( 4224): updateConfiguration freq=2437 BSSID=14:75:90:c3:bb:9c RSSI=-55 "XYSK"WPA_PSK
06-01 17:54:32.337 I/ash     ( 5919): has widget app: com.baidu.searchbox
06-01 17:54:32.338 I/ash     ( 5919): Application com.baidu.searchbox has active app widget, delay to H!
06-01 17:54:32.338 I/ash     ( 5919): com.baidu.searchbox delayToHibernation :30000
06-01 17:54:34.603 E/WifiConfigStore( 4224): updateConfiguration freq=2437 BSSID=14:75:90:c3:bb:9c RSSI=-54 "XYSK"WPA_PSK
06-01 17:54:37.262 I/ash     ( 5919): Application com.tencent.mm is im app and connected ok, delay to H!
06-01 17:54:37.262 I/ash     ( 5919): com.tencent.mm delayToHibernation :30000
06-01 17:54:37.616 E/WifiConfigStore( 4224): updateConfiguration freq=2437 BSSID=14:75:90:c3:bb:9c RSSI=-54 "XYSK"WPA_PSK
06-01 17:54:40.637 E/WifiConfigStore( 4224): updateConfiguration freq=2437 BSSID=14:75:90:c3:bb:9c RSSI=-54 "XYSK"WPA_PSK
06-01 17:54:41.084 E/Thermal-daemon( 3731): [ap] temp_new :49  temp_old :50
06-01 17:54:41.084 E/Thermal-daemon( 3731): Report temperature: [ap] temp :49  report_threshold:1
06-01 17:54:43.655 E/WifiConfigStore( 4224): updateConfiguration freq=2437 BSSID=14:75:90:c3:bb:9c RSSI=-54 "XYSK"WPA_PSK
06-01 17:54:46.085 E/Thermal-daemon( 3731): [pa_0] temp_new :42  temp_old :43
06-01 17:54:46.085 E/Thermal-daemon( 3731): Report temperature: [pa_0] temp :42  report_threshold:1
06-01 17:54:46.674 E/WifiConfigStore( 4224): updateConfiguration freq=2437 BSSID=14:75:90:c3:bb:9c RSSI=-53 "XYSK"WPA_PSK
06-01 17:54:49.692 E/WifiConfigStore( 4224): updateConfiguration freq=2437 BSSID=14:75:90:c3:bb:9c RSSI=-53 "XYSK"WPA_PSK
06-01 17:54:50.254 I/ash     ( 5919): Application com.qihoo360.mobilesafe has active sensor, delay to H!
06-01 17:54:50.254 I/ash     ( 5919): com.qihoo360.mobilesafe delayToHibernation :30000
06-01 17:54:51.092 E/Thermal-daemon( 3731): [ap] temp_new :50  temp_old :49
06-01 17:54:51.093 E/Thermal-daemon( 3731): Report temperature: [ap] temp :50  report_threshold:1
06-01 17:54:52.713 E/WifiConfigStore( 4224): updateConfiguration freq=2437 BSSID=14:75:90:c3:bb:9c RSSI=-53 "XYSK"WPA_PSK
06-01 17:54:55.730 E/WifiConfigStore( 4224): updateConfiguration freq=2437 BSSID=14:75:90:c3:bb:9c RSSI=-53 "XYSK"WPA_PSK
06-01 17:54:58.748 E/WifiConfigStore( 4224): updateConfiguration freq=2437 BSSID=14:75:90:c3:bb:9c RSSI=-54 "XYSK"WPA_PSK
06-01 17:55:00.005 I/TimeManager( 4674): receiver action = android.intent.action.TIME_TICK
06-01 17:55:00.011 I/HwLauncher( 5976): Model  onReceive intent=Intent { act=android.intent.action.TIME_TICK flg=0x50000014 (has extras) }
06-01 17:55:00.011 I/HwLauncher( 5976): Model  onReceive user=UserHandle{0}
06-01 17:55:00.026 I/TotemWeather( 5976): CityTimeView CityTimeView mCurrentViewMode = 10141
06-01 17:55:00.073 I/TotemWeather( 5976): CityTimeFormatView CityTimeFormatView setTimeFormat is24Hour=true,timeFormat=
06-01 17:55:00.074 I/TotemWeather( 5976): DateTimeManager send message delay millis = 60926 ms
06-01 17:55:01.097 E/Thermal-daemon( 3731): [pa_0] temp_new :43  temp_old :42
06-01 17:55:01.098 E/Thermal-daemon( 3731): Report temperature: [pa_0] temp :43  report_threshold:1
06-01 17:55:01.754 E/WifiConfigStore( 4224): updateConfiguration freq=2437 BSSID=14:75:90:c3:bb:9c RSSI=-55 "XYSK"WPA_PSK
06-01 17:55:02.398 I/ash     ( 5919): has widget app: com.baidu.searchbox
06-01 17:55:02.398 I/ash     ( 5919): Application com.baidu.searchbox has active app widget, delay to H!
06-01 17:55:02.399 I/ash     ( 5919): com.baidu.searchbox delayToHibernation :30000
06-01 17:55:04.771 E/WifiConfigStore( 4224): updateConfiguration freq=2437 BSSID=14:75:90:c3:bb:9c RSSI=-56 "XYSK"WPA_PSK
06-01 17:55:06.106 E/Thermal-daemon( 3731): [ap] temp_new :49  temp_old :50
06-01 17:55:06.106 E/Thermal-daemon( 3731): Report temperature: [ap] temp :49  report_threshold:1
06-01 17:55:07.283 I/ash     ( 5919): Application com.tencent.mm is im app and connected ok, delay to H!
06-01 17:55:07.284 I/ash     ( 5919): com.tencent.mm delayToHibernation :30000
06-01 17:55:07.789 E/WifiConfigStore( 4224): updateConfiguration freq=2437 BSSID=14:75:90:c3:bb:9c RSSI=-55 "XYSK"WPA_PSK
06-01 17:55:10.812 E/WifiConfigStore( 4224): updateConfiguration freq=2437 BSSID=14:75:90:c3:bb:9c RSSI=-55 "XYSK"WPA_PSK
06-01 17:55:13.826 E/WifiConfigStore( 4224): updateConfiguration freq=2437 BSSID=14:75:90:c3:bb:9c RSSI=-56 "XYSK"WPA_PSK
06-01 17:55:16.111 E/Thermal-daemon( 3731): [pa_0] temp_new :42  temp_old :43
06-01 17:55:16.112 E/Thermal-daemon( 3731): Report temperature: [pa_0] temp :42  report_threshold:1
06-01 17:55:16.374 I/HwPowerMonitor.PowerExceptionObservable( 5948): unhandled onEvent actionID: 3002
06-01 17:55:16.374 I/HwPowerMonitor.DayActObserver( 5948): in PowerMonitorHandler, will handle msg.what = battery_changed, Utils.isCharging() = false
06-01 17:55:16.832 E/WifiConfigStore( 4224): updateConfiguration freq=2437 BSSID=14:75:90:c3:bb:9c RSSI=-56 "XYSK"WPA_PSK
06-01 17:55:19.005 W/PhoneInterfaceManager( 5933): shouldBlockLocation running ...
06-01 17:55:19.020 I/PhoneInterfaceManager( 5933): shouldBlockLocation  ret:false
06-01 17:55:19.042 W/PhoneInterfaceManager( 5933): shouldBlockLocation running ...
06-01 17:55:19.056 I/PhoneInterfaceManager( 5933): shouldBlockLocation  ret:false
06-01 17:55:19.116 I/System  (18198): core_booster, getBoosterConfig = false
06-01 17:55:19.153 I/System  (18198): core_booster, getBoosterConfig = false
06-01 17:55:19.855 E/WifiConfigStore( 4224): updateConfiguration freq=2437 BSSID=14:75:90:c3:bb:9c RSSI=-56 "XYSK"WPA_PSK
06-01 17:55:20.319 I/ash     ( 5919): Application com.qihoo360.mobilesafe has active sensor, delay to H!
06-01 17:55:20.319 I/ash     ( 5919): com.qihoo360.mobilesafe delayToHibernation :30000
06-01 17:55:21.115 E/Thermal-daemon( 3731): [pa_0] temp_new :43  temp_old :42
06-01 17:55:21.115 E/Thermal-daemon( 3731): Report temperature: [pa_0] temp :43  report_threshold:1
06-01 17:55:22.871 E/WifiConfigStore( 4224): updateConfiguration freq=2437 BSSID=14:75:90:c3:bb:9c RSSI=-55 "XYSK"WPA_PSK
06-01 17:55:25.892 E/WifiConfigStore( 4224): updateConfiguration freq=2437 BSSID=14:75:90:c3:bb:9c RSSI=-56 "XYSK"WPA_PSK
06-01 17:55:27.921 I/MsgPolicyThreshold( 5919): setThreshold,value:-1,actionId:267
06-01 17:55:27.922 I/MsgPolicyThreshold( 5919): write ok
06-01 17:55:28.150 W/Unity   (26355):  scene : PalaceScene  is not BattleScene!
06-01 17:55:28.150 W/Unity   (26355):  
06-01 17:55:28.150 W/Unity   (26355): (Filename: ./artifacts/AndroidManagedGenerated/UnityEngineDebug.cpp Line: 56)
06-01 17:55:28.150 W/Unity   (26355): 
06-01 17:55:28.423 I/MsgPolicyThreshold( 5919): setThreshold,value:15,actionId:233
06-01 17:55:28.423 I/MsgPolicyThreshold( 5919): write ok
06-01 17:55:28.458 I/MsgPolicyThreshold( 5919): setThreshold,value:-1,actionId:267
06-01 17:55:28.459 I/MsgPolicyThreshold( 5919): write ok
06-01 17:55:28.906 E/WifiConfigStore( 4224): updateConfiguration freq=2437 BSSID=14:75:90:c3:bb:9c RSSI=-57 "XYSK"WPA_PSK
06-01 17:55:28.959 I/MsgPolicyThreshold( 5919): setThreshold,value:15,actionId:233
06-01 17:55:28.959 I/MsgPolicyThreshold( 5919): write ok
06-01 17:55:29.096 I/MsgPolicyThreshold( 5919): setThreshold,value:-1,actionId:267
06-01 17:55:29.096 I/MsgPolicyThreshold( 5919): write ok
06-01 17:55:29.596 I/MsgPolicyThreshold( 5919): setThreshold,value:15,actionId:233
06-01 17:55:29.597 I/MsgPolicyThreshold( 5919): write ok
06-01 17:55:30.137 I/MsgPolicyThreshold( 5919): setThreshold,value:-1,actionId:267
06-01 17:55:30.138 I/MsgPolicyThreshold( 5919): write ok
06-01 17:55:30.638 I/MsgPolicyThreshold( 5919): setThreshold,value:15,actionId:233
06-01 17:55:30.638 I/MsgPolicyThreshold( 5919): write ok
06-01 17:55:30.713 I/Unity   (26355): submitQuestOk id: 90001
06-01 17:55:30.713 I/Unity   (26355):  
06-01 17:55:30.713 I/Unity   (26355): (Filename: ./artifacts/AndroidManagedGenerated/UnityEngineDebug.cpp Line: 56)
06-01 17:55:30.713 I/Unity   (26355): 
06-01 17:55:31.126 E/Thermal-daemon( 3731): [ap] temp_new :50  temp_old :49
06-01 17:55:31.126 E/Thermal-daemon( 3731): Report temperature: [ap] temp :50  report_threshold:1
06-01 17:55:31.919 E/WifiConfigStore( 4224): updateConfiguration freq=2437 BSSID=14:75:90:c3:bb:9c RSSI=-57 "XYSK"WPA_PSK
06-01 17:55:32.409 I/ash     ( 5919): has widget app: com.baidu.searchbox
06-01 17:55:32.409 I/ash     ( 5919): Application com.baidu.searchbox has active app widget, delay to H!
06-01 17:55:32.409 I/ash     ( 5919): com.baidu.searchbox delayToHibernation :30000
06-01 17:55:33.280 I/Unity   (26355): One Atlas has been destroyed. jierenwuAtlas
06-01 17:55:33.280 I/Unity   (26355):  
06-01 17:55:33.280 I/Unity   (26355): (Filename: ./artifacts/AndroidManagedGenerated/UnityEngineDebug.cpp Line: 56)
06-01 17:55:33.280 I/Unity   (26355): 
06-01 17:55:34.937 E/WifiConfigStore( 4224): updateConfiguration freq=2437 BSSID=14:75:90:c3:bb:9c RSSI=-58 "XYSK"WPA_PSK
06-01 17:55:36.130 E/Thermal-daemon( 3731): [ap] temp_new :49  temp_old :50
06-01 17:55:36.130 E/Thermal-daemon( 3731): Report temperature: [ap] temp :49  report_threshold:1
06-01 17:55:37.309 I/ash     ( 5919): Application com.tencent.mm is im app and connected ok, delay to H!
06-01 17:55:37.310 I/ash     ( 5919): com.tencent.mm delayToHibernation :30000
06-01 17:55:37.950 E/WifiConfigStore( 4224): updateConfiguration freq=2437 BSSID=14:75:90:c3:bb:9c RSSI=-58 "XYSK"WPA_PSK
06-01 17:55:40.692 I/MsgPolicyThreshold( 5919): setThreshold,value:-1,actionId:267
06-01 17:55:40.693 I/MsgPolicyThreshold( 5919): write ok
06-01 17:55:40.963 E/WifiConfigStore( 4224): updateConfiguration freq=2437 BSSID=14:75:90:c3:bb:9c RSSI=-58 "XYSK"WPA_PSK
06-01 17:55:41.131 E/Thermal-daemon( 3731): [pa_0] temp_new :42  temp_old :43
06-01 17:55:41.131 E/Thermal-daemon( 3731): Report temperature: [pa_0] temp :42  report_threshold:1
06-01 17:55:41.134 E/Thermal-daemon( 3731): [ap] temp_new :50  temp_old :49
06-01 17:55:41.134 E/Thermal-daemon( 3731): Report temperature: [ap] temp :50  report_threshold:1
06-01 17:55:41.193 I/MsgPolicyThreshold( 5919): setThreshold,value:15,actionId:233
06-01 17:55:41.194 I/MsgPolicyThreshold( 5919): write ok
06-01 17:55:43.977 E/WifiConfigStore( 4224): updateConfiguration freq=2437 BSSID=14:75:90:c3:bb:9c RSSI=-56 "XYSK"WPA_PSK
06-01 17:55:45.500 I/Unity   (26355): joinScene 2
06-01 17:55:45.500 I/Unity   (26355):  
06-01 17:55:45.500 I/Unity   (26355): (Filename: ./artifacts/AndroidManagedGenerated/UnityEngineDebug.cpp Line: 56)
06-01 17:55:45.500 I/Unity   (26355): 
06-01 17:55:46.137 E/Thermal-daemon( 3731): [flash_led] temp_new :47  temp_old :46
06-01 17:55:46.137 E/Thermal-daemon( 3731): Report temperature: [flash_led] temp :47  report_threshold:1
06-01 17:55:46.469 W/Unity   (26355):  scene : Village01  is not FbScene!
06-01 17:55:46.469 W/Unity   (26355):  
06-01 17:55:46.469 W/Unity   (26355): (Filename: ./artifacts/AndroidManagedGenerated/UnityEngineDebug.cpp Line: 56)
06-01 17:55:46.469 W/Unity   (26355): 
06-01 17:55:46.470 W/Unity   (26355):  scene : Village01  is not BattleScene!
06-01 17:55:46.470 W/Unity   (26355):  
06-01 17:55:46.470 W/Unity   (26355): (Filename: ./artifacts/AndroidManagedGenerated/UnityEngineDebug.cpp Line: 56)
06-01 17:55:46.470 W/Unity   (26355): 
06-01 17:55:46.994 E/WifiConfigStore( 4224): updateConfiguration freq=2437 BSSID=14:75:90:c3:bb:9c RSSI=-57 "XYSK"WPA_PSK
06-01 17:55:48.702 W/Unity   (26355):  scene : Village01  is not BattleScene!
06-01 17:55:48.702 W/Unity   (26355):  
