06-01 18:10:33.774 I/ash     ( 5919): has widget app: com.baidu.searchbox
06-01 18:10:33.774 I/ash     ( 5919): Application com.baidu.searchbox has active app widget, delay to H!
06-01 18:10:33.775 I/ash     ( 5919): com.baidu.searchbox delayToHibernation :30000
06-01 18:10:34.776 E/WifiConfigStore( 4224): updateConfiguration freq=2437 BSSID=14:75:90:c3:bb:9c RSSI=-56 "XYSK"WPA_PSK
06-01 18:10:37.801 E/WifiConfigStore( 4224): updateConfiguration freq=2437 BSSID=14:75:90:c3:bb:9c RSSI=-54 "XYSK"WPA_PSK
06-01 18:10:37.932 I/ash     ( 5919): Application com.tencent.mm is im app and connected ok, delay to H!
06-01 18:10:37.932 I/ash     ( 5919): com.tencent.mm delayToHibernation :30000
06-01 18:10:40.823 E/WifiConfigStore( 4224): updateConfiguration freq=2437 BSSID=14:75:90:c3:bb:9c RSSI=-52 "XYSK"WPA_PSK
06-01 18:10:43.837 E/WifiConfigStore( 4224): updateConfiguration freq=2437 BSSID=14:75:90:c3:bb:9c RSSI=-52 "XYSK"WPA_PSK
06-01 18:10:46.859 E/WifiConfigStore( 4224): updateConfiguration freq=2437 BSSID=14:75:90:c3:bb:9c RSSI=-52 "XYSK"WPA_PSK
06-01 18:10:49.876 E/WifiConfigStore( 4224): updateConfiguration freq=2437 BSSID=14:75:90:c3:bb:9c RSSI=-52 "XYSK"WPA_PSK
06-01 18:10:50.881 W/Unity   (26355):  scene : Village01  is not BattleScene!
06-01 18:10:50.881 W/Unity   (26355):  
06-01 18:10:50.881 W/Unity   (26355): (Filename: ./artifacts/AndroidManagedGenerated/UnityEngineDebug.cpp Line: 56)
06-01 18:10:50.881 W/Unity   (26355): 
06-01 18:10:50.971 I/MsgPolicyThreshold( 5919): setThreshold,value:-1,actionId:267
06-01 18:10:50.972 I/MsgPolicyThreshold( 5919): write ok
06-01 18:10:51.472 I/MsgPolicyThreshold( 5919): setThreshold,value:15,actionId:233
06-01 18:10:51.473 I/MsgPolicyThreshold( 5919): write ok
06-01 18:10:51.910 E/Thermal-daemon( 3731): [pa_0] temp_new :44  temp_old :43
06-01 18:10:51.910 E/Thermal-daemon( 3731): Report temperature: [pa_0] temp :44  report_threshold:1
06-01 18:10:51.912 E/Thermal-daemon( 3731): [flash_led] temp_new :48  temp_old :47
06-01 18:10:51.912 E/Thermal-daemon( 3731): Report temperature: [flash_led] temp :48  report_threshold:1
06-01 18:10:51.913 E/Thermal-daemon( 3731): [ap] temp_new :52  temp_old :51
06-01 18:10:51.913 E/Thermal-daemon( 3731): Report temperature: [ap] temp :52  report_threshold:1
06-01 18:10:51.917 I/ThermalStateManager( 5919): triggerLevel = 2, triggerAction :{gpu=288000000, lcd=0, threshold_down=900, bcurrent=500, threshold_up=1010, cpu_a15=806400, ucurrent=900, cpu=0}
06-01 18:10:51.917 I/ThermalStateManager( 5919): sensor name: cpu temperature: 52 , thermal action: gpu policy:288000000
06-01 18:10:51.917 I/ThermalStateManager( 5919): sensor name: cpu temperature: 52 , thermal action: threshold_down policy:900
06-01 18:10:51.918 I/ThermalStateManager( 5919): sensor name: cpu temperature: 52 , thermal action: bcurrent policy:500
06-01 18:10:51.918 I/ThermalStateManager( 5919): sensor name: cpu temperature: 52 , thermal action: threshold_up policy:1010
06-01 18:10:51.918 I/ThermalStateManager( 5919): sensor name: cpu temperature: 52 , thermal action: cpu_a15 policy:806400
06-01 18:10:52.020 W/SwitchManager( 5919): NoSuchMethod: IPowerManager setChargeHotLimit [int,int]
06-01 18:10:52.020 I/powergenie_jni( 5919): set charge limit 2: 500
06-01 18:10:52.043 I/ash     ( 5919): Application com.qihoo360.mobilesafe has active sensor, delay to H!
06-01 18:10:52.044 I/ash     ( 5919): com.qihoo360.mobilesafe delayToHibernation :30000
06-01 18:10:52.723 I/K3V3CpuGovernorPolicy( 5919): set thermal Hmp policy : 1010 , 900
06-01 18:10:52.892 E/WifiConfigStore( 4224): updateConfiguration freq=2437 BSSID=14:75:90:c3:bb:9c RSSI=-53 "XYSK"WPA_PSK
06-01 18:10:54.409 W/Unity   (26355):  scene : Village01  is not BattleScene!
06-01 18:10:54.409 W/Unity   (26355):  
06-01 18:10:54.409 W/Unity   (26355): (Filename: ./artifacts/AndroidManagedGenerated/UnityEngineDebug.cpp Line: 56)
06-01 18:10:54.409 W/Unity   (26355): 
06-01 18:10:55.906 E/WifiConfigStore( 4224): updateConfiguration freq=2437 BSSID=14:75:90:c3:bb:9c RSSI=-54 "XYSK"WPA_PSK
06-01 18:10:56.560 W/Unity   (26355):  scene : Village01  is not BattleScene!
06-01 18:10:56.560 W/Unity   (26355):  
06-01 18:10:56.560 W/Unity   (26355): (Filename: ./artifacts/AndroidManagedGenerated/UnityEngineDebug.cpp Line: 56)
06-01 18:10:56.560 W/Unity   (26355): 
06-01 18:10:56.914 E/Thermal-daemon( 3731): [pa_0] temp_new :43  temp_old :44
06-01 18:10:56.914 E/Thermal-daemon( 3731): Report temperature: [pa_0] temp :43  report_threshold:1
06-01 18:10:56.917 E/Thermal-daemon( 3731): [ap] temp_new :51  temp_old :52
06-01 18:10:56.917 E/Thermal-daemon( 3731): Report temperature: [ap] temp :51  report_threshold:1
06-01 18:10:57.805 W/Unity   (26355):  scene : AttackScene  is not FbScene!
06-01 18:10:57.805 W/Unity   (26355):  
06-01 18:10:57.805 W/Unity   (26355): (Filename: ./artifacts/AndroidManagedGenerated/UnityEngineDebug.cpp Line: 56)
06-01 18:10:57.805 W/Unity   (26355): 
06-01 18:10:57.958 I/Unity   (26355): One Atlas has been destroyed. jierenwuAtlas
06-01 18:10:57.958 I/Unity   (26355):  
06-01 18:10:57.958 I/Unity   (26355): (Filename: ./artifacts/AndroidManagedGenerated/UnityEngineDebug.cpp Line: 56)
06-01 18:10:57.958 I/Unity   (26355): 
06-01 18:10:58.922 E/WifiConfigStore( 4224): updateConfiguration freq=2437 BSSID=14:75:90:c3:bb:9c RSSI=-54 "XYSK"WPA_PSK
06-01 18:11:00.005 I/TimeManager( 4674): receiver action = android.intent.action.TIME_TICK
06-01 18:11:00.012 I/HwLauncher( 5976): Model  onReceive intent=Intent { act=android.intent.action.TIME_TICK flg=0x50000014 (has extras) }
06-01 18:11:00.012 I/HwLauncher( 5976): Model  onReceive user=UserHandle{0}
06-01 18:11:00.031 I/TotemWeather( 5976): CityTimeView CityTimeView mCurrentViewMode = 10141
06-01 18:11:00.058 I/TotemWeather( 5976): CityTimeFormatView CityTimeFormatView setTimeFormat is24Hour=true,timeFormat=
06-01 18:11:00.060 I/TotemWeather( 5976): DateTimeManager send message delay millis = 60940 ms
06-01 18:11:00.544 E/Unity   (26355): The unity3d file is not a valid asset bundle.
06-01 18:11:00.544 E/Unity   (26355):  
06-01 18:11:00.544 E/Unity   (26355): (Filename:  Line: 291)
06-01 18:11:00.544 E/Unity   (26355): 
06-01 18:11:01.449 I/Unity   (26355): One Atlas has been destroyed. helpAtlas
06-01 18:11:01.449 I/Unity   (26355):  
06-01 18:11:01.449 I/Unity   (26355): (Filename: ./artifacts/AndroidManagedGenerated/UnityEngineDebug.cpp Line: 56)
06-01 18:11:01.449 I/Unity   (26355): 
06-01 18:11:01.918 E/Thermal-daemon( 3731): [pa_0] temp_new :44  temp_old :43
06-01 18:11:01.918 E/Thermal-daemon( 3731): Report temperature: [pa_0] temp :44  report_threshold:1
06-01 18:11:01.920 E/Thermal-daemon( 3731): [flash_led] temp_new :47  temp_old :48
06-01 18:11:01.920 E/Thermal-daemon( 3731): Report temperature: [flash_led] temp :47  report_threshold:1
06-01 18:11:01.921 E/Thermal-daemon( 3731): [ap] temp_new :50  temp_old :51
06-01 18:11:01.921 E/Thermal-daemon( 3731): Report temperature: [ap] temp :50  report_threshold:1
06-01 18:11:01.923 I/ThermalStateManager( 5919): triggerLevel = 1, triggerAction :{gpu=360000000, lcd=0, threshold_down=0, bcurrent=0, threshold_up=0, cpu_a15=1209600, ucurrent=900, cpu=0}
06-01 18:11:01.923 I/ThermalStateManager( 5919): sensor name: cpu temperature: 50 , thermal action: gpu policy:360000000
06-01 18:11:01.923 I/ThermalStateManager( 5919): sensor name: cpu temperature: 50 , thermal action: threshold_down policy:0
06-01 18:11:01.923 I/ThermalStateManager( 5919): sensor name: cpu temperature: 50 , thermal action: bcurrent policy:0
06-01 18:11:01.923 I/ThermalStateManager( 5919): sensor name: cpu temperature: 50 , thermal action: threshold_up policy:0
06-01 18:11:01.923 I/ThermalStateManager( 5919): sensor name: cpu temperature: 50 , thermal action: cpu_a15 policy:1209600
06-01 18:11:01.923 I/ThermalStateManager( 5919): not config low temperature policy, not to handle.
06-01 18:11:01.940 E/WifiConfigStore( 4224): updateConfiguration freq=2437 BSSID=14:75:90:c3:bb:9c RSSI=-54 "XYSK"WPA_PSK
06-01 18:11:02.025 W/SwitchManager( 5919): NoSuchMethod: IPowerManager setChargeHotLimit [int,int]
06-01 18:11:02.025 I/powergenie_jni( 5919): set charge limit 2: 0
06-01 18:11:02.728 I/K3V3CpuGovernorPolicy( 5919): close previously thermal Hmp policy : 1010 , 900
06-01 18:11:03.784 I/ash     ( 5919): has widget app: com.baidu.searchbox
06-01 18:11:03.784 I/ash     ( 5919): Application com.baidu.searchbox has active app widget, delay to H!
06-01 18:11:03.784 I/ash     ( 5919): com.baidu.searchbox delayToHibernation :30000
06-01 18:11:04.357 I/art     (26355): Background partial concurrent mark sweep GC freed 244886(11MB) AllocSpace objects, 36(1244KB) LOS objects, 39% free, 20MB/33MB, paused 2.621ms total 284.925ms
06-01 18:11:04.962 E/WifiConfigStore( 4224): updateConfiguration freq=2437 BSSID=14:75:90:c3:bb:9c RSSI=-54 "XYSK"WPA_PSK
06-01 18:11:06.804 I/PhoneStepDataManager(23479): 10126310|REPORT_TIMES_PRIVATE=0,REPORT_TIMES_STANDARD=0
06-01 18:11:06.926 E/Thermal-daemon( 3731): [ap] temp_new :51  temp_old :50
06-01 18:11:06.926 E/Thermal-daemon( 3731): Report temperature: [ap] temp :51  report_threshold:1
06-01 18:11:07.949 I/ash     ( 5919): Application com.tencent.mm is im app and connected ok, delay to H!
06-01 18:11:07.949 I/ash     ( 5919): com.tencent.mm delayToHibernation :30000
06-01 18:11:07.976 E/WifiConfigStore( 4224): updateConfiguration freq=2437 BSSID=14:75:90:c3:bb:9c RSSI=-56 "XYSK"WPA_PSK
06-01 18:11:08.290 I/HwPowerMonitor.PowerExceptionObservable( 5948): unhandled onEvent actionID: 3002
06-01 18:11:08.303 I/HwPowerMonitor.DayActObserver( 5948): in PowerMonitorHandler, will handle msg.what = battery_changed, Utils.isCharging() = false
06-01 18:11:10.397 I/Unity   (26355): One Atlas has been destroyed. chengjiuAtlas
06-01 18:11:10.397 I/Unity   (26355):  
06-01 18:11:10.397 I/Unity   (26355): (Filename: ./artifacts/AndroidManagedGenerated/UnityEngineDebug.cpp Line: 56)
06-01 18:11:10.397 I/Unity   (26355): 
06-01 18:11:10.399 I/Unity   (26355): One Atlas has been destroyed. Profession
06-01 18:11:10.399 I/Unity   (26355):  
06-01 18:11:10.399 I/Unity   (26355): (Filename: ./artifacts/AndroidManagedGenerated/UnityEngineDebug.cpp Line: 56)
06-01 18:11:10.399 I/Unity   (26355): 
06-01 18:11:10.401 I/Unity   (26355): One Atlas has been destroyed. SceneNameAtlas
06-01 18:11:10.401 I/Unity   (26355):  
06-01 18:11:10.401 I/Unity   (26355): (Filename: ./artifacts/AndroidManagedGenerated/UnityEngineDebug.cpp Line: 56)
06-01 18:11:10.401 I/Unity   (26355): 
06-01 18:11:10.401 I/Unity   (26355): One Atlas has been destroyed. xitongAtlas
06-01 18:11:10.401 I/Unity   (26355):  
06-01 18:11:10.401 I/Unity   (26355): (Filename: ./artifacts/AndroidManagedGenerated/UnityEngineDebug.cpp Line: 56)
06-01 18:11:10.401 I/Unity   (26355): 
06-01 18:11:10.405 I/Unity   (26355): One Atlas has been destroyed. zhujiemianrenwuAtlas
06-01 18:11:10.405 I/Unity   (26355):  
06-01 18:11:10.405 I/Unity   (26355): (Filename: ./artifacts/AndroidManagedGenerated/UnityEngineDebug.cpp Line: 56)
06-01 18:11:10.405 I/Unity   (26355): 
06-01 18:11:10.997 E/WifiConfigStore( 4224): updateConfiguration freq=2437 BSSID=14:75:90:c3:bb:9c RSSI=-57 "XYSK"WPA_PSK
06-01 18:11:11.927 E/Thermal-daemon( 3731): [pa_0] temp_new :43  temp_old :44
06-01 18:11:11.927 E/Thermal-daemon( 3731): Report temperature: [pa_0] temp :43  report_threshold:1
06-01 18:11:14.019 E/WifiConfigStore( 4224): updateConfiguration freq=2437 BSSID=14:75:90:c3:bb:9c RSSI=-54 "XYSK"WPA_PSK
06-01 18:11:16.931 E/Thermal-daemon( 3731): [pa_0] temp_new :44  temp_old :43
06-01 18:11:16.931 E/Thermal-daemon( 3731): Report temperature: [pa_0] temp :44  report_threshold:1
06-01 18:11:17.046 E/WifiConfigStore( 4224): updateConfiguration freq=2437 BSSID=14:75:90:c3:bb:9c RSSI=-55 "XYSK"WPA_PSK
06-01 18:11:20.069 E/WifiConfigStore( 4224): updateConfiguration freq=2437 BSSID=14:75:90:c3:bb:9c RSSI=-57 "XYSK"WPA_PSK
06-01 18:11:22.113 I/ash     ( 5919): Application com.qihoo360.mobilesafe has active sensor, delay to H!
06-01 18:11:22.113 I/ash     ( 5919): com.qihoo360.mobilesafe delayToHibernation :30000
06-01 18:11:23.083 E/WifiConfigStore( 4224): updateConfiguration freq=2437 BSSID=14:75:90:c3:bb:9c RSSI=-57 "XYSK"WPA_PSK
06-01 18:11:26.102 E/WifiConfigStore( 4224): updateConfiguration freq=2437 BSSID=14:75:90:c3:bb:9c RSSI=-54 "XYSK"WPA_PSK
06-01 18:11:26.939 E/Thermal-daemon( 3731): [pa_0] temp_new :43  temp_old :44
06-01 18:11:26.939 E/Thermal-daemon( 3731): Report temperature: [pa_0] temp :43  report_threshold:1
06-01 18:11:29.192 E/WifiConfigStore( 4224): updateConfiguration freq=2437 BSSID=14:75:90:c3:bb:9c RSSI=-52 "XYSK"WPA_PSK
06-01 18:11:32.218 E/WifiConfigStore( 4224): updateConfiguration freq=2437 BSSID=14:75:90:c3:bb:9c RSSI=-51 "XYSK"WPA_PSK
06-01 18:11:33.844 I/ash     ( 5919): has widget app: com.baidu.searchbox
06-01 18:11:33.845 I/ash     ( 5919): Application com.baidu.searchbox has active app widget, delay to H!
06-01 18:11:33.845 I/ash     ( 5919): com.baidu.searchbox delayToHibernation :30000
06-01 18:11:35.240 E/WifiConfigStore( 4224): updateConfiguration freq=2437 BSSID=14:75:90:c3:bb:9c RSSI=-49 "XYSK"WPA_PSK
06-01 18:11:37.971 I/ash     ( 5919): Application com.tencent.mm is im app and connected ok, delay to H!
06-01 18:11:37.971 I/ash     ( 5919): com.tencent.mm delayToHibernation :30000
06-01 18:11:38.263 E/WifiConfigStore( 4224): updateConfiguration freq=2437 BSSID=14:75:90:c3:bb:9c RSSI=-51 "XYSK"WPA_PSK
06-01 18:11:40.857 I/HwPowerMonitor.PowerExceptionObservable( 5948): unhandled onEvent actionID: 3002
06-01 18:11:40.860 I/HwPowerMonitor.DayActObserver( 5948): in PowerMonitorHandler, will handle msg.what = battery_changed, Utils.isCharging() = false
06-01 18:11:41.294 E/WifiConfigStore( 4224): updateConfiguration freq=2437 BSSID=14:75:90:c3:bb:9c RSSI=-53 "XYSK"WPA_PSK
06-01 18:11:44.317 E/WifiConfigStore( 4224): updateConfiguration freq=2437 BSSID=14:75:90:c3:bb:9c RSSI=-55 "XYSK"WPA_PSK
06-01 18:11:47.339 E/WifiConfigStore( 4224): updateConfiguration freq=2437 BSSID=14:75:90:c3:bb:9c RSSI=-53 "XYSK"WPA_PSK
06-01 18:11:50.000 I/[Gralloc]( 3716): alloc w[1080] h[1920] format[1] usage[2867]
06-01 18:11:50.002 I/[Gralloc]( 3716): alloc succ handle[0xb7e718d0] stride[1120]
06-01 18:11:50.003 I/[Gralloc]( 3716): alloc w[1080] h[1920] format[1] usage[3]
06-01 18:11:50.004 W/[Gralloc-Warning]( 3716): int gralloc_register_buffer(const gralloc_module_t*, buffer_handle_t):66 Registering handle 0xb7df6d88 coming from the same process: 3716.
06-01 18:11:50.015 I/[Gralloc]( 3716): alloc succ handle[0xb7da1950] stride[1120]
06-01 18:11:50.023 E/Parcel  ( 3970): Reading a NULL string not supported here.
06-01 18:11:50.024 E/Parcel  ( 3970): Reading a NULL string not supported here.
06-01 18:11:50.040 I/InputReader( 4224): Reconfiguring input devices.  changes=0x00000004
06-01 18:11:50.041 I/InputReader( 4224): Device reconfigured: id=2, name='huawei,touchscreen', size 1080x1920, orientation 3, mode 1, display id 0
06-01 18:11:50.353 E/WifiConfigStore( 4224): updateConfiguration freq=2437 BSSID=14:75:90:c3:bb:9c RSSI=-53 "XYSK"WPA_PSK
06-01 18:11:52.083 I/art     ( 4224): Starting a blocking GC Explicit
06-01 18:11:52.184 I/ash     ( 5919): Application com.qihoo360.mobilesafe has active sensor, delay to H!
06-01 18:11:52.184 I/ash     ( 5919): com.qihoo360.mobilesafe delayToHibernation :30000
06-01 18:11:52.400 I/SendBroadcastPermission( 4224): action:android.intent.action.ACTION_POWER_CONNECTED, mPermissionType:0
06-01 18:11:52.406 I/HwPFWLogger( 4224): AppAutoStartupPolicy:prevent start receiver of package com.huawei.gamebox for action android.intent.action.ACTION_POWER_CONNECTED
06-01 18:11:52.427 I/ash     ( 5919): stop saving power
06-01 18:11:52.427 I/ash     ( 5919): clear hibernation actions!
06-01 18:11:52.427 I/ash     ( 5919): No need to restore wakelock, app : com.example.android.notepad
06-01 18:11:52.427 I/HwPowerMonitor.PowerExceptionObservable( 5948): unhandled onEvent actionID: 3002
06-01 18:11:52.428 I/HwPowerMonitor.DayActObserver( 5948): in PowerMonitorHandler, will handle msg.what = battery_changed, Utils.isCharging() = true
06-01 18:11:52.483 I/PGManagerService( 4224): proxyWakeLockByPidUid, pid: 21640, uid: 10043, proxy: false
06-01 18:11:52.518 I/PhoneStateManager( 5919): power connected.
06-01 18:11:52.521 I/HwPowerMonitor.PowerExceptionObservable( 5948): unhandled onEvent actionID: 3007
06-01 18:11:52.522 I/HwPowerMonitor.DayActObserver( 5948): in PowerMonitorHandler, will handle msg.what = start_charging, Utils.isCharging() = true
06-01 18:11:52.524 I/HwPowerMonitor.DayActObserver( 5948): mStartPowerLevel = 33, mLastBatteryLevel = 33, mIsMonitoring = false
06-01 18:11:52.526 I/HwPowerMonitor.DayActObserver( 5948): start charging, mCurrentLevel = 13, mStartPowerLevel = 33, droped = 20, before add mAllAccPowerConsumeLevel = 67
06-01 18:11:52.527 I/HwPowerMonitor.DayActObserver( 5948): left start charging, mIsMonitoring = false, add consumed power = 20, after added, mAllAccPowerConsumeLevel = 87, begin to charge from 13
06-01 18:11:52.537 I/HwSystemManager( 5038): AutoCleanReceiveServer:receive action:android.intent.action.ACTION_POWER_CONNECTED
06-01 18:11:52.566 I/HwSystemManager( 5038): AutoCleanReceiveServer:telemamanger state isIdle:false
06-01 18:11:52.602 I/PGManagerAdapter( 5919): [unproxy] -> [ pid = 21640 uid = 10043]
06-01 18:11:52.602 I/ash     ( 5919): Unproxy wakelock uid = 10043 pid = 21640
06-01 18:11:52.604 I/HwSystemManager( 5038): AutoCleanReceiveServer:checkToStartCleanService, current is not screenoff, need not start clean service
06-01 18:11:52.619 I/art     ( 4224): Explicit concurrent mark sweep GC freed 151476(11MB) AllocSpace objects, 55(1716KB) LOS objects, 28% free, 40MB/56MB, paused 11.680ms total 535.424ms
06-01 18:11:52.646 E/HwSystemManager( 5038): ChargeInfo: doRecordsChargeInfo POWER_LEVEL_CONNECTED_USB_SET POWER_CHARGE_TIME =26265439 POWER_LEVEL_LAST_CAPACITY_RM = 587 chargeType =0
06-01 18:11:52.669 I/PgedBinderAdapter( 5919): doFreezeProcess [action:2] -> [[21640]]
06-01 18:11:52.669 I/PgedBinderAdapter( 5919): doFreezeProcess ok, action:2
06-01 18:11:52.672 I/ash     ( 5919): Unfreeze com.example.android.notepad OK !
06-01 18:11:52.673 I/PGManagerService( 4224): proxyBroadcast:[com.example.android.notepad] proxy:false
06-01 18:11:52.679 I/PGManagerAdapter( 5919): [unproxy] -> [[com.example.android.notepad]][0]
06-01 18:11:52.679 I/ash     ( 5919): unproxy com.example.android.notepad broadcast OK !
06-01 18:11:52.686 I/[Gralloc]( 3716): alloc w[16] h[16] format[1] usage[256]
06-01 18:11:52.687 I/[Gralloc]( 3716): alloc succ handle[0xb7dba8d8] stride[32]
06-01 18:11:52.689 E/linker  (27836): readlink('/proc/self/fd/21') failed: Permission denied [fd=21]
06-01 18:11:52.689 E/linker  (27836): warning: unable to get realpath for the library "/system/lib/hw/gralloc.hi3630.so". Will use given name.
06-01 18:11:52.695 E/linker  (27836): readlink('/proc/self/fd/21') failed: Permission denied [fd=21]
06-01 18:11:52.695 E/linker  (27836): warning: unable to get realpath for the library "libion.so". Will use given name.
06-01 18:11:52.709 I/SendBroadcastPermission( 4224): action:android.hardware.usb.action.USB_STATE, mPermissionType:0
06-01 18:11:52.711 I/SendBroadcastPermission( 4224): action:android.hardware.usb.action.USB_STATE, mPermissionType:0
06-01 18:11:52.712 I/HwPowerMonitor.DayActObserver( 5948): in mUsbConnectedIntentReceiver, mInitUSBConnState = true
06-01 18:11:52.721 I/HwPowerMonitor.DayActObserver( 5948): in mUsbConnectedIntentReceiver, mInitUSBConnState = true
06-01 18:11:52.736 I/ash     ( 5919): Unpending com.example.android.notepad alarm OK !
06-01 18:11:52.738 I/ash     ( 5919): unproxy app:com.example.android.notepad,uid:10043,result:true
06-01 18:11:52.740 I/ash     ( 5919): com.example.android.notepad { hibernation duration=3891545 } transition to: over, reason:stop
06-01 18:11:52.740 I/ash     ( 5919): clear hibernation actions!
06-01 18:11:52.740 I/ash     ( 5919): No need to restore wakelock, app : com.huawei.hidisk
06-01 18:11:52.742 I/PGManagerService( 4224): proxyWakeLockByPidUid, pid: 22142, uid: 10036, proxy: false
06-01 18:11:52.742 I/PGManagerAdapter( 5919): [unproxy] -> [ pid = 22142 uid = 10036]
06-01 18:11:52.742 I/ash     ( 5919): Unproxy wakelock uid = 10036 pid = 22142
06-01 18:11:52.746 E/HAL     (27836): load: id=gralloc != hmi->id=gralloc
06-01 18:11:52.785 I/MediaPlayer( 4224): setDataSource(235, 0, 576460752303423487)
06-01 18:11:52.787 I/PgedBinderAdapter( 5919): doFreezeProcess [action:2] -> [[22142]]
06-01 18:11:52.787 I/PgedBinderAdapter( 5919): doFreezeProcess ok, action:2
06-01 18:11:52.788 I/ash     ( 5919): Unfreeze com.huawei.hidisk OK !
06-01 18:11:52.795 I/PGManagerService( 4224): proxyBroadcast:[com.huawei.hidisk] proxy:false
06-01 18:11:52.798 I/MediaPlayerFactory( 3814): is mp3 file ret =  0
06-01 18:11:52.802 I/PGManagerAdapter( 5919): [unproxy] -> [[com.huawei.hidisk]][0]
06-01 18:11:52.803 I/ash     ( 5919): unproxy com.huawei.hidisk broadcast OK !
06-01 18:11:52.813 I/ash     ( 5919): Unpending com.huawei.hidisk alarm OK !
06-01 18:11:52.817 I/ash     ( 5919): unproxy app:com.huawei.hidisk,uid:10036,result:true
06-01 18:11:52.819 I/ash     ( 5919): com.huawei.hidisk { hibernation duration=4161657 } transition to: over, reason:stop
06-01 18:11:52.820 I/ash     ( 5919): clear hibernation actions!
06-01 18:11:52.820 I/ash     ( 5919): No need to restore wakelock, app : com.baidu.map.location
06-01 18:11:52.821 I/PGManagerService( 4224): proxyWakeLockByPidUid, pid: 5887, uid: 10102, proxy: false
06-01 18:11:52.821 I/PGManagerAdapter( 5919): [unproxy] -> [ pid = 5887 uid = 10102]
06-01 18:11:52.821 I/ash     ( 5919): Unproxy wakelock uid = 10102 pid = 5887
06-01 18:11:52.840 I/PgedBinderAdapter( 5919): doFreezeProcess [action:2] -> [[5887]]
06-01 18:11:52.840 I/PgedBinderAdapter( 5919): doFreezeProcess ok, action:2
06-01 18:11:52.849 I/ash     ( 5919): Unfreeze com.baidu.map.location OK !
06-01 18:11:52.851 I/PGManagerService( 4224): proxyBroadcast:[com.baidu.map.location] proxy:false
06-01 18:11:52.852 I/PGManagerAdapter( 5919): [unproxy] -> [[com.baidu.map.location]][0]
06-01 18:11:52.852 I/ash     ( 5919): unproxy com.baidu.map.location broadcast OK !
06-01 18:11:52.854 I/ash     ( 5919): Unpending com.baidu.map.location alarm OK !
06-01 18:11:52.857 I/ash     ( 5919): unproxy app:com.baidu.map.location,uid:10102,result:true
06-01 18:11:52.869 I/ash     ( 5919): com.baidu.map.location { hibernation duration=4161631 } transition to: over, reason:stop
06-01 18:11:52.871 I/ash     ( 5919): com.baidu.searchbox { doze duration=1070597 } transition to: over, reason:stop
06-01 18:11:52.872 W/PhoneInterfaceManager( 5933): shouldBlockLocation running ...
06-01 18:11:52.875 I/ash     ( 5919): removePeriodAdjustAlarms >> com.tencent.qqpinyin
06-01 18:11:52.879 I/ash     ( 5919): com.tencent.qqpinyin { doze duration=4191764 } transition to: over, reason:stop
06-01 18:11:52.883 I/ash     ( 5919): removePeriodAdjustAlarms >> com.tencent.mm
06-01 18:11:52.886 I/ash     ( 5919): com.tencent.mm { doze duration=4191722 } transition to: over, reason:stop
06-01 18:11:52.891 I/ash     ( 5919): com.tanyu.flcdhy.samsung { running duration=1559953 } transition to: over, reason:stop
06-01 18:11:52.892 I/ash     ( 5919): removePeriodAdjustAlarms >> com.qihoo360.mobilesafe
06-01 18:11:52.895 I/ash     ( 5919): com.qihoo360.mobilesafe { doze duration=1052709 } transition to: over, reason:stop
06-01 18:11:52.895 I/PhoneInterfaceManager( 5933): shouldBlockLocation  ret:false
06-01 18:11:52.958 I/MediaPlayer( 4224): [HSM] stayAwake false uid: 1000, pid: 4224
06-01 18:11:52.958 E/HsmCoreServiceImpl( 4224): onTransact in code is: 102
06-01 18:11:52.958 W/MediaProcessHandler( 4224): processOp uid 1000 is not concerned!
06-01 18:11:52.960 I/MediaPlayer( 4224): [HSM] stayAwake false uid: 1000, pid: 4224
06-01 18:11:52.960 E/HsmCoreServiceImpl( 4224): onTransact in code is: 102
06-01 18:11:52.961 W/MediaProcessHandler( 4224): processOp uid 1000 is not concerned!
06-01 18:11:52.961 I/Ringtone( 4224): setUri uri=content://media/internal/audio/media/376
06-01 18:11:52.983 I/MediaPlayer( 4224): setDataSource(235, 0, 576460752303423487)
06-01 18:11:52.984 I/MediaPlayerFactory( 3814): is mp3 file ret =  0
06-01 18:11:53.367 E/WifiConfigStore( 4224): updateConfiguration freq=2437 BSSID=14:75:90:c3:bb:9c RSSI=-55 "XYSK"WPA_PSK
06-01 18:11:53.432 I/HwSystemManager(21570): BootBroadcastReceiver:BootBroadcastReceiver action =android.intent.action.ACTION_POWER_CONNECTED
06-01 18:11:53.439 W/HwSystemManager(21570): BootBroadcastReceiver:No handler exist for registered action:android.intent.action.ACTION_POWER_CONNECTED
06-01 18:11:53.469 W/System.err( 4224): java.lang.SecurityException: WifiService: Neither user 10010 nor current process has android.permission.CHANGE_WIFI_STATE.
06-01 18:11:53.496 W/System.err( 4224): 	at android.app.ContextImpl.enforce(ContextImpl.java:1595)
06-01 18:11:53.496 W/System.err( 4224): 	at android.app.ContextImpl.enforceCallingOrSelfPermission(ContextImpl.java:1627)
06-01 18:11:53.496 W/System.err( 4224): 	at com.android.server.wifi.WifiServiceImpl.enforceChangePermission(WifiServiceImpl.java:671)
06-01 18:11:53.496 W/System.err( 4224): 	at com.android.server.wifi.WifiServiceImpl.getWifiServiceMessenger(WifiServiceImpl.java:1838)
06-01 18:11:53.497 W/System.err( 4224): 	at android.net.wifi.IWifiManager$Stub.onTransact(IWifiManager.java:558)
06-01 18:11:53.497 W/System.err( 4224): 	at com.android.server.wifi.HwWifiService.onTransact(HwWifiService.java:284)
06-01 18:11:53.497 W/System.err( 4224): 	at android.os.Binder.execTransact(Binder.java:453)
06-01 18:11:53.500 I/HwOUC   (23783): [main-1]PowerConnectedReceiver receive ACTION_POWER_CONNECTED intent(hwouc/PowerConnectedReceiver.java:30)
06-01 18:11:53.507 E/WifiManager(27836): WifiServiceMessenger == null
06-01 18:11:53.522 I/HwCust  (27836): Constructor found for class android.app.HwCustAlarmManagerImpl
06-01 18:11:53.542 I/HwOUC   (23783): [main-1]WifiAutoDownloadManageService onCreate()(hwouc/WifiAutoDownloadManageService.java:103)
06-01 18:11:53.544 W/Settings(23783): Setting device_provisioned has moved from android.provider.Settings.Secure to android.provider.Settings.Global.
06-01 18:11:53.546 I/HwOUC   (23783): [main-1]isStartupGuideFinished startupGuideStatus is 1(hwouc/HwOucUtility.java:3983)
06-01 18:11:53.546 I/HwOUC   (23783): [main-1]isStartupGuideFinished true(hwouc/HwOucUtility.java:3991)
06-01 18:11:53.549 I/HwOUC   (23783): [main-1]isVeritySupport verityBootMode is not_support;isVeritySupport is false(hwouc/HwOucUtility.java:4114)
06-01 18:11:53.550 I/HwOUC   (23783): [main-1]isAutoDownloadAvailable isFeatureSupport is true;isRootedByUser is false; isVeritySupport is false(hwouc/HwOucUtility.java:4142)
06-01 18:11:53.554 I/HwOucNative(23783): loadLibrary, library = hwouc_jni
06-01 18:11:53.562 I/HwOucNative(23783): isCheckScriptSupport
06-01 18:11:53.570 I/HwOUC   (23783): [main-1]isVerifyScriptSupport is true(hwouc/VerifyScriptFileUtil.java:112)
06-01 18:11:53.571 I/HwOUC   (23783): [main-1]isAutoDownloadAvailable isFileVerifiySupport is true(hwouc/HwOucUtility.java:4159)
06-01 18:11:53.571 I/HwOUC   (23783): [main-1]isAutoDownloadAvailable FileVerifiy Support or device not rooted, return true(hwouc/HwOucUtility.java:4161)
06-01 18:11:53.576 W/System.err( 4224): java.lang.SecurityException: WifiService: Neither user 10044 nor current process has android.permission.CHANGE_WIFI_STATE.
06-01 18:11:53.577 W/System.err( 4224): 	at android.app.ContextImpl.enforce(ContextImpl.java:1595)
06-01 18:11:53.577 W/System.err( 4224): 	at android.app.ContextImpl.enforceCallingOrSelfPermission(ContextImpl.java:1627)
06-01 18:11:53.577 W/System.err( 4224): 	at com.android.server.wifi.WifiServiceImpl.enforceChangePermission(WifiServiceImpl.java:671)
06-01 18:11:53.577 W/System.err( 4224): 	at com.android.server.wifi.WifiServiceImpl.getWifiServiceMessenger(WifiServiceImpl.java:1838)
06-01 18:11:53.577 W/System.err( 4224): 	at android.net.wifi.IWifiManager$Stub.onTransact(IWifiManager.java:558)
06-01 18:11:53.577 W/System.err( 4224): 	at com.android.server.wifi.HwWifiService.onTransact(HwWifiService.java:284)
06-01 18:11:53.577 W/System.err( 4224): 	at android.os.Binder.execTransact(Binder.java:453)
06-01 18:11:53.577 E/WifiManager(23783): WifiServiceMessenger == null
06-01 18:11:53.581 I/HwOUC   (23783): [main-1]isMeteredWifi is false(hwouc/HwOucUtility.java:3102)
06-01 18:11:53.582 I/HwOucNative(23783): isCheckScriptSupport
06-01 18:11:53.583 I/HwOUC   (23783): [main-1]isVerifyScriptSupport is true(hwouc/VerifyScriptFileUtil.java:112)
06-01 18:11:53.583 I/HwOUC   (23783): [main-1]VerifyScriptFile getInstance mSingleton is null, new VerifyScriptFile()(hwouc/VerifyScriptFile.java:128)
06-01 18:11:53.592 I/SendBroadcastPermission(27836): action:com.huawei.appmarket.service.downloadservice.Receiver, mPermissionType:0
06-01 18:11:53.593 I/HwOUC   (23783): [main-1]addListener listener is com.huawei.android.hwouc.biz.impl.service.WifiAutoDownloadManageService$1@37b6430(hwouc/VerifyScriptFile.java:242)
06-01 18:11:53.598 I/HwLauncher( 5976): LauncherDownloadModel onReceive intent=Intent { act=com.huawei.appmarket.service.downloadservice.Receiver flg=0x10 }
06-01 18:11:53.598 W/HwLauncher( 5976): get getBundleExtra with downloadtask all return null!
06-01 18:11:53.608 I/HwOUC   (23783): [main-1]isFirmwareUndoneLastTime is false(hwouc/HwOucUtility.java:3156)
06-01 18:11:53.623 I/HwOUC   (23783): [main-1]isInstallingStatus cursor is null,return false(hwouc/HwOucUtility.java:2641)
06-01 18:11:53.625 I/HwOUC   (23783): [main-1]getFwVersion(hwouc/HwOucUtility.java:2017)
06-01 18:11:54.296 I/SendBroadcastPermission( 4224): action:android.hardware.usb.action.USB_STATE, mPermissionType:0
06-01 18:11:54.301 I/HwPowerMonitor.DayActObserver( 5948): in mUsbConnectedIntentReceiver, mInitUSBConnState = true
06-01 18:11:54.409 I/HWSERVICES(21222): hwnative_get_component:libstagefright,Scanner
06-01 18:11:54.411 I/StagefrightMediaScannerEx(21222): StagefrightMediaScanner Constructor
06-01 18:11:54.433 I/HWSERVICES(21222): hwnative_get_component_mtpServer  comes...
06-01 18:11:54.437 I/HwMtpServerExJNI(21222): set MtpServerEx 0xb813cbe0
06-01 18:11:54.437 I/HwMtpServerExJNI(21222): Finish to setup MtpServer
06-01 18:11:55.637 I/HwOUC   (23783): [main-1]WifiAutoDownloadManageService ServiceHandler(hwouc/WifiAutoDownloadManageService.java:334)
06-01 18:11:55.639 I/HwOUC   (23783): [main-1]WifiAutoDownloadManageService ServiceHandler stop service(hwouc/WifiAutoDownloadManageService.java:337)
06-01 18:11:55.643 I/HwOUC   (23783): [main-1]WifiAutoDownloadManageService, onDestroy(hwouc/WifiAutoDownloadManageService.java:231)
06-01 18:11:55.645 I/HwOUC   (23783): [main-1]removeListener listener is com.huawei.android.hwouc.biz.impl.service.WifiAutoDownloadManageService$1@37b6430(hwouc/VerifyScriptFile.java:288)
06-01 18:11:55.646 I/HwOUC   (23783): [main-1]removeListener synchronized (mListeners)(hwouc/VerifyScriptFile.java:291)
06-01 18:11:56.390 E/WifiConfigStore( 4224): updateConfiguration freq=2437 BSSID=14:75:90:c3:bb:9c RSSI=-55 "XYSK"WPA_PSK
06-01 18:11:56.965 E/Thermal-daemon( 3731): [charger_ic] temp_new :44  temp_old :43
06-01 18:11:56.966 E/Thermal-daemon( 3731): Report temperature: [charger_ic] temp :44  report_threshold:1
06-01 18:11:58.318 I/MsgPolicyThreshold( 5919): setThreshold,value:-1,actionId:245
06-01 18:11:58.319 I/MsgPolicyThreshold( 5919): write ok
06-01 18:11:58.321 I/K3V3CpuGovernorPolicy( 5919): set scene Hmp policy : 300 , 150
06-01 18:11:58.355 I/[Gralloc]( 3716): alloc w[642] h[360] format[1] usage[819]
06-01 18:11:58.358 I/[Gralloc]( 3716): alloc succ handle[0xb7e0fbc8] stride[672]
06-01 18:11:58.444 E/HsmCoreServiceImpl( 4224): onTransact in code is: 102
06-01 18:11:58.444 I/MediaProcessHandler( 4224): processOp opType: 1, uid: 10265, pid: 26355
06-01 18:11:58.459 W/PGApi_client( 5919): recv actoionId = 10000, action = com.huawei.pgmng.PGAction@29c90d6 actionId =10000 pkg =com.android.systemui extend1 =2358 extend2 = flag =3 type =1
06-01 18:11:58.459 W/PGMiddleWare( 5919): in handleAction method, action = 10000
06-01 18:11:58.459 W/PGMiddleWare( 5919): in handleAction, invoke client = com.huawei.pgmng.middleware.AudioEffectLowPowerImpl@e4e96c1, action = com.huawei.pgmng.PGAction@29c90d6 actionId =10000 pkg =com.android.systemui extend1 =2358 extend2 = flag =3 type =1
06-01 18:11:58.460 I/powergenie_jni( 5919): guess platform type = 3
06-01 18:11:58.460 I/powergenie_jni( 5919): guess platform type = 3
06-01 18:11:58.463 I/HwAps   ( 5919): APS: enable: false
06-01 18:11:58.483 I/AudioFlinger( 3814): updateWakeLockUids_l() AudioOut_6 mType: 0 status 0
06-01 18:11:58.493 I/APM::AudioPolicyManager( 3814): stopOutput() output 6, stream 3, session 35
06-01 18:11:58.493 I/APM::AudioPolicyManager( 3814): getNewOutputDevice() selected device 0
06-01 18:11:58.493 I/APM::AudioPolicyManager( 3814): setOutputDevice() device 0x0000 delayMs 40
06-01 18:11:58.493 I/APM::AudioPolicyManager( 3814): setOutputDevice() prevDevice 0x0002
06-01 18:11:58.493 I/APM::AudioPolicyManager( 3814): setOutputDevice() changing to device 0x0000 , muteWaitMs 0
06-01 18:11:58.493 I/APM::AudioPolicyManager( 3814): checkAndSetVolume: index 4 device 0x0
06-01 18:11:58.493 I/APM::AudioPolicyManager( 3814): checkAndSetVolume: index 0 device 0x0
06-01 18:11:58.493 I/APM::AudioPolicyManager( 3814): checkAndSetVolume: index 0 device 0x0
06-01 18:11:58.493 I/APM::AudioPolicyManager( 3814): checkAndSetVolume: index 1 device 0x0
06-01 18:11:58.493 I/APM::AudioPolicyManager( 3814): checkAndSetVolume: index 7 device 0x0
06-01 18:11:58.493 I/APM::AudioPolicyManager( 3814): checkAndSetVolume: index 0 device 0x0
06-01 18:11:58.494 I/APM::AudioPolicyManager( 3814): checkAndSetVolume: index 7 device 0x0
06-01 18:11:58.494 I/APM::AudioPolicyManager( 3814): checkAndSetVolume: index 7 device 0x0
06-01 18:11:58.494 I/APM::AudioPolicyManager( 3814): checkAndSetVolume: index 0 device 0x0
06-01 18:11:58.494 I/APM::AudioPolicyManager( 3814): checkAndSetVolume: index 1 device 0x0
06-01 18:11:58.494 I/APM::AudioPolicyManager( 3814): checkAndSetVolume: index 1 device 0x0
06-01 18:11:58.494 I/APM::AudioPolicyManager( 3814): checkAndSetVolume: index 1 device 0x0
06-01 18:11:58.556 I/CpuGovernorPolicy( 5919): gpu draw 
06-01 18:11:58.597 I/[Gralloc]( 3716): alloc w[1166] h[680] format[1] usage[2816]
06-01 18:11:58.606 I/[Gralloc]( 3716): alloc succ handle[0xb7dba8d8] stride[1184]
06-01 18:11:58.606 I/[Gralloc]( 3716): alloc w[1166] h[680] format[1] usage[2816]
06-01 18:11:58.614 I/[Gralloc]( 3716): alloc succ handle[0xb7db4658] stride[1184]
06-01 18:11:58.614 I/[Gralloc]( 3716): alloc w[1166] h[680] format[1] usage[2816]
06-01 18:11:58.622 I/[Gralloc]( 3716): alloc succ handle[0xb7cfc2b8] stride[1184]
06-01 18:11:58.623 I/[Gralloc]( 3716): alloc w[680] h[1166] format[1] usage[2816]
06-01 18:11:58.631 I/[Gralloc]( 3716): alloc succ handle[0xb7cfc2b8] stride[736]
06-01 18:11:58.667 I/ActivityManager( 4224): Displayed com.android.systemui/.usb.UsbDebuggingActivity: +215ms
06-01 18:11:58.680 I/[Gralloc]( 3716): alloc w[680] h[1166] format[1] usage[2816]
06-01 18:11:58.689 I/[Gralloc]( 3716): alloc succ handle[0xb7db4658] stride[736]
06-01 18:11:59.259 I/K3V3CpuGovernorPolicy( 5919): close previously scene Hmp policy : 300 , 150
06-01 18:11:59.415 E/WifiConfigStore( 4224): updateConfiguration freq=2437 BSSID=14:75:90:c3:bb:9c RSSI=-56 "XYSK"WPA_PSK
06-01 18:12:00.005 I/TimeManager( 4674): receiver action = android.intent.action.TIME_TICK
06-01 18:12:00.012 I/HwLauncher( 5976): Model  onReceive intent=Intent { act=android.intent.action.TIME_TICK flg=0x50000014 (has extras) }
06-01 18:12:00.012 I/HwLauncher( 5976): Model  onReceive user=UserHandle{0}
06-01 18:12:00.023 I/TotemWeather( 5976): CityTimeView CityTimeView mCurrentViewMode = 10141
06-01 18:12:00.061 I/TotemWeather( 5976): CityTimeFormatView CityTimeFormatView setTimeFormat is24Hour=true,timeFormat=
06-01 18:12:00.062 I/TotemWeather( 5976): DateTimeManager send message delay millis = 60938 ms
06-01 18:12:00.591 I/[Gralloc]( 3716): alloc w[680] h[1166] format[1] usage[2816]
06-01 18:12:00.607 I/[Gralloc]( 3716): alloc succ handle[0xb7dba8d8] stride[736]
06-01 18:12:01.972 E/Thermal-daemon( 3731): [ap] temp_new :50  temp_old :51
06-01 18:12:01.973 E/Thermal-daemon( 3731): Report temperature: [ap] temp :50  report_threshold:1
06-01 18:12:02.430 E/WifiConfigStore( 4224): updateConfiguration freq=2437 BSSID=14:75:90:c3:bb:9c RSSI=-56 "XYSK"WPA_PSK
06-01 18:12:05.455 E/WifiConfigStore( 4224): updateConfiguration freq=2437 BSSID=14:75:90:c3:bb:9c RSSI=-55 "XYSK"WPA_PSK
06-01 18:12:06.976 E/Thermal-daemon( 3731): [flash_led] temp_new :46  temp_old :47
06-01 18:12:06.977 E/Thermal-daemon( 3731): Report temperature: [flash_led] temp :46  report_threshold:1
06-01 18:12:06.978 E/Thermal-daemon( 3731): [ap] temp_new :48  temp_old :50
06-01 18:12:06.978 E/Thermal-daemon( 3731): Report temperature: [ap] temp :48  report_threshold:1
06-01 18:12:08.464 I/audio_hw_primary( 3814): [do_output_standby],do_output_standby-----out->standby_lpp : 1
06-01 18:12:08.473 E/WifiConfigStore( 4224): updateConfiguration freq=2437 BSSID=14:75:90:c3:bb:9c RSSI=-56 "XYSK"WPA_PSK
06-01 18:12:08.481 I/AudioFlinger( 3814): releaseWakeLock_l() AudioOut_6 mType: 0
06-01 18:12:09.381 I/SendBroadcastPermission( 8968): action:null, mPermissionType:0
06-01 18:12:10.776 W/AlarmManager( 4224): WAKEUP alarm trigger action = com.huawei.intent.action.PUSH elapsed = 26283569
06-01 18:12:10.789 I/PushLog2616(10616): [main-1]action is com.huawei.intent.action.PUSH(android/null:-1)
06-01 18:12:10.837 E/BastetManager(10616): Failed to get bastet service
06-01 18:12:10.841 W/PushLog2616(10616): [ReceiverDispatcher-557]init bastet error(android/null:-1)
06-01 18:12:10.841 W/PushLog2616(10616): java.lang.NullPointerException: Attempt to invoke interface method 'int com.huawei.android.bastet.IBastetManager.prepareHeartbeatProxy(int, com.huawei.android.bastet.IBastetListener)' on a null object reference
06-01 18:12:10.841 W/PushLog2616(10616): 	at com.huawei.android.bastet.HwBastet.prepareHeartbeatProxy(HwBastet.java:365)
06-01 18:12:10.841 W/PushLog2616(10616): 	at com.huawei.android.bastet.HwBastet.<init>(HwBastet.java:107)
06-01 18:12:10.841 W/PushLog2616(10616): 	at com.huawei.android.pushagent.utils.bastet.PushBastet.bW(Unknown Source)
06-01 18:12:10.841 W/PushLog2616(10616): 	at com.huawei.android.pushagent.utils.bastet.PushBastet.bV(Unknown Source)
06-01 18:12:10.841 W/PushLog2616(10616): 	at w.bl(Unknown Source)
06-01 18:12:10.841 W/PushLog2616(10616): 	at com.huawei.android.pushagent.model.channel.ChannelMgr.c(Unknown Source)
06-01 18:12:10.841 W/PushLog2616(10616): 	at af.onReceive(Unknown Source)
06-01 18:12:10.841 W/PushLog2616(10616): 	at e.run(Unknown Source)
06-01 18:12:10.841 W/PushLog2616(10616): 	at android.os.Handler.handleCallback(Handler.java:743)
06-01 18:12:10.841 W/PushLog2616(10616): 	at android.os.Handler.dispatchMessage(Handler.java:95)
06-01 18:12:10.841 W/PushLog2616(10616): 	at android.os.Looper.loop(Looper.java:150)
06-01 18:12:10.841 W/PushLog2616(10616): 	at c.run(Unknown Source)
06-01 18:12:10.841 I/PushLog2616(10616): [ReceiverDispatcher-557]resetBastet(android/null:-1)
06-01 18:12:10.842 I/PushLog2616(10616): [ReceiverDispatcher-557]init push bastet failed!(android/null:-1)
06-01 18:12:10.857 I/PushLog2616(10616): [ReceiverDispatcher-557]read to Send:DA(android/null:-1)
06-01 18:12:10.859 I/PushLog2616(10616): [ReceiverDispatcher-557]send msg to remote srv success(android/null:-1)
06-01 18:12:11.501 E/WifiConfigStore( 4224): updateConfiguration freq=2437 BSSID=14:75:90:c3:bb:9c RSSI=-56 "XYSK"WPA_PSK
06-01 18:12:11.983 E/Thermal-daemon( 3731): [flash_led] temp_new :45  temp_old :46
06-01 18:12:11.984 E/Thermal-daemon( 3731): Report temperature: [flash_led] temp :45  report_threshold:1
06-01 18:12:11.985 E/Thermal-daemon( 3731): [ap] temp_new :47  temp_old :48
06-01 18:12:11.985 E/Thermal-daemon( 3731): Report temperature: [ap] temp :47  report_threshold:1
06-01 18:12:14.530 E/WifiConfigStore( 4224): updateConfiguration freq=2437 BSSID=14:75:90:c3:bb:9c RSSI=-55 "XYSK"WPA_PSK
06-01 18:12:16.989 E/Thermal-daemon( 3731): [ap] temp_new :46  temp_old :47
06-01 18:12:16.989 E/Thermal-daemon( 3731): Report temperature: [ap] temp :46  report_threshold:1
06-01 18:12:17.557 E/WifiConfigStore( 4224): updateConfiguration freq=2437 BSSID=14:75:90:c3:bb:9c RSSI=-55 "XYSK"WPA_PSK
06-01 18:12:17.666 I/[Gralloc]( 3716): alloc w[642] h[360] format[1] usage[819]
06-01 18:12:17.670 I/[Gralloc]( 3716): alloc succ handle[0xb7dbae18] stride[672]
06-01 18:12:17.712 W/PGApi_client( 5919): recv actoionId = 10000, action = com.huawei.pgmng.PGAction@c4f0f57 actionId =10000 pkg =com.tanyu.flcdhy.samsung extend1 =2360 extend2 = flag =3 type =1
06-01 18:12:17.712 W/PGMiddleWare( 5919): in handleAction method, action = 10000
06-01 18:12:17.712 W/PGMiddleWare( 5919): in handleAction, invoke client = com.huawei.pgmng.middleware.AudioEffectLowPowerImpl@e4e96c1, action = com.huawei.pgmng.PGAction@c4f0f57 actionId =10000 pkg =com.tanyu.flcdhy.samsung extend1 =2360 extend2 = flag =3 type =1
06-01 18:12:17.720 I/HwAps   ( 5919): APS: enable: true
06-01 18:12:17.732 W/PGApi_client( 5919): recv actoionId = 10011, action = com.huawei.pgmng.PGAction@8a03a44 actionId =10011 pkg =com.tanyu.flcdhy.samsung extend1 =2360 extend2 =13 flag =3 type =1
06-01 18:12:17.733 W/PGMiddleWare( 5919): in handleAction method, action = 10011
06-01 18:12:17.733 W/PGMiddleWare( 5919): in handleAction, invoke client = com.huawei.pgmng.middleware.AudioEffectLowPowerImpl@e4e96c1, action = com.huawei.pgmng.PGAction@8a03a44 actionId =10011 pkg =com.tanyu.flcdhy.samsung extend1 =2360 extend2 =13 flag =3 type =1
06-01 18:12:17.735 W/AudioEffectLowPowerImpl( 5919): mAudioManager.setParameters = SmartPA_lowpower=on
06-01 18:12:17.748 I/powergenie_jni( 5919): guess platform type = 3
06-01 18:12:17.748 I/powergenie_jni( 5919): guess platform type = 3
06-01 18:12:17.760 I/CpuGovernorPolicy( 5919): cpu draw 
06-01 18:12:17.775 I/APM::AudioPolicyManager( 3814): startOutput() output 6, stream 3, session 38
06-01 18:12:17.775 I/APM::AudioPolicyManager( 3814): getNewOutputDevice() selected device 2
06-01 18:12:17.775 I/APM::AudioPolicyManager( 3814): setOutputDevice() device 0x0002 delayMs 0
06-01 18:12:17.775 I/APM::AudioPolicyManager( 3814): setOutputDevice() prevDevice 0x0002
06-01 18:12:17.775 I/APM::AudioPolicyManager( 3814): setOutputDevice() changing to device 0x0002 , muteWaitMs 0
06-01 18:12:17.776 I/AudioFlinger( 3814): acquireWakeLock_l() AudioOut_6 mType: 0 status 0
06-01 18:12:17.777 I/dsp_hifi_ctl( 3814): DTS_ERR_keyValuePairs (0) srs_cfg:trumedia_enable=1
06-01 18:12:17.777 I/AudioFlinger( 3814): updateWakeLockUids_l() AudioOut_6 mType: 0 status 0
06-01 18:12:17.778 I/APM::AudioPolicyManager( 3814): checkAndSetVolume: index 4 device 0x2
06-01 18:12:17.778 I/APM::AudioPolicyManager( 3814): checkAndSetVolume: index 0 device 0x2
06-01 18:12:17.778 I/APM::AudioPolicyManager( 3814): checkAndSetVolume: index 0 device 0x2
06-01 18:12:17.778 I/APM::AudioPolicyManager( 3814): checkAndSetVolume: index 1 device 0x2
06-01 18:12:17.778 I/APM::AudioPolicyManager( 3814): checkAndSetVolume: index 7 device 0x2
06-01 18:12:17.778 I/APM::AudioPolicyManager( 3814): checkAndSetVolume: index 0 device 0x2
06-01 18:12:17.778 I/APM::AudioPolicyManager( 3814): checkAndSetVolume: index 7 device 0x2
06-01 18:12:17.778 I/APM::AudioPolicyManager( 3814): checkAndSetVolume: index 7 device 0x2
06-01 18:12:17.778 I/APM::AudioPolicyManager( 3814): checkAndSetVolume: index 0 device 0x2
06-01 18:12:17.778 I/APM::AudioPolicyManager( 3814): checkAndSetVolume: index 1 device 0x2
06-01 18:12:17.778 I/APM::AudioPolicyManager( 3814): checkAndSetVolume: index 1 device 0x2
06-01 18:12:17.778 I/APM::AudioPolicyManager( 3814): checkAndSetVolume: index 1 device 0x2
06-01 18:12:17.778 I/APM::AudioPolicyManager( 3814): checkAndSetVolume: index 1 device 0x2
06-01 18:12:17.782 E/HsmCoreServiceImpl( 4224): onTransact in code is: 102
06-01 18:12:17.783 I/MediaProcessHandler( 4224): processOp opType: 0, uid: 10265, pid: 26355
06-01 18:12:17.788 I/AudioFlinger( 3814): updateWakeLockUids_l() AudioOut_6 mType: 0 status 0
06-01 18:12:17.790 I/audio_hw_primary( 3814): start_output_stream : mode=0, devices=2
06-01 18:12:17.852 I/ImageWallpaper( 4674): trimMemory in work thread.
06-01 18:12:18.461 I/MsgPolicyThreshold( 5919): setThreshold,value:15,actionId:233
06-01 18:12:18.462 I/MsgPolicyThreshold( 5919): write ok
06-01 18:12:20.580 E/WifiConfigStore( 4224): updateConfiguration freq=2437 BSSID=14:75:90:c3:bb:9c RSSI=-53 "XYSK"WPA_PSK
06-01 18:12:21.991 E/Thermal-daemon( 3731): [charger_ic] temp_new :43  temp_old :44
06-01 18:12:21.991 E/Thermal-daemon( 3731): Report temperature: [charger_ic] temp :43  report_threshold:1
06-01 18:12:21.993 E/Thermal-daemon( 3731): [ap] temp_new :48  temp_old :46
06-01 18:12:21.993 E/Thermal-daemon( 3731): Report temperature: [ap] temp :48  report_threshold:1
06-01 18:12:22.493 I/HwPowerMonitor.PowerExceptionObservable( 5948): unhandled onEvent actionID: 3002
06-01 18:12:22.494 I/HwPowerMonitor.DayActObserver( 5948): in PowerMonitorHandler, will handle msg.what = battery_changed, Utils.isCharging() = true
06-01 18:12:23.525 W/AlarmManager( 4224): WAKEUP alarm trigger action = ALARM_ACTION(8968) elapsed = 26282160
06-01 18:12:23.594 E/WifiConfigStore( 4224): updateConfiguration freq=2437 BSSID=14:75:90:c3:bb:9c RSSI=-54 "XYSK"WPA_PSK
06-01 18:12:23.793 I/SendBroadcastPermission(27836): action:com.huawei.appmarket.service.downloadservice.Receiver, mPermissionType:0
06-01 18:12:23.796 I/HwLauncher( 5976): LauncherDownloadModel onReceive intent=Intent { act=com.huawei.appmarket.service.downloadservice.Receiver flg=0x10 }
06-01 18:12:23.797 W/HwLauncher( 5976): get getBundleExtra with downloadtask all return null!
06-01 18:12:26.618 E/WifiConfigStore( 4224): updateConfiguration freq=2437 BSSID=14:75:90:c3:bb:9c RSSI=-56 "XYSK"WPA_PSK
06-01 18:12:26.996 E/Thermal-daemon( 3731): [flash_led] temp_new :46  temp_old :45
06-01 18:12:26.996 E/Thermal-daemon( 3731): Report temperature: [flash_led] temp :46  report_threshold:1
06-01 18:12:26.997 E/Thermal-daemon( 3731): [ap] temp_new :49  temp_old :48
06-01 18:12:26.998 E/Thermal-daemon( 3731): Report temperature: [ap] temp :49  report_threshold:1
06-01 18:12:29.641 E/WifiConfigStore( 4224): updateConfiguration freq=2437 BSSID=14:75:90:c3:bb:9c RSSI=-56 "XYSK"WPA_PSK
06-01 18:12:31.999 E/Thermal-daemon( 3731): [charger_ic] temp_new :44  temp_old :43
06-01 18:12:32.000 E/Thermal-daemon( 3731): Report temperature: [charger_ic] temp :44  report_threshold:1
06-01 18:12:32.002 E/Thermal-daemon( 3731): [ap] temp_new :50  temp_old :49
06-01 18:12:32.002 E/Thermal-daemon( 3731): Report temperature: [ap] temp :50  report_threshold:1
06-01 18:12:32.656 E/WifiConfigStore( 4224): updateConfiguration freq=2437 BSSID=14:75:90:c3:bb:9c RSSI=-57 "XYSK"WPA_PSK
06-01 18:12:35.678 E/WifiConfigStore( 4224): updateConfiguration freq=2437 BSSID=14:75:90:c3:bb:9c RSSI=-56 "XYSK"WPA_PSK
06-01 18:12:37.006 E/Thermal-daemon( 3731): [flash_led] temp_new :47  temp_old :46
06-01 18:12:37.006 E/Thermal-daemon( 3731): Report temperature: [flash_led] temp :47  report_threshold:1
06-01 18:12:38.695 E/WifiConfigStore( 4224): updateConfiguration freq=2437 BSSID=14:75:90:c3:bb:9c RSSI=-56 "XYSK"WPA_PSK
06-01 18:12:41.719 E/WifiConfigStore( 4224): updateConfiguration freq=2437 BSSID=14:75:90:c3:bb:9c RSSI=-55 "XYSK"WPA_PSK
06-01 18:12:44.741 E/WifiConfigStore( 4224): updateConfiguration freq=2437 BSSID=14:75:90:c3:bb:9c RSSI=-54 "XYSK"WPA_PSK
06-01 18:12:47.761 E/WifiConfigStore( 4224): updateConfiguration freq=2437 BSSID=14:75:90:c3:bb:9c RSSI=-54 "XYSK"WPA_PSK
06-01 18:12:50.786 E/WifiConfigStore( 4224): updateConfiguration freq=2437 BSSID=14:75:90:c3:bb:9c RSSI=-54 "XYSK"WPA_PSK
06-01 18:12:52.020 E/Thermal-daemon( 3731): [ap] temp_new :51  temp_old :50
06-01 18:12:52.021 E/Thermal-daemon( 3731): Report temperature: [ap] temp :51  report_threshold:1
06-01 18:12:52.419 I/HwPowerMonitor.PowerExceptionObservable( 5948): unhandled onEvent actionID: 3002
06-01 18:12:52.420 I/HwPowerMonitor.DayActObserver( 5948): in PowerMonitorHandler, will handle msg.what = battery_changed, Utils.isCharging() = true
06-01 18:12:52.581 I/HwPowerMonitor.PowerExceptionObservable( 5948): unhandled onEvent actionID: 3002
06-01 18:12:52.581 I/HwPowerMonitor.DayActObserver( 5948): in PowerMonitorHandler, will handle msg.what = battery_changed, Utils.isCharging() = true
06-01 18:12:53.803 E/WifiConfigStore( 4224): updateConfiguration freq=2437 BSSID=14:75:90:c3:bb:9c RSSI=-55 "XYSK"WPA_PSK
06-01 18:12:56.824 E/WifiConfigStore( 4224): updateConfiguration freq=2437 BSSID=14:75:90:c3:bb:9c RSSI=-55 "XYSK"WPA_PSK
06-01 18:12:59.841 E/WifiConfigStore( 4224): updateConfiguration freq=2437 BSSID=14:75:90:c3:bb:9c RSSI=-56 "XYSK"WPA_PSK
06-01 18:13:00.008 I/TimeManager( 4674): receiver action = android.intent.action.TIME_TICK
06-01 18:13:00.024 I/HwLauncher( 5976): Model  onReceive intent=Intent { act=android.intent.action.TIME_TICK flg=0x50000014 (has extras) }
06-01 18:13:00.024 I/HwLauncher( 5976): Model  onReceive user=UserHandle{0}
