06-01 18:13:00.049 I/TotemWeather( 5976): CityTimeView CityTimeView mCurrentViewMode = 10141
06-01 18:13:00.095 I/TotemWeather( 5976): CityTimeFormatView CityTimeFormatView setTimeFormat is24Hour=true,timeFormat=
06-01 18:13:00.096 I/TotemWeather( 5976): DateTimeManager send message delay millis = 60904 ms
06-01 18:13:02.851 E/WifiConfigStore( 4224): updateConfiguration freq=2437 BSSID=14:75:90:c3:bb:9c RSSI=-55 "XYSK"WPA_PSK
06-01 18:13:05.875 E/WifiConfigStore( 4224): updateConfiguration freq=2437 BSSID=14:75:90:c3:bb:9c RSSI=-54 "XYSK"WPA_PSK
06-01 18:13:08.896 E/WifiConfigStore( 4224): updateConfiguration freq=2437 BSSID=14:75:90:c3:bb:9c RSSI=-54 "XYSK"WPA_PSK
06-01 18:13:11.915 E/WifiConfigStore( 4224): updateConfiguration freq=2437 BSSID=14:75:90:c3:bb:9c RSSI=-54 "XYSK"WPA_PSK
06-01 18:13:14.934 E/WifiConfigStore( 4224): updateConfiguration freq=2437 BSSID=14:75:90:c3:bb:9c RSSI=-56 "XYSK"WPA_PSK
06-01 18:13:17.948 E/WifiConfigStore( 4224): updateConfiguration freq=2437 BSSID=14:75:90:c3:bb:9c RSSI=-58 "XYSK"WPA_PSK
06-01 18:13:20.974 E/WifiConfigStore( 4224): updateConfiguration freq=2437 BSSID=14:75:90:c3:bb:9c RSSI=-58 "XYSK"WPA_PSK
06-01 18:13:22.665 I/HwPowerMonitor.PowerExceptionObservable( 5948): unhandled onEvent actionID: 3002
06-01 18:13:22.666 I/HwPowerMonitor.DayActObserver( 5948): in PowerMonitorHandler, will handle msg.what = battery_changed, Utils.isCharging() = true
06-01 18:13:23.990 E/WifiConfigStore( 4224): updateConfiguration freq=2437 BSSID=14:75:90:c3:bb:9c RSSI=-58 "XYSK"WPA_PSK
06-01 18:13:27.012 E/WifiConfigStore( 4224): updateConfiguration freq=2437 BSSID=14:75:90:c3:bb:9c RSSI=-57 "XYSK"WPA_PSK
06-01 18:13:30.033 E/WifiConfigStore( 4224): updateConfiguration freq=2437 BSSID=14:75:90:c3:bb:9c RSSI=-57 "XYSK"WPA_PSK
06-01 18:13:33.047 E/WifiConfigStore( 4224): updateConfiguration freq=2437 BSSID=14:75:90:c3:bb:9c RSSI=-57 "XYSK"WPA_PSK
06-01 18:13:36.067 E/WifiConfigStore( 4224): updateConfiguration freq=2437 BSSID=14:75:90:c3:bb:9c RSSI=-58 "XYSK"WPA_PSK
06-01 18:13:39.088 E/WifiConfigStore( 4224): updateConfiguration freq=2437 BSSID=14:75:90:c3:bb:9c RSSI=-58 "XYSK"WPA_PSK
06-01 18:13:42.107 E/WifiConfigStore( 4224): updateConfiguration freq=2437 BSSID=14:75:90:c3:bb:9c RSSI=-56 "XYSK"WPA_PSK
06-01 18:13:45.127 E/WifiConfigStore( 4224): updateConfiguration freq=2437 BSSID=14:75:90:c3:bb:9c RSSI=-55 "XYSK"WPA_PSK
06-01 18:13:48.140 E/WifiConfigStore( 4224): updateConfiguration freq=2437 BSSID=14:75:90:c3:bb:9c RSSI=-55 "XYSK"WPA_PSK
06-01 18:13:51.157 E/WifiConfigStore( 4224): updateConfiguration freq=2437 BSSID=14:75:90:c3:bb:9c RSSI=-56 "XYSK"WPA_PSK
06-01 18:13:52.424 I/HwPowerMonitor.PowerExceptionObservable( 5948): unhandled onEvent actionID: 3002
06-01 18:13:52.427 I/HwPowerMonitor.DayActObserver( 5948): in PowerMonitorHandler, will handle msg.what = battery_changed, Utils.isCharging() = true
06-01 18:13:52.749 I/HwPowerMonitor.PowerExceptionObservable( 5948): unhandled onEvent actionID: 3002
06-01 18:13:52.750 I/HwPowerMonitor.DayActObserver( 5948): in PowerMonitorHandler, will handle msg.what = battery_changed, Utils.isCharging() = true
06-01 18:13:54.170 E/WifiConfigStore( 4224): updateConfiguration freq=2437 BSSID=14:75:90:c3:bb:9c RSSI=-57 "XYSK"WPA_PSK
06-01 18:13:57.192 E/WifiConfigStore( 4224): updateConfiguration freq=2437 BSSID=14:75:90:c3:bb:9c RSSI=-58 "XYSK"WPA_PSK
06-01 18:14:00.004 I/TimeManager( 4674): receiver action = android.intent.action.TIME_TICK
06-01 18:14:00.011 I/HwLauncher( 5976): Model  onReceive intent=Intent { act=android.intent.action.TIME_TICK flg=0x50000014 (has extras) }
06-01 18:14:00.011 I/HwLauncher( 5976): Model  onReceive user=UserHandle{0}
06-01 18:14:00.022 I/TotemWeather( 5976): CityTimeView CityTimeView mCurrentViewMode = 10141
06-01 18:14:00.051 I/TotemWeather( 5976): CityTimeFormatView CityTimeFormatView setTimeFormat is24Hour=true,timeFormat=
06-01 18:14:00.052 I/TotemWeather( 5976): DateTimeManager send message delay millis = 60948 ms
06-01 18:14:00.209 E/WifiConfigStore( 4224): updateConfiguration freq=2437 BSSID=14:75:90:c3:bb:9c RSSI=-58 "XYSK"WPA_PSK
06-01 18:14:03.224 E/WifiConfigStore( 4224): updateConfiguration freq=2437 BSSID=14:75:90:c3:bb:9c RSSI=-60 "XYSK"WPA_PSK
06-01 18:14:06.248 E/WifiConfigStore( 4224): updateConfiguration freq=2437 BSSID=14:75:90:c3:bb:9c RSSI=-60 "XYSK"WPA_PSK
06-01 18:14:09.271 E/WifiConfigStore( 4224): updateConfiguration freq=2437 BSSID=14:75:90:c3:bb:9c RSSI=-58 "XYSK"WPA_PSK
06-01 18:14:12.289 E/WifiConfigStore( 4224): updateConfiguration freq=2437 BSSID=14:75:90:c3:bb:9c RSSI=-56 "XYSK"WPA_PSK
06-01 18:14:15.311 E/WifiConfigStore( 4224): updateConfiguration freq=2437 BSSID=14:75:90:c3:bb:9c RSSI=-57 "XYSK"WPA_PSK
06-01 18:14:18.328 E/WifiConfigStore( 4224): updateConfiguration freq=2437 BSSID=14:75:90:c3:bb:9c RSSI=-58 "XYSK"WPA_PSK
06-01 18:14:21.351 E/WifiConfigStore( 4224): updateConfiguration freq=2437 BSSID=14:75:90:c3:bb:9c RSSI=-58 "XYSK"WPA_PSK
06-01 18:14:22.824 I/HwPowerMonitor.PowerExceptionObservable( 5948): unhandled onEvent actionID: 3002
06-01 18:14:22.825 I/HwPowerMonitor.DayActObserver( 5948): in PowerMonitorHandler, will handle msg.what = battery_changed, Utils.isCharging() = true
06-01 18:14:24.369 E/WifiConfigStore( 4224): updateConfiguration freq=2437 BSSID=14:75:90:c3:bb:9c RSSI=-60 "XYSK"WPA_PSK
06-01 18:14:27.394 E/WifiConfigStore( 4224): updateConfiguration freq=2437 BSSID=14:75:90:c3:bb:9c RSSI=-60 "XYSK"WPA_PSK
06-01 18:14:30.412 E/WifiConfigStore( 4224): updateConfiguration freq=2437 BSSID=14:75:90:c3:bb:9c RSSI=-59 "XYSK"WPA_PSK
06-01 18:14:33.425 E/WifiConfigStore( 4224): updateConfiguration freq=2437 BSSID=14:75:90:c3:bb:9c RSSI=-59 "XYSK"WPA_PSK
06-01 18:14:36.442 E/WifiConfigStore( 4224): updateConfiguration freq=2437 BSSID=14:75:90:c3:bb:9c RSSI=-57 "XYSK"WPA_PSK
06-01 18:14:39.468 E/WifiConfigStore( 4224): updateConfiguration freq=2437 BSSID=14:75:90:c3:bb:9c RSSI=-55 "XYSK"WPA_PSK
06-01 18:14:42.479 E/WifiConfigStore( 4224): updateConfiguration freq=2437 BSSID=14:75:90:c3:bb:9c RSSI=-55 "XYSK"WPA_PSK
06-01 18:14:44.924 I/SendBroadcastPermission( 4224): action:android.net.wifi.SCAN_RESULTS, mPermissionType:0
06-01 18:14:45.498 E/WifiConfigStore( 4224): updateConfiguration freq=2437 BSSID=14:75:90:c3:bb:9c RSSI=-55 "XYSK"WPA_PSK
06-01 18:14:47.120 E/Thermal-daemon( 3731): [flash_led] temp_new :48  temp_old :47
06-01 18:14:47.120 E/Thermal-daemon( 3731): Report temperature: [flash_led] temp :48  report_threshold:1
06-01 18:14:48.519 E/WifiConfigStore( 4224): updateConfiguration freq=2437 BSSID=14:75:90:c3:bb:9c RSSI=-55 "XYSK"WPA_PSK
06-01 18:14:51.542 E/WifiConfigStore( 4224): updateConfiguration freq=2437 BSSID=14:75:90:c3:bb:9c RSSI=-56 "XYSK"WPA_PSK
06-01 18:14:52.123 E/Thermal-daemon( 3731): [flash_led] temp_new :47  temp_old :48
06-01 18:14:52.124 E/Thermal-daemon( 3731): Report temperature: [flash_led] temp :47  report_threshold:1
06-01 18:14:52.424 I/HwPowerMonitor.PowerExceptionObservable( 5948): unhandled onEvent actionID: 3002
06-01 18:14:52.426 I/HwPowerMonitor.DayActObserver( 5948): in PowerMonitorHandler, will handle msg.what = battery_changed, Utils.isCharging() = true
06-01 18:14:52.892 I/HwPowerMonitor.PowerExceptionObservable( 5948): unhandled onEvent actionID: 3002
06-01 18:14:52.892 I/HwPowerMonitor.DayActObserver( 5948): in PowerMonitorHandler, will handle msg.what = battery_changed, Utils.isCharging() = true
06-01 18:14:54.559 E/WifiConfigStore( 4224): updateConfiguration freq=2437 BSSID=14:75:90:c3:bb:9c RSSI=-55 "XYSK"WPA_PSK
06-01 18:14:57.125 E/Thermal-daemon( 3731): [pa_0] temp_new :44  temp_old :43
06-01 18:14:57.126 E/Thermal-daemon( 3731): Report temperature: [pa_0] temp :44  report_threshold:1
06-01 18:14:57.583 E/WifiConfigStore( 4224): updateConfiguration freq=2437 BSSID=14:75:90:c3:bb:9c RSSI=-55 "XYSK"WPA_PSK
06-01 18:15:00.003 I/TimeManager( 4674): receiver action = android.intent.action.TIME_TICK
06-01 18:15:00.010 I/HwLauncher( 5976): Model  onReceive intent=Intent { act=android.intent.action.TIME_TICK flg=0x50000014 (has extras) }
06-01 18:15:00.010 I/HwLauncher( 5976): Model  onReceive user=UserHandle{0}
06-01 18:15:00.022 I/TotemWeather( 5976): CityTimeView CityTimeView mCurrentViewMode = 10141
06-01 18:15:00.051 I/TotemWeather( 5976): CityTimeFormatView CityTimeFormatView setTimeFormat is24Hour=true,timeFormat=
06-01 18:15:00.051 I/TotemWeather( 5976): DateTimeManager send message delay millis = 60949 ms
06-01 18:15:00.599 E/WifiConfigStore( 4224): updateConfiguration freq=2437 BSSID=14:75:90:c3:bb:9c RSSI=-55 "XYSK"WPA_PSK
06-01 18:15:00.699 W/AlarmManager( 4224): WAKEUP alarm trigger action = action.pfw.wakeup.timer elapsed = 26453494
06-01 18:15:02.129 E/Thermal-daemon( 3731): [pa_0] temp_new :43  temp_old :44
06-01 18:15:02.129 E/Thermal-daemon( 3731): Report temperature: [pa_0] temp :43  report_threshold:1
06-01 18:15:02.131 E/Thermal-daemon( 3731): [flash_led] temp_new :48  temp_old :47
06-01 18:15:02.131 E/Thermal-daemon( 3731): Report temperature: [flash_led] temp :48  report_threshold:1
06-01 18:15:03.623 E/WifiConfigStore( 4224): updateConfiguration freq=2437 BSSID=14:75:90:c3:bb:9c RSSI=-55 "XYSK"WPA_PSK
06-01 18:15:06.649 E/WifiConfigStore( 4224): updateConfiguration freq=2437 BSSID=14:75:90:c3:bb:9c RSSI=-56 "XYSK"WPA_PSK
06-01 18:15:07.133 E/Thermal-daemon( 3731): [pa_0] temp_new :44  temp_old :43
06-01 18:15:07.133 E/Thermal-daemon( 3731): Report temperature: [pa_0] temp :44  report_threshold:1
06-01 18:15:09.666 E/WifiConfigStore( 4224): updateConfiguration freq=2437 BSSID=14:75:90:c3:bb:9c RSSI=-55 "XYSK"WPA_PSK
06-01 18:15:12.692 E/WifiConfigStore( 4224): updateConfiguration freq=2437 BSSID=14:75:90:c3:bb:9c RSSI=-55 "XYSK"WPA_PSK
06-01 18:15:15.713 E/WifiConfigStore( 4224): updateConfiguration freq=2437 BSSID=14:75:90:c3:bb:9c RSSI=-55 "XYSK"WPA_PSK
06-01 18:15:17.141 E/Thermal-daemon( 3731): [pa_0] temp_new :43  temp_old :44
06-01 18:15:17.141 E/Thermal-daemon( 3731): Report temperature: [pa_0] temp :43  report_threshold:1
06-01 18:15:17.143 E/Thermal-daemon( 3731): [flash_led] temp_new :47  temp_old :48
06-01 18:15:17.143 E/Thermal-daemon( 3731): Report temperature: [flash_led] temp :47  report_threshold:1
06-01 18:15:18.734 E/WifiConfigStore( 4224): updateConfiguration freq=2437 BSSID=14:75:90:c3:bb:9c RSSI=-55 "XYSK"WPA_PSK
