int logctl_get(): open '/dev/hwlog_switch' fail -1, 13. Permission denied

Note: log switch off, only log_main and log_events will have logs!
--------- beginning of main
06-01 17:45:49.845 I/HwLauncher( 5976): Model  onReceive intent=Intent { act=android.intent.action.CONFIGURATION_CHANGED flg=0x70000010 }
06-01 17:45:49.845 I/HwLauncher( 5976): Model  onReceive user=UserHandle{0}
06-01 17:45:49.846 I/HwLauncher( 5976): Launcher.Settings  updateIconTitleSize fontSize = 10.5
06-01 17:45:49.848 I/[Gralloc]( 3716): alloc w[1080] h[108] format[1] usage[2816]
06-01 17:45:49.850 I/[Gralloc]( 3716): alloc succ handle[0xb7d02598] stride[1120]
06-01 17:45:49.852 I/[Gralloc]( 3716): alloc succ handle[0xb7dbf680] stride[1120]
06-01 17:45:49.852 I/[Gralloc]( 3716): alloc w[1080] h[1920] format[1] usage[2816]
06-01 17:45:49.862 I/[Gralloc]( 3716): alloc succ handle[0xb7dbc188] stride[1120]
06-01 17:45:49.906 W/View    ( 4674): requestLayout() improperly called by com.android.systemui.statusbar.phone.IconMerger{7ecd0b0 V.E...... ......ID 0,0-162,72 #7f1000c3 app:id/notificationIcons} during layout: running second layout pass
06-01 17:45:49.915 I/[Gralloc]( 3716): alloc w[1080] h[72] format[1] usage[2816]
06-01 17:45:49.917 I/[Gralloc]( 3716): alloc succ handle[0xb7cfc070] stride[1120]
06-01 17:45:49.917 I/TotemWeather( 5976): AbstractDualWeatherWidgetHomeView onWindowFocusChanged, hasWindowFocus= true
06-01 17:45:49.917 I/SendBroadcastPermission( 5976): action:com.huawei.android.action.ACTION_UPDATE_TIME_CHECK, mPermissionType:0
06-01 17:45:49.924 I/TotemWeather( 5976): WidgetUtils cityinfo or weatherinfo is null
06-01 17:45:49.943 I/TotemWeather(23681): CenterReceiver handleMessage msg.what = 6
06-01 17:45:49.964 I/HwLauncher( 5976): WeatherDynamicUpdaterreceive action = com.huawei.android.action.launcher_weather_icon_change
06-01 17:45:49.964 I/HwLauncher( 5976): WeatherDynamicUpdaterreceiver data is int[] = [0, 0, 72, 0, 96, 0, 120, 0]
06-01 17:45:49.964 I/HwLauncher( 5976):  stringArray[] [sunny, num3, num0, tempc]
06-01 17:45:49.967 I/HwLauncher( 5976): DynamicUpdater call updateFolder
06-01 17:45:49.979 I/TotemWeather(23681): WeatherService processIntent action =com.huawei.android.action.ACTION_CITY_UPDATE_TIME_CHECK
06-01 17:45:50.015 W/PhoneInterfaceManager( 5933): shouldBlockLocation running ...
06-01 17:45:50.022 I/PhoneInterfaceManager( 5933): shouldBlockLocation  ret:false
06-01 17:45:50.054 I/TimeManager( 4674): receiver action = android.intent.action.CONFIGURATION_CHANGED
06-01 17:45:50.083 W/TotemWeather(23681): HwWeatherStat getCellIdFromCellInfo->unknown type cellinfo
06-01 17:45:50.083 W/TotemWeather(23681): SchemeTaskServer checkLocationChange can't get the cellId,do not update,return false
06-01 17:45:50.088 I/PgedBinderListener( 5919): kstate callback type:8 value1=22202 value2=KILLED
06-01 17:45:50.121 I/[Gralloc]( 3716): alloc w[1080] h[108] format[1] usage[2816]
06-01 17:45:50.123 I/[Gralloc]( 3716): alloc succ handle[0xb7da1950] stride[1120]
06-01 17:45:50.129 I/[Gralloc]( 3716): alloc w[1080] h[72] format[1] usage[2816]
06-01 17:45:50.130 I/[Gralloc]( 3716): alloc succ handle[0xb7dfafa8] stride[1120]
06-01 17:45:50.173 W/View    ( 4674): requestLayout() improperly called by com.android.systemui.statusbar.phone.IconMerger{7ecd0b0 V.E...... .......D 0,0-162,72 #7f1000c3 app:id/notificationIcons} during second layout pass: posting in next frame
06-01 17:45:50.241 E/HsmCoreServiceImpl( 4224): onTransact in code is: 102
06-01 17:45:50.241 I/MediaProcessHandler( 4224): processOp opType: 1, uid: 10065, pid: 22202
06-01 17:45:50.241 W/MediaProcessHandler( 4224): remove target not exist, maybe the UI process: uid: 10065, pid: 22202
06-01 17:45:50.271 I/Choreographer( 5814): Skipped 43 frames!  The application may be doing too much work on its main thread.
06-01 17:45:50.398 I/MsgPolicyThreshold( 5919): setThreshold,value:-1,actionId:230
06-01 17:45:50.398 I/MsgPolicyThreshold( 5919): write ok
06-01 17:45:50.414 I/[Gralloc]( 3716): alloc w[2160] h[1920] format[2] usage[2816]
06-01 17:45:50.420 I/[Gralloc]( 3716): alloc succ handle[0xb7dbe758] stride[2208]
06-01 17:45:50.443 I/WindowBlurViewManager( 4674): allowChangeBlurBackground
06-01 17:45:50.444 I/WindowBlurViewManager( 4674): setBlurBackground()
06-01 17:45:50.458 W/OpenGLRenderer( 5976): Incorrectly called buildLayer on View: ShortcutAndWidgetContainer, destroying layer...
06-01 17:45:50.460 W/OpenGLRenderer( 5976): Incorrectly called buildLayer on View: ShortcutAndWidgetContainer, destroying layer...
06-01 17:45:50.465 I/[Gralloc]( 3716): alloc w[134] h[240] format[1] usage[819]
06-01 17:45:50.467 I/[Gralloc]( 3716): alloc succ handle[0xb7d04558] stride[160]
06-01 17:45:50.590 I/Process (24908): Sending signal. PID: 24908 SIG: 9
06-01 17:45:50.592 I/PgedBinderListener( 5919): kstate callback type:8 value1=24908 value2=KILLED
06-01 17:45:50.593 I/ash     ( 5919): com.tanyu.flcdhy.samsung { running duration=1259134 } transition to: over, reason:crash
06-01 17:45:50.594 I/ash     ( 5919): remove app record pkg: com.tanyu.flcdhy.samsung
06-01 17:45:50.651 E/Thermal-daemon( 3731): [ap] temp_new :52  temp_old :51
06-01 17:45:50.651 E/Thermal-daemon( 3731): Report temperature: [ap] temp :52  report_threshold:1
06-01 17:45:50.654 I/ThermalStateManager( 5919): triggerLevel = 2, triggerAction :{gpu=288000000, lcd=0, threshold_down=900, bcurrent=500, threshold_up=1010, cpu_a15=806400, ucurrent=900, cpu=0}
06-01 17:45:50.654 I/ThermalStateManager( 5919): sensor name: cpu temperature: 52 , thermal action: gpu policy:288000000
06-01 17:45:50.654 I/ThermalStateManager( 5919): sensor name: cpu temperature: 52 , thermal action: threshold_down policy:900
06-01 17:45:50.654 I/ThermalStateManager( 5919): sensor name: cpu temperature: 52 , thermal action: bcurrent policy:500
06-01 17:45:50.654 I/ThermalStateManager( 5919): sensor name: cpu temperature: 52 , thermal action: threshold_up policy:1010
06-01 17:45:50.654 I/ThermalStateManager( 5919): sensor name: cpu temperature: 52 , thermal action: cpu_a15 policy:806400
06-01 17:45:50.756 W/SwitchManager( 5919): NoSuchMethod: IPowerManager setChargeHotLimit [int,int]
06-01 17:45:50.756 I/powergenie_jni( 5919): set charge limit 2: 500
06-01 17:45:50.779 W/InputDispatcher( 4224): channel '6e06303 com.tanyu.flcdhy.samsung/com.game.framework.unity.GameActivity (server)' ~ Consumer closed input channel or an error occurred.  events=0x9
06-01 17:45:50.779 E/InputDispatcher( 4224): channel '6e06303 com.tanyu.flcdhy.samsung/com.game.framework.unity.GameActivity (server)' ~ Channel is unrecoverably broken and will be disposed!
06-01 17:45:50.780 W/InputDispatcher( 4224): Attempted to unregister already unregistered input channel '6e06303 com.tanyu.flcdhy.samsung/com.game.framework.unity.GameActivity (server)'
06-01 17:45:50.784 E/HsmCoreServiceImpl( 4224): onTransact in code is: 102
06-01 17:45:50.785 I/MediaProcessHandler( 4224): processOp opType: 1, uid: 10265, pid: 24908
06-01 17:45:50.785 W/MediaProcessHandler( 4224): remove target not exist, maybe the UI process: uid: 10265, pid: 24908
06-01 17:45:51.460 I/K3V3CpuGovernorPolicy( 5919): set thermal Hmp policy : 1010 , 900
06-01 17:45:52.203 I/art     ( 4224): Starting a blocking GC Explicit
06-01 17:45:52.240 E/WifiConfigStore( 4224): updateConfiguration freq=2437 BSSID=14:75:90:c3:bb:9c RSSI=-53 "XYSK"WPA_PSK
06-01 17:45:52.444 I/art     ( 4224): Explicit concurrent mark sweep GC freed 94027(6MB) AllocSpace objects, 32(1136KB) LOS objects, 28% free, 40MB/56MB, paused 4.156ms total 239.940ms
06-01 17:45:52.787 I/HwLauncher( 5976):  FPSMonitor [Launcher , dispatchTouchEvent begin, false, true] down event  x = 550 y = 550
06-01 17:45:52.787 I/HwLauncher( 5976): Launcher  while lockScreenOrientation,isRotationEnabled is false!
06-01 17:45:52.788 I/HwLauncher( 5976):  FPSMonitor [PagedView , onIntercept] down event  x = 550 y = 550
06-01 17:45:52.791 I/HwLauncher( 5976):  FPSMonitor [Launcher , dispatchTouchEvent end, false, true] down event  x = 550 y = 550
06-01 17:45:52.854 I/HwLauncher( 5976):  FPSMonitor [Launcher , dispatchTouchEvent begin, false, true] up event  x = 551 y = 551
06-01 17:45:52.855 I/HwLauncher( 5976):  FPSMonitor [PagedView , onIntercept] up event  x = 551 y = 551
06-01 17:45:52.856 I/HwLauncher( 5976): QuickActionView hide() animated = true, fromSticky = true
06-01 17:45:52.856 I/HwLauncher( 5976): QuickActionView hide() action view has already hidden, return.
06-01 17:45:52.856 I/HwLauncher( 5976): Launcher mUnlockScreenRunnbale  getOrientationEnabled false 
06-01 17:45:52.856 I/HwLauncher( 5976):  FPSMonitor [Launcher , dispatchTouchEvent end, false, true] up event  x = 551 y = 551
06-01 17:45:52.858 W/ResourceType( 5976): No known package when getting name for resource number 0x9c020202
06-01 17:45:52.863 I/HwLauncher( 5976): Launcher onclick begin com.huawei.android.launcher.BubbleTextView{c1a9ee7 VFED..CL. ...P..ID 422,700-633,990 #9c020202}
06-01 17:45:52.865 I/HwLauncher( 5976): Launcher.Utilities  startActivitySafely useLaunchAnimation = true
06-01 17:45:52.865 I/HwLauncher( 5976): Launcher.Utilities  startActivitySafely begin startActivity() for current user
06-01 17:45:52.882 I/K3V3CpuGovernorPolicy( 5919): set scene Hmp policy : 300 , 150
06-01 17:45:52.907 I/HwLauncher( 5976): Launcher.Utilities  startActivitySafely end startActivity() for current user
06-01 17:45:52.907 I/HwLauncher( 5976): Launcher onclick end
06-01 17:45:52.910 I/HwLauncher( 5976): Launcher onPause()
06-01 17:45:52.913 I/HwLauncher( 5976): Launcher.MotionManager stopMotionAppsReco begin,flg = 402
06-01 17:45:52.913 W/HwLauncher( 5976): Launcher.MotionManager stopMotionAppsReco service flg 402 is unavailable
06-01 17:45:52.914 I/HwLauncher( 5976): Launcher.MotionManager stopMotionAppsReco begin,flg = 403
06-01 17:45:52.915 W/HwLauncher( 5976): Launcher.MotionManager stopMotionAppsReco service flg 403 is unavailable
06-01 17:45:52.954 I/TotemWeather( 5976): AbstractDualWeatherWidgetHomeView onWindowFocusChanged, hasWindowFocus= false
06-01 17:45:52.956 I/[Gralloc]( 3716): alloc w[1080] h[1812] format[2] usage[2355]
06-01 17:45:52.956 I/[Gralloc]( 3716): alloc succ handle[0xb7e100d8] stride[1120]
06-01 17:45:52.956 I/[Gralloc]( 3716): alloc w[1080] h[1920] format[1] usage[3]
06-01 17:45:52.961 I/[Gralloc]( 3716): alloc succ handle[0xb7da0758] stride[1120]
06-01 17:45:53.027 I/[Gralloc]( 3716): alloc w[1080] h[1920] format[1] usage[2867]
06-01 17:45:53.028 I/[Gralloc]( 3716): alloc w[1080] h[1920] format[1] usage[3]
06-01 17:45:53.028 I/[Gralloc]( 3716): alloc succ handle[0xb7da0758] stride[1120]
06-01 17:45:53.028 W/[Gralloc-Warning]( 3716): int gralloc_register_buffer(const gralloc_module_t*, buffer_handle_t):66 Registering handle 0xb7d56450 coming from the same process: 3716.
06-01 17:45:53.032 I/[Gralloc]( 3716): alloc succ handle[0xb7d62d38] stride[1120]
06-01 17:45:53.039 E/Parcel  ( 3970): Reading a NULL string not supported here.
06-01 17:45:53.039 E/Parcel  ( 3970): Reading a NULL string not supported here.
06-01 17:45:53.048 I/InputReader( 4224): Reconfiguring input devices.  changes=0x00000004
06-01 17:45:53.049 I/InputReader( 4224): Device reconfigured: id=2, name='huawei,touchscreen', size 1080x1920, orientation 1, mode 1, display id 0
06-01 17:45:53.066 I/HwSystemManager(21570): HsmPackageManager:onConfigureChanged: zh_CN
06-01 17:45:53.067 I/HwSystemManager( 5038): HsmPackageManager:onConfigureChanged: zh_CN
06-01 17:45:53.084 W/Settings( 5933): Setting airplane_mode_on has moved from android.provider.Settings.System to android.provider.Settings.Global, returning read-only value.
06-01 17:45:53.087 I/SendBroadcastPermission( 5814): action:com.tencent.qqpinyin.exp_data_change, mPermissionType:0
06-01 17:45:53.098 W/Settings( 5933): Setting airplane_mode_on has moved from android.provider.Settings.System to android.provider.Settings.Global, returning read-only value.
06-01 17:45:53.119 I/HwLauncher( 5976): Workspace onSizeChanged
06-01 17:45:53.122 W/PGApi_client( 5919): recv actoionId = 10000, action = com.huawei.pgmng.PGAction@a155f20 actionId =10000 pkg =com.tanyu.flcdhy.samsung extend1 =2118 extend2 = flag =3 type =1
06-01 17:45:53.122 W/PGMiddleWare( 5919): in handleAction method, action = 10000
06-01 17:45:53.122 W/PGMiddleWare( 5919): in handleAction, invoke client = com.huawei.pgmng.middleware.AudioEffectLowPowerImpl@e4e96c1, action = com.huawei.pgmng.PGAction@a155f20 actionId =10000 pkg =com.tanyu.flcdhy.samsung extend1 =2118 extend2 = flag =3 type =1
06-01 17:45:53.126 I/HwAps   ( 5919): APS: enable: true
06-01 17:45:53.132 I/TotemWeather( 5976): WidgetWeatherMediumView  onWeatherChange, check current whether display mPreTimeZone = 中国标准时间,mCityInfo= [mCityId=1,mTimeZone=Asia/Shanghai,cityCode=null,cType=10,isHomeCity=false, hwId = null],tag = SIMGLE_CITY
06-01 17:45:53.132 I/TotemWeather( 5976): WidgetWeatherMediumView checkWeatherInfo
06-01 17:45:53.134 I/TotemWeather( 5976): BackgroundIconView hasCutCorner,not set Background Pic again, mOldViewMode=10141
06-01 17:45:53.143 I/TotemWeather( 5976): WidgetWeatherMediumView setCityDateTime timezone = 中国标准时间,mPreTimeZone=中国标准时间,viewMode=10141
06-01 17:45:53.146 I/TotemWeather( 5976): CityTimeView CityTimeView mCurrentViewMode = 10141
06-01 17:45:53.147 I/HwSystemManager( 5038): NotificationGuideService:handle MSG_ACTIVIY_FOREGROUND, uid:10265
06-01 17:45:53.164 I/TotemWeather(23681): Utils sThemeFontDirEmpty = true
06-01 17:45:53.170 I/MSG_APP_Mms(25819): Broadcast ACTION_CONFIGURATION_CHANGED received.
06-01 17:45:53.191 I/[Gralloc]( 3716): alloc w[16] h[16] format[1] usage[256]
06-01 17:45:53.191 I/[Gralloc]( 3716): alloc succ handle[0xb7d6d950] stride[32]
06-01 17:45:53.209 I/TotemWeather( 5976): CityTimeFormatView CityTimeFormatView setTimeFormat is24Hour=true,timeFormat=
06-01 17:45:53.216 E/linker  (26355): readlink('/proc/self/fd/22') failed: Permission denied [fd=22]
06-01 17:45:53.217 E/linker  (26355): warning: unable to get realpath for the library "/system/lib/hw/gralloc.hi3630.so". Will use given name.
06-01 17:45:53.227 I/HwLauncher( 5976): Model  onReceive intent=Intent { act=android.intent.action.CONFIGURATION_CHANGED flg=0x70000010 }
06-01 17:45:53.227 I/HwLauncher( 5976): Model  onReceive user=UserHandle{0}
06-01 17:45:53.228 I/HwLauncher( 5976): Launcher.Utilities updateOrientToPortrait original orientation = 2
06-01 17:45:53.229 I/HwLauncher( 5976): Launcher.Utilities updateOrientToPortrait: update configuration to portrait
06-01 17:45:53.229 I/HwLauncher( 5976): Launcher.Settings  updateIconTitleSize fontSize = 10.5
06-01 17:45:53.239 E/linker  (26355): readlink('/proc/self/fd/22') failed: Permission denied [fd=22]
06-01 17:45:53.239 E/linker  (26355): warning: unable to get realpath for the library "libion.so". Will use given name.
06-01 17:45:53.249 E/HAL     (26355): load: id=gralloc != hmi->id=gralloc
06-01 17:45:53.268 I/PanelView( 4674): Configuration orientation changed
06-01 17:45:53.306 I/[Gralloc]( 3716): alloc w[1080] h[126] format[1] usage[2816]
06-01 17:45:53.308 I/[Gralloc]( 3716): alloc succ handle[0xb7e731d0] stride[1120]
06-01 17:45:53.336 W/View    ( 4674): requestLayout() improperly called by com.android.systemui.statusbar.phone.IconMerger{7ecd0b0 V.E...... ......ID 0,0-162,72 #7f1000c3 app:id/notificationIcons} during layout: running second layout pass
06-01 17:45:53.350 I/[Gralloc]( 3716): alloc w[72] h[1920] format[1] usage[2816]
06-01 17:45:53.352 I/[Gralloc]( 3716): alloc succ handle[0xb7e29318] stride[96]
06-01 17:45:53.418 I/HwCust  (26355): Constructor found for class android.app.HwCustHwWallpaperManagerImpl
06-01 17:45:53.441 I/TimeManager( 4674): receiver action = android.intent.action.CONFIGURATION_CHANGED
06-01 17:45:53.573 I/[Gralloc]( 3716): alloc w[1920] h[2160] format[2] usage[2816]
06-01 17:45:53.581 I/[Gralloc]( 3716): alloc succ handle[0xb7dbc188] stride[1952]
06-01 17:45:53.605 I/[Gralloc]( 3716): alloc w[1080] h[126] format[1] usage[2816]
06-01 17:45:53.607 I/[Gralloc]( 3716): alloc succ handle[0xb7d55d38] stride[1120]
06-01 17:45:53.616 I/[Gralloc]( 3716): alloc w[72] h[1920] format[1] usage[2816]
06-01 17:45:53.617 I/[Gralloc]( 3716): alloc succ handle[0xb7dba9b0] stride[96]
06-01 17:45:53.643 W/View    ( 4674): requestLayout() improperly called by com.android.systemui.statusbar.phone.IconMerger{7ecd0b0 V.E...... ........ 0,0-162,72 #7f1000c3 app:id/notificationIcons} during second layout pass: posting in next frame
06-01 17:45:53.785 I/Choreographer( 5814): Skipped 43 frames!  The application may be doing too much work on its main thread.
06-01 17:45:53.867 I/WindowBlurViewManager( 4674): allowChangeBlurBackground
06-01 17:45:53.867 I/WindowBlurViewManager( 4674): setBlurBackground()
06-01 17:45:53.874 I/[Gralloc]( 3716): alloc w[134] h[240] format[1] usage[819]
06-01 17:45:53.876 I/[Gralloc]( 3716): alloc succ handle[0xb7ecbaf0] stride[160]
06-01 17:45:53.884 I/K3V3CpuGovernorPolicy( 5919): close previously scene Hmp policy : 300 , 150
06-01 17:45:55.084 I/[Gralloc]( 3716): alloc w[1794] h[1080] format[2] usage[2355]
06-01 17:45:55.085 I/[Gralloc]( 3716): alloc succ handle[0xb7d62d38] stride[1824]
06-01 17:45:55.085 I/[Gralloc]( 3716): alloc w[1080] h[1920] format[1] usage[3]
06-01 17:45:55.090 I/[Gralloc]( 3716): alloc succ handle[0xb7db0718] stride[1120]
06-01 17:45:55.154 W/ResourceType(26355): Invalid package identifier when getting bag for resource number 0x00000000
06-01 17:45:55.168 I/FLQG_LOG(26355): PluginWrapper: class name : ----com/game/framework/UserDebug----
06-01 17:45:55.174 I/FLQG_LOG(26355): PluginWrapper: class name : ----com/game/framework/IAPDebug----
06-01 17:45:55.176 I/FLQG_LOG(26355): PluginWrapper: call back invoked on main thread
06-01 17:45:55.178 W/FLQG_LOG(26355): IAPObject: plugin is null
06-01 17:45:55.181 I/FLQG_LOG(26355): PluginWrapper: class name : ----com/game/framework/AnalyticsDebug----
06-01 17:45:55.185 I/FLQG_LOG(26355): PluginWrapper: class name : ----com/game/framework/AdsDebug----
06-01 17:45:55.189 I/FLQG_LOG(26355): PluginWrapper: class name : ----com/game/framework/ShareDebug----
06-01 17:45:55.192 I/FLQG_LOG(26355): PluginWrapper: class name : ----com/game/framework/SocialDebug----
06-01 17:45:55.196 I/FLQG_LOG(26355): PluginWrapper: class name : ----com/game/framework/PushDebug----
06-01 17:45:55.199 I/FLQG_LOG(26355): PluginWrapper: class name : ----com/game/framework/CrashDebug----
06-01 17:45:55.205 I/FLQG_LOG(26355): PluginWrapper: class name : ----com/game/framework/CustomDebug----
06-01 17:45:55.208 I/FLQG_LOG(26355): PluginWrapper: class name : ----com/game/framework/RECDebug----
06-01 17:45:55.212 I/FLQG_LOG(26355): PluginWrapper: class name : ----com/game/framework/AdTrackingDebug----
06-01 17:45:55.228 I/CpuGovernorPolicy( 5919): cpu draw 
06-01 17:45:55.257 E/WifiConfigStore( 4224): updateConfiguration freq=2437 BSSID=14:75:90:c3:bb:9c RSSI=-52 "XYSK"WPA_PSK
06-01 17:45:55.272 I/[Gralloc]( 3716): alloc w[72] h[1920] format[1] usage[2816]
06-01 17:45:55.274 I/[Gralloc]( 3716): alloc succ handle[0xb7c59df8] stride[96]
06-01 17:45:55.279 I/[Gralloc]( 3716): alloc w[1080] h[126] format[1] usage[2816]
06-01 17:45:55.281 I/[Gralloc]( 3716): alloc succ handle[0xb7dbf160] stride[1120]
06-01 17:45:55.313 I/[Gralloc]( 3716): alloc w[1794] h[1080] format[1] usage[2355]
06-01 17:45:55.313 I/[Gralloc]( 3716): alloc succ handle[0xb7db0718] stride[1824]
06-01 17:45:55.313 I/[Gralloc]( 3716): alloc w[1080] h[1920] format[1] usage[3]
06-01 17:45:55.322 I/[Gralloc]( 3716): alloc succ handle[0xb7da0758] stride[1120]
06-01 17:45:55.377 I/ActivityManager( 4224): Displayed com.tanyu.flcdhy.samsung/com.game.framework.unity.GameActivity: +2s464ms
06-01 17:45:55.404 I/HwLauncher( 5976): Launcher mUnlockScreenRunnbale  getOrientationEnabled false 
06-01 17:45:55.404 I/HwLauncher( 5976): Launcher onStop()
06-01 17:45:55.549 E/HAL     (26355): load: id=gralloc != hmi->id=gralloc
06-01 17:45:55.560 E/linker  (26355): readlink('/proc/self/fd/36') failed: Permission denied [fd=36]
06-01 17:45:55.560 E/linker  (26355): warning: unable to get realpath for the library "libhwaps.so". Will use given name.
06-01 17:45:55.655 E/Thermal-daemon( 3731): [ap] temp_new :51  temp_old :52
06-01 17:45:55.655 E/Thermal-daemon( 3731): Report temperature: [ap] temp :51  report_threshold:1
06-01 17:45:55.678 E/linker  (26355): readlink('/proc/self/fd/38') failed: Permission denied [fd=38]
06-01 17:45:55.678 E/linker  (26355): warning: unable to get realpath for the library "libOpenSLES.so". Will use given name.
06-01 17:45:55.715 W/libc    (26355): pthread_create sched_setscheduler call failed: Operation not permitted
06-01 17:45:55.733 I/APM::AudioPolicyManager( 3814): startOutput() output 6, stream 3, session 35
06-01 17:45:55.733 I/APM::AudioPolicyManager( 3814): getNewOutputDevice() selected device 2
06-01 17:45:55.733 I/APM::AudioPolicyManager( 3814): setOutputDevice() device 0x0002 delayMs 0
06-01 17:45:55.733 I/APM::AudioPolicyManager( 3814): setOutputDevice() prevDevice 0x0002
06-01 17:45:55.733 I/APM::AudioPolicyManager( 3814): setOutputDevice() changing to device 0x0002 , muteWaitMs 0
06-01 17:45:55.741 I/dsp_hifi_ctl( 3814): DTS_ERR_keyValuePairs (0) srs_cfg:trumedia_enable=1
06-01 17:45:55.742 I/APM::AudioPolicyManager( 3814): checkAndSetVolume: index 4 device 0x2
06-01 17:45:55.742 I/APM::AudioPolicyManager( 3814): checkAndSetVolume: index 0 device 0x2
06-01 17:45:55.742 I/APM::AudioPolicyManager( 3814): checkAndSetVolume: index 0 device 0x2
06-01 17:45:55.742 I/APM::AudioPolicyManager( 3814): checkAndSetVolume: index 1 device 0x2
06-01 17:45:55.742 I/APM::AudioPolicyManager( 3814): checkAndSetVolume: index 7 device 0x2
06-01 17:45:55.742 I/APM::AudioPolicyManager( 3814): checkAndSetVolume: index 0 device 0x2
06-01 17:45:55.742 I/APM::AudioPolicyManager( 3814): checkAndSetVolume: index 7 device 0x2
06-01 17:45:55.742 I/APM::AudioPolicyManager( 3814): checkAndSetVolume: index 7 device 0x2
06-01 17:45:55.742 I/APM::AudioPolicyManager( 3814): checkAndSetVolume: index 0 device 0x2
06-01 17:45:55.742 I/APM::AudioPolicyManager( 3814): checkAndSetVolume: index 1 device 0x2
06-01 17:45:55.742 I/APM::AudioPolicyManager( 3814): checkAndSetVolume: index 1 device 0x2
06-01 17:45:55.742 I/APM::AudioPolicyManager( 3814): checkAndSetVolume: index 1 device 0x2
06-01 17:45:55.743 I/APM::AudioPolicyManager( 3814): checkAndSetVolume: index 1 device 0x2
06-01 17:45:55.745 E/HsmCoreServiceImpl( 4224): onTransact in code is: 102
06-01 17:45:55.745 I/MediaProcessHandler( 4224): processOp opType: 0, uid: 10265, pid: 26355
06-01 17:45:55.753 I/AudioFlinger( 3814): updateWakeLockUids_l() AudioOut_6 mType: 0 status 0
06-01 17:45:55.842 I/AudioTrack-JNI(26355): audioTrack continuously zero data counter >= 10, send pause/stop state to pg, counter: 0
06-01 17:45:56.174 I/FLQG_LOG(26355): PluginWrapper: call back invoked on main thread
06-01 17:45:56.175 W/FLQG_LOG(26355): UserObject: callback of plugin UserDebug not set correctly 
06-01 17:45:56.178 I/[Gralloc]( 3716): alloc w[1080] h[1794] format[2] usage[2816]
06-01 17:45:56.184 I/[Gralloc]( 3716): alloc succ handle[0xb7decf40] stride[1120]
06-01 17:45:56.203 I/[Gralloc]( 3716): alloc w[1080] h[1794] format[2] usage[2816]
06-01 17:45:56.210 I/FLQG_LOG(26355): PluginWrapper: call back invoked on main thread
06-01 17:45:56.211 W/FLQG_LOG(26355): CustomObject: Listener of plugin CustomDebug not set correctly
06-01 17:45:56.212 I/FLQG_LOG(26355): PluginWrapper: call back invoked on main thread
06-01 17:45:56.213 W/FLQG_LOG(26355): RECObject: Listener of plugin RECDebug not set correctly
06-01 17:45:56.216 I/[Gralloc]( 3716): alloc succ handle[0xb7c7e4f8] stride[1120]
06-01 17:45:56.222 I/[Gralloc]( 3716): alloc w[1080] h[1794] format[2] usage[2816]
06-01 17:45:56.228 I/[Gralloc]( 3716): alloc succ handle[0xb7c7e2b8] stride[1120]
06-01 17:45:57.071 I/art     ( 4224): Starting a blocking GC Explicit
06-01 17:45:57.276 I/art     ( 4224): Explicit concurrent mark sweep GC freed 12245(820KB) AllocSpace objects, 9(788KB) LOS objects, 28% free, 39MB/55MB, paused 4.237ms total 204.394ms
06-01 17:45:57.875 W/SensorService( 4224): sensor 00000000 already enabled in connection 0xb8549328 (ignoring)
06-01 17:45:58.271 E/WifiConfigStore( 4224): updateConfiguration freq=2437 BSSID=14:75:90:c3:bb:9c RSSI=-53 "XYSK"WPA_PSK
06-01 17:45:59.194 W/AlarmManager( 4224): WAKEUP alarm trigger action = action.pfw.wakeup.timer elapsed = 24600082
06-01 17:45:59.212 I/ash     ( 5919): pkg null calling: com.qihoo360.mobilesafe, pid: 18198 ,type: bindservice
06-01 17:45:59.217 I/ash     ( 5919): pkg null calling: com.qihoo360.mobilesafe, pid: 18198 ,type: bindservice
06-01 17:45:59.286 I/ash     ( 5919): pkg null calling: com.qihoo360.mobilesafe, pid: 18198 ,type: bindservice
06-01 17:46:00.003 I/TimeManager( 4674): receiver action = android.intent.action.TIME_TICK
06-01 17:46:00.012 I/HwLauncher( 5976): Model  onReceive intent=Intent { act=android.intent.action.TIME_TICK flg=0x50000014 (has extras) }
06-01 17:46:00.013 I/HwLauncher( 5976): Model  onReceive user=UserHandle{0}
06-01 17:46:00.024 I/TotemWeather( 5976): CityTimeView CityTimeView mCurrentViewMode = 10141
06-01 17:46:00.055 I/TotemWeather( 5976): CityTimeFormatView CityTimeFormatView setTimeFormat is24Hour=true,timeFormat=
06-01 17:46:00.056 I/TotemWeather( 5976): DateTimeManager send message delay millis = 60944 ms
06-01 17:46:00.658 E/Thermal-daemon( 3731): [flash_led] temp_new :47  temp_old :48
06-01 17:46:00.658 E/Thermal-daemon( 3731): Report temperature: [flash_led] temp :47  report_threshold:1
06-01 17:46:01.286 E/WifiConfigStore( 4224): updateConfiguration freq=2437 BSSID=14:75:90:c3:bb:9c RSSI=-55 "XYSK"WPA_PSK
06-01 17:46:04.304 E/WifiConfigStore( 4224): updateConfiguration freq=2437 BSSID=14:75:90:c3:bb:9c RSSI=-55 "XYSK"WPA_PSK
06-01 17:46:05.149 I/HwPowerMonitor.PowerExceptionObservable( 5948): unhandled onEvent actionID: 3002
06-01 17:46:05.150 I/HwPowerMonitor.DayActObserver( 5948): in PowerMonitorHandler, will handle msg.what = battery_changed, Utils.isCharging() = false
06-01 17:46:05.663 E/Thermal-daemon( 3731): [ap] temp_new :50  temp_old :51
06-01 17:46:05.663 E/Thermal-daemon( 3731): Report temperature: [ap] temp :50  report_threshold:1
06-01 17:46:05.667 I/ThermalStateManager( 5919): triggerLevel = 1, triggerAction :{gpu=360000000, lcd=0, threshold_down=0, bcurrent=0, threshold_up=0, cpu_a15=1209600, ucurrent=900, cpu=0}
06-01 17:46:05.667 I/ThermalStateManager( 5919): sensor name: cpu temperature: 50 , thermal action: gpu policy:360000000
06-01 17:46:05.667 I/ThermalStateManager( 5919): sensor name: cpu temperature: 50 , thermal action: threshold_down policy:0
06-01 17:46:05.668 I/ThermalStateManager( 5919): sensor name: cpu temperature: 50 , thermal action: bcurrent policy:0
06-01 17:46:05.668 I/ThermalStateManager( 5919): sensor name: cpu temperature: 50 , thermal action: threshold_up policy:0
06-01 17:46:05.668 I/ThermalStateManager( 5919): sensor name: cpu temperature: 50 , thermal action: cpu_a15 policy:1209600
06-01 17:46:05.668 I/ThermalStateManager( 5919): not config low temperature policy, not to handle.
06-01 17:46:05.817 W/SwitchManager( 5919): NoSuchMethod: IPowerManager setChargeHotLimit [int,int]
06-01 17:46:05.818 I/powergenie_jni( 5919): set charge limit 2: 0
06-01 17:46:06.131 I/ash     ( 5919): Application com.qihoo360.mobilesafe has active sensor, delay to H!
06-01 17:46:06.131 I/ash     ( 5919): com.qihoo360.mobilesafe delayToHibernation :30000
06-01 17:46:06.131 I/ash     ( 5919): Application com.tencent.mm is im app and connected ok, delay to H!
06-01 17:46:06.132 I/ash     ( 5919): com.tencent.mm delayToHibernation :30000
06-01 17:46:06.548 I/K3V3CpuGovernorPolicy( 5919): close previously thermal Hmp policy : 1010 , 900
06-01 17:46:07.321 E/WifiConfigStore( 4224): updateConfiguration freq=2437 BSSID=14:75:90:c3:bb:9c RSSI=-55 "XYSK"WPA_PSK
06-01 17:46:07.539 I/Unity   (26355): UserExternalCall( code: 0  result: init success)
06-01 17:46:07.539 I/Unity   (26355):  
06-01 17:46:07.539 I/Unity   (26355): (Filename: ./artifacts/AndroidManagedGenerated/UnityEngineDebug.cpp Line: 56)
06-01 17:46:07.539 I/Unity   (26355): 
06-01 17:46:07.559 I/Unity   (26355): IAPExternalCall( code: 5  result: init success)
06-01 17:46:07.559 I/Unity   (26355):  
06-01 17:46:07.559 I/Unity   (26355): (Filename: ./artifacts/AndroidManagedGenerated/UnityEngineDebug.cpp Line: 56)
06-01 17:46:07.559 I/Unity   (26355): 
06-01 17:46:09.096 I/Unity   (26355): http://z5.tanyu.mobi/mhflc/Version/1.3.2/Android/0_0_0/
06-01 17:46:09.096 I/Unity   (26355):  
06-01 17:46:09.096 I/Unity   (26355): (Filename: ./artifacts/AndroidManagedGenerated/UnityEngineDebug.cpp Line: 56)
06-01 17:46:09.096 I/Unity   (26355): 
06-01 17:46:10.348 E/WifiConfigStore( 4224): updateConfiguration freq=2437 BSSID=14:75:90:c3:bb:9c RSSI=-56 "XYSK"WPA_PSK
06-01 17:46:10.758 I/Unity   (26355): running Global.lua
06-01 17:46:10.758 I/Unity   (26355):  
06-01 17:46:10.758 I/Unity   (26355): (Filename: ./artifacts/AndroidManagedGenerated/UnityEngineDebug.cpp Line: 56)
06-01 17:46:10.758 I/Unity   (26355): 
06-01 17:46:13.365 E/WifiConfigStore( 4224): updateConfiguration freq=2437 BSSID=14:75:90:c3:bb:9c RSSI=-57 "XYSK"WPA_PSK
06-01 17:46:16.383 E/WifiConfigStore( 4224): updateConfiguration freq=2437 BSSID=14:75:90:c3:bb:9c RSSI=-56 "XYSK"WPA_PSK
06-01 17:46:19.399 E/WifiConfigStore( 4224): updateConfiguration freq=2437 BSSID=14:75:90:c3:bb:9c RSSI=-55 "XYSK"WPA_PSK
06-01 17:46:22.415 E/WifiConfigStore( 4224): updateConfiguration freq=2437 BSSID=14:75:90:c3:bb:9c RSSI=-56 "XYSK"WPA_PSK
06-01 17:46:25.431 E/WifiConfigStore( 4224): updateConfiguration freq=2437 BSSID=14:75:90:c3:bb:9c RSSI=-56 "XYSK"WPA_PSK
06-01 17:46:28.445 E/WifiConfigStore( 4224): updateConfiguration freq=2437 BSSID=14:75:90:c3:bb:9c RSSI=-57 "XYSK"WPA_PSK
06-01 17:46:31.462 E/WifiConfigStore( 4224): updateConfiguration freq=2437 BSSID=14:75:90:c3:bb:9c RSSI=-57 "XYSK"WPA_PSK
06-01 17:46:34.478 E/WifiConfigStore( 4224): updateConfiguration freq=2437 BSSID=14:75:90:c3:bb:9c RSSI=-57 "XYSK"WPA_PSK
06-01 17:46:36.200 I/ash     ( 5919): Application com.qihoo360.mobilesafe has active sensor, delay to H!
06-01 17:46:36.200 I/ash     ( 5919): com.qihoo360.mobilesafe delayToHibernation :30000
06-01 17:46:36.201 I/ash     ( 5919): Application com.tencent.mm is im app and connected ok, delay to H!
06-01 17:46:36.201 I/ash     ( 5919): com.tencent.mm delayToHibernation :30000
06-01 17:46:37.496 E/WifiConfigStore( 4224): updateConfiguration freq=2437 BSSID=14:75:90:c3:bb:9c RSSI=-58 "XYSK"WPA_PSK
06-01 17:46:40.515 E/WifiConfigStore( 4224): updateConfiguration freq=2437 BSSID=14:75:90:c3:bb:9c RSSI=-59 "XYSK"WPA_PSK
06-01 17:46:43.532 E/WifiConfigStore( 4224): updateConfiguration freq=2437 BSSID=14:75:90:c3:bb:9c RSSI=-59 "XYSK"WPA_PSK
06-01 17:46:45.469 I/HwPowerMonitor.PowerExceptionObservable( 5948): unhandled onEvent actionID: 3002
06-01 17:46:45.471 I/HwPowerMonitor.DayActObserver( 5948): in PowerMonitorHandler, will handle msg.what = battery_changed, Utils.isCharging() = false
06-01 17:46:46.545 E/WifiConfigStore( 4224): updateConfiguration freq=2437 BSSID=14:75:90:c3:bb:9c RSSI=-57 "XYSK"WPA_PSK
06-01 17:46:49.561 E/WifiConfigStore( 4224): updateConfiguration freq=2437 BSSID=14:75:90:c3:bb:9c RSSI=-55 "XYSK"WPA_PSK
06-01 17:46:52.578 E/WifiConfigStore( 4224): updateConfiguration freq=2437 BSSID=14:75:90:c3:bb:9c RSSI=-55 "XYSK"WPA_PSK
06-01 17:46:55.591 E/WifiConfigStore( 4224): updateConfiguration freq=2437 BSSID=14:75:90:c3:bb:9c RSSI=-53 "XYSK"WPA_PSK
06-01 17:46:58.609 E/WifiConfigStore( 4224): updateConfiguration freq=2437 BSSID=14:75:90:c3:bb:9c RSSI=-55 "XYSK"WPA_PSK
06-01 17:47:00.003 I/TimeManager( 4674): receiver action = android.intent.action.TIME_TICK
06-01 17:47:00.015 I/HwLauncher( 5976): Model  onReceive intent=Intent { act=android.intent.action.TIME_TICK flg=0x50000014 (has extras) }
06-01 17:47:00.015 I/HwLauncher( 5976): Model  onReceive user=UserHandle{0}
06-01 17:47:00.032 I/TotemWeather( 5976): CityTimeView CityTimeView mCurrentViewMode = 10141
06-01 17:47:00.113 I/TotemWeather( 5976): CityTimeFormatView CityTimeFormatView setTimeFormat is24Hour=true,timeFormat=
06-01 17:47:00.113 I/TotemWeather( 5976): DateTimeManager send message delay millis = 60887 ms
06-01 17:47:01.622 E/WifiConfigStore( 4224): updateConfiguration freq=2437 BSSID=14:75:90:c3:bb:9c RSSI=-55 "XYSK"WPA_PSK
06-01 17:47:04.636 E/WifiConfigStore( 4224): updateConfiguration freq=2437 BSSID=14:75:90:c3:bb:9c RSSI=-57 "XYSK"WPA_PSK
06-01 17:47:06.291 I/ash     ( 5919): Application com.qihoo360.mobilesafe has active sensor, delay to H!
06-01 17:47:06.291 I/ash     ( 5919): com.qihoo360.mobilesafe delayToHibernation :30000
06-01 17:47:06.291 I/ash     ( 5919): Application com.tencent.mm is im app and connected ok, delay to H!
06-01 17:47:06.292 I/ash     ( 5919): com.tencent.mm delayToHibernation :30000
06-01 17:47:07.651 E/WifiConfigStore( 4224): updateConfiguration freq=2437 BSSID=14:75:90:c3:bb:9c RSSI=-57 "XYSK"WPA_PSK
06-01 17:47:10.669 E/WifiConfigStore( 4224): updateConfiguration freq=2437 BSSID=14:75:90:c3:bb:9c RSSI=-57 "XYSK"WPA_PSK
06-01 17:47:13.686 E/WifiConfigStore( 4224): updateConfiguration freq=2437 BSSID=14:75:90:c3:bb:9c RSSI=-57 "XYSK"WPA_PSK
06-01 17:47:16.695 E/WifiConfigStore( 4224): updateConfiguration freq=2437 BSSID=14:75:90:c3:bb:9c RSSI=-56 "XYSK"WPA_PSK
06-01 17:47:19.710 E/WifiConfigStore( 4224): updateConfiguration freq=2437 BSSID=14:75:90:c3:bb:9c RSSI=-57 "XYSK"WPA_PSK
06-01 17:47:20.718 E/Thermal-daemon( 3731): [charger_ic] temp_new :43  temp_old :44
06-01 17:47:20.719 E/Thermal-daemon( 3731): Report temperature: [charger_ic] temp :43  report_threshold:1
06-01 17:47:22.731 E/WifiConfigStore( 4224): updateConfiguration freq=2437 BSSID=14:75:90:c3:bb:9c RSSI=-55 "XYSK"WPA_PSK
06-01 17:47:25.722 E/Thermal-daemon( 3731): [charger_ic] temp_new :44  temp_old :43
06-01 17:47:25.723 E/Thermal-daemon( 3731): Report temperature: [charger_ic] temp :44  report_threshold:1
06-01 17:47:25.749 E/WifiConfigStore( 4224): updateConfiguration freq=2437 BSSID=14:75:90:c3:bb:9c RSSI=-54 "XYSK"WPA_PSK
06-01 17:47:28.764 E/WifiConfigStore( 4224): updateConfiguration freq=2437 BSSID=14:75:90:c3:bb:9c RSSI=-54 "XYSK"WPA_PSK
06-01 17:47:31.781 E/WifiConfigStore( 4224): updateConfiguration freq=2437 BSSID=14:75:90:c3:bb:9c RSSI=-55 "XYSK"WPA_PSK
06-01 17:47:34.797 E/WifiConfigStore( 4224): updateConfiguration freq=2437 BSSID=14:75:90:c3:bb:9c RSSI=-55 "XYSK"WPA_PSK
06-01 17:47:35.730 E/Thermal-daemon( 3731): [charger_ic] temp_new :43  temp_old :44
06-01 17:47:35.730 E/Thermal-daemon( 3731): Report temperature: [charger_ic] temp :43  report_threshold:1
06-01 17:47:36.392 I/ash     ( 5919): Application com.qihoo360.mobilesafe has active sensor, delay to H!
06-01 17:47:36.392 I/ash     ( 5919): com.qihoo360.mobilesafe delayToHibernation :30000
06-01 17:47:36.393 I/ash     ( 5919): Application com.tencent.mm is im app and connected ok, delay to H!
06-01 17:47:36.393 I/ash     ( 5919): com.tencent.mm delayToHibernation :30000
06-01 17:47:37.814 E/WifiConfigStore( 4224): updateConfiguration freq=2437 BSSID=14:75:90:c3:bb:9c RSSI=-55 "XYSK"WPA_PSK
06-01 17:47:40.734 E/Thermal-daemon( 3731): [charger_ic] temp_new :44  temp_old :43
06-01 17:47:40.734 E/Thermal-daemon( 3731): Report temperature: [charger_ic] temp :44  report_threshold:1
06-01 17:47:40.832 E/WifiConfigStore( 4224): updateConfiguration freq=2437 BSSID=14:75:90:c3:bb:9c RSSI=-55 "XYSK"WPA_PSK
06-01 17:47:43.840 E/WifiConfigStore( 4224): updateConfiguration freq=2437 BSSID=14:75:90:c3:bb:9c RSSI=-53 "XYSK"WPA_PSK
06-01 17:47:45.468 I/HwPowerMonitor.PowerExceptionObservable( 5948): unhandled onEvent actionID: 3002
06-01 17:47:45.469 I/HwPowerMonitor.DayActObserver( 5948): in PowerMonitorHandler, will handle msg.what = battery_changed, Utils.isCharging() = false
06-01 17:47:45.737 E/Thermal-daemon( 3731): [charger_ic] temp_new :43  temp_old :44
06-01 17:47:45.738 E/Thermal-daemon( 3731): Report temperature: [charger_ic] temp :43  report_threshold:1
06-01 17:47:46.847 E/WifiConfigStore( 4224): updateConfiguration freq=2437 BSSID=14:75:90:c3:bb:9c RSSI=-52 "XYSK"WPA_PSK
06-01 17:47:49.864 E/WifiConfigStore( 4224): updateConfiguration freq=2437 BSSID=14:75:90:c3:bb:9c RSSI=-52 "XYSK"WPA_PSK
06-01 17:47:50.741 E/Thermal-daemon( 3731): [charger_ic] temp_new :44  temp_old :43
06-01 17:47:50.741 E/Thermal-daemon( 3731): Report temperature: [charger_ic] temp :44  report_threshold:1
06-01 17:47:52.881 E/WifiConfigStore( 4224): updateConfiguration freq=2437 BSSID=14:75:90:c3:bb:9c RSSI=-52 "XYSK"WPA_PSK
06-01 17:47:55.745 E/Thermal-daemon( 3731): [charger_ic] temp_new :43  temp_old :44
06-01 17:47:55.745 E/Thermal-daemon( 3731): Report temperature: [charger_ic] temp :43  report_threshold:1
06-01 17:47:55.898 E/WifiConfigStore( 4224): updateConfiguration freq=2437 BSSID=14:75:90:c3:bb:9c RSSI=-53 "XYSK"WPA_PSK
06-01 17:47:58.915 E/WifiConfigStore( 4224): updateConfiguration freq=2437 BSSID=14:75:90:c3:bb:9c RSSI=-54 "XYSK"WPA_PSK
06-01 17:48:00.002 I/TimeManager( 4674): receiver action = android.intent.action.TIME_TICK
06-01 17:48:00.011 I/HwLauncher( 5976): Model  onReceive intent=Intent { act=android.intent.action.TIME_TICK flg=0x50000014 (has extras) }
06-01 17:48:00.011 I/HwLauncher( 5976): Model  onReceive user=UserHandle{0}
06-01 17:48:00.020 I/TotemWeather( 5976): CityTimeView CityTimeView mCurrentViewMode = 10141
06-01 17:48:00.051 I/TotemWeather( 5976): CityTimeFormatView CityTimeFormatView setTimeFormat is24Hour=true,timeFormat=
06-01 17:48:00.051 I/TotemWeather( 5976): DateTimeManager send message delay millis = 60949 ms
06-01 17:48:00.749 E/Thermal-daemon( 3731): [charger_ic] temp_new :44  temp_old :43
06-01 17:48:00.749 E/Thermal-daemon( 3731): Report temperature: [charger_ic] temp :44  report_threshold:1
06-01 17:48:01.934 E/WifiConfigStore( 4224): updateConfiguration freq=2437 BSSID=14:75:90:c3:bb:9c RSSI=-54 "XYSK"WPA_PSK
06-01 17:48:02.877 I/SendBroadcastPermission( 4224): action:android.net.conn.DATA_ACTIVITY_CHANGE, mPermissionType:0
06-01 17:48:03.235 I/SendBroadcastPermission( 4224): action:android.net.conn.DATA_ACTIVITY_CHANGE, mPermissionType:0
06-01 17:48:04.950 E/WifiConfigStore( 4224): updateConfiguration freq=2437 BSSID=14:75:90:c3:bb:9c RSSI=-54 "XYSK"WPA_PSK
06-01 17:48:06.493 I/ash     ( 5919): Application com.qihoo360.mobilesafe has active sensor, delay to H!
06-01 17:48:06.493 I/ash     ( 5919): com.qihoo360.mobilesafe delayToHibernation :30000
06-01 17:48:06.493 I/ash     ( 5919): Application com.tencent.mm is im app and connected ok, delay to H!
06-01 17:48:06.494 I/ash     ( 5919): com.tencent.mm delayToHibernation :30000
06-01 17:48:07.965 E/WifiConfigStore( 4224): updateConfiguration freq=2437 BSSID=14:75:90:c3:bb:9c RSSI=-55 "XYSK"WPA_PSK
06-01 17:48:10.982 E/WifiConfigStore( 4224): updateConfiguration freq=2437 BSSID=14:75:90:c3:bb:9c RSSI=-55 "XYSK"WPA_PSK
06-01 17:48:13.996 E/WifiConfigStore( 4224): updateConfiguration freq=2437 BSSID=14:75:90:c3:bb:9c RSSI=-55 "XYSK"WPA_PSK
06-01 17:48:15.760 E/Thermal-daemon( 3731): [charger_ic] temp_new :43  temp_old :44
06-01 17:48:15.760 E/Thermal-daemon( 3731): Report temperature: [charger_ic] temp :43  report_threshold:1
06-01 17:48:17.013 E/WifiConfigStore( 4224): updateConfiguration freq=2437 BSSID=14:75:90:c3:bb:9c RSSI=-54 "XYSK"WPA_PSK
06-01 17:48:20.030 E/WifiConfigStore( 4224): updateConfiguration freq=2437 BSSID=14:75:90:c3:bb:9c RSSI=-54 "XYSK"WPA_PSK
06-01 17:48:23.048 E/WifiConfigStore( 4224): updateConfiguration freq=2437 BSSID=14:75:90:c3:bb:9c RSSI=-55 "XYSK"WPA_PSK
06-01 17:48:24.915 I/SendBroadcastPermission( 4224): action:android.net.conn.DATA_ACTIVITY_CHANGE, mPermissionType:0
06-01 17:48:25.768 E/Thermal-daemon( 3731): [charger_ic] temp_new :44  temp_old :43
06-01 17:48:25.768 E/Thermal-daemon( 3731): Report temperature: [charger_ic] temp :44  report_threshold:1
06-01 17:48:26.065 E/WifiConfigStore( 4224): updateConfiguration freq=2437 BSSID=14:75:90:c3:bb:9c RSSI=-53 "XYSK"WPA_PSK
06-01 17:48:29.081 E/WifiConfigStore( 4224): updateConfiguration freq=2437 BSSID=14:75:90:c3:bb:9c RSSI=-54 "XYSK"WPA_PSK
06-01 17:48:32.097 E/WifiConfigStore( 4224): updateConfiguration freq=2437 BSSID=14:75:90:c3:bb:9c RSSI=-54 "XYSK"WPA_PSK
06-01 17:48:32.401 I/SendBroadcastPermission( 4224): action:android.net.conn.DATA_ACTIVITY_CHANGE, mPermissionType:0
06-01 17:48:34.616 I/Hwaps   (26355): APS: version is 3.1.11
06-01 17:48:34.633 E/ApsLdfGameIdentify(26355): binder error
06-01 17:48:34.645 E/CursorWindow(26355): Failed to read row 0, column 8 from a CursorWindow which has 1 rows, 7 columns.
06-01 17:48:34.645 E/Hwaps   (26355): DATA IS ERROR
06-01 17:48:34.709 W/PGApi_client( 5919): recv actoionId = 10011, action = com.huawei.pgmng.PGAction@d570d9 actionId =10011 pkg =com.tanyu.flcdhy.samsung extend1 =2119 extend2 =20 flag =3 type =1
06-01 17:48:34.709 W/PGMiddleWare( 5919): in handleAction method, action = 10011
06-01 17:48:34.709 W/PGMiddleWare( 5919): in handleAction, invoke client = com.huawei.pgmng.middleware.AudioEffectLowPowerImpl@e4e96c1, action = com.huawei.pgmng.PGAction@d570d9 actionId =10011 pkg =com.tanyu.flcdhy.samsung extend1 =2119 extend2 =20 flag =3 type =1
06-01 17:48:34.729 I/powergenie_jni( 5919): guess platform type = 3
06-01 17:48:34.729 I/powergenie_jni( 5919): guess platform type = 3
06-01 17:48:35.114 E/WifiConfigStore( 4224): updateConfiguration freq=2437 BSSID=14:75:90:c3:bb:9c RSSI=-54 "XYSK"WPA_PSK
06-01 17:48:35.420 I/MsgPolicyThreshold( 5919): setThreshold,value:15,actionId:233
06-01 17:48:35.420 I/MsgPolicyThreshold( 5919): write ok
06-01 17:48:36.500 I/ash     ( 5919): Application com.qihoo360.mobilesafe has active sensor, delay to H!
06-01 17:48:36.500 I/ash     ( 5919): com.qihoo360.mobilesafe delayToHibernation :30000
06-01 17:48:36.501 I/ash     ( 5919): Application com.tencent.mm is im app and connected ok, delay to H!
06-01 17:48:36.501 I/ash     ( 5919): com.tencent.mm delayToHibernation :30000
06-01 17:48:37.648 E/CursorWindow(26355): Failed to read row 0, column 8 from a CursorWindow which has 1 rows, 7 columns.
06-01 17:48:37.648 E/Hwaps   (26355): DATA IS ERROR
06-01 17:48:37.650 I/SendBroadcastPermission(26355): action:huawei.intent.action.APS_INSERT_DATA_ACTION, mPermissionType:0
06-01 17:48:37.686 I/SendBroadcastPermission(26355): action:huawei.intent.action.APS_UPDATE_DATA_ACTION, mPermissionType:0
06-01 17:48:38.132 E/WifiConfigStore( 4224): updateConfiguration freq=2437 BSSID=14:75:90:c3:bb:9c RSSI=-53 "XYSK"WPA_PSK
06-01 17:48:40.780 E/Thermal-daemon( 3731): [charger_ic] temp_new :43  temp_old :44
06-01 17:48:40.780 E/Thermal-daemon( 3731): Report temperature: [charger_ic] temp :43  report_threshold:1
06-01 17:48:40.782 E/Thermal-daemon( 3731): [ap] temp_new :49  temp_old :50
06-01 17:48:40.782 E/Thermal-daemon( 3731): Report temperature: [ap] temp :49  report_threshold:1
06-01 17:48:41.165 E/WifiConfigStore( 4224): updateConfiguration freq=2437 BSSID=14:75:90:c3:bb:9c RSSI=-53 "XYSK"WPA_PSK
06-01 17:48:44.186 E/WifiConfigStore( 4224): updateConfiguration freq=2437 BSSID=14:75:90:c3:bb:9c RSSI=-54 "XYSK"WPA_PSK
06-01 17:48:45.785 E/Thermal-daemon( 3731): [flash_led] temp_new :46  temp_old :47
06-01 17:48:45.786 E/Thermal-daemon( 3731): Report temperature: [flash_led] temp :46  report_threshold:1
06-01 17:48:45.786 E/Thermal-daemon( 3731): [ap] temp_new :48  temp_old :49
06-01 17:48:45.787 E/Thermal-daemon( 3731): Report temperature: [ap] temp :48  report_threshold:1
06-01 17:48:47.206 E/WifiConfigStore( 4224): updateConfiguration freq=2437 BSSID=14:75:90:c3:bb:9c RSSI=-52 "XYSK"WPA_PSK
06-01 17:48:47.642 I/SendBroadcastPermission( 4224): action:android.net.conn.DATA_ACTIVITY_CHANGE, mPermissionType:0
06-01 17:48:50.226 E/WifiConfigStore( 4224): updateConfiguration freq=2437 BSSID=14:75:90:c3:bb:9c RSSI=-53 "XYSK"WPA_PSK
06-01 17:48:53.256 E/WifiConfigStore( 4224): updateConfiguration freq=2437 BSSID=14:75:90:c3:bb:9c RSSI=-53 "XYSK"WPA_PSK
06-01 17:48:55.791 E/Thermal-daemon( 3731): [pa_0] temp_new :43  temp_old :44
06-01 17:48:55.792 E/Thermal-daemon( 3731): Report temperature: [pa_0] temp :43  report_threshold:1
06-01 17:48:56.285 E/WifiConfigStore( 4224): updateConfiguration freq=2437 BSSID=14:75:90:c3:bb:9c RSSI=-51 "XYSK"WPA_PSK
06-01 17:48:57.810 I/art     (26355): Background sticky concurrent mark sweep GC freed 176650(9MB) AllocSpace objects, 15(880KB) LOS objects, 33% free, 21MB/31MB, paused 1.978ms total 175.084ms
06-01 17:48:57.810 W/CursorWrapperInner(26355): Cursor finalized without prior close()
06-01 17:48:57.811 W/CursorWrapperInner(26355): Cursor finalized without prior close()
06-01 17:48:57.811 W/CursorWrapperInner(26355): Cursor finalized without prior close()
06-01 17:48:57.812 W/CursorWrapperInner(26355): Cursor finalized without prior close()
06-01 17:48:59.311 E/WifiConfigStore( 4224): updateConfiguration freq=2437 BSSID=14:75:90:c3:bb:9c RSSI=-49 "XYSK"WPA_PSK
06-01 17:49:00.010 I/TimeManager( 4674): receiver action = android.intent.action.TIME_TICK
06-01 17:49:00.017 I/HwLauncher( 5976): Model  onReceive intent=Intent { act=android.intent.action.TIME_TICK flg=0x50000014 (has extras) }
06-01 17:49:00.017 I/HwLauncher( 5976): Model  onReceive user=UserHandle{0}
06-01 17:49:00.033 I/TotemWeather( 5976): CityTimeView CityTimeView mCurrentViewMode = 10141
06-01 17:49:00.070 I/TotemWeather( 5976): CityTimeFormatView CityTimeFormatView setTimeFormat is24Hour=true,timeFormat=
06-01 17:49:00.071 I/TotemWeather( 5976): DateTimeManager send message delay millis = 60929 ms
06-01 17:49:00.799 E/Thermal-daemon( 3731): [ap] temp_new :47  temp_old :48
06-01 17:49:00.799 E/Thermal-daemon( 3731): Report temperature: [ap] temp :47  report_threshold:1
06-01 17:49:02.336 E/WifiConfigStore( 4224): updateConfiguration freq=2437 BSSID=14:75:90:c3:bb:9c RSSI=-49 "XYSK"WPA_PSK
06-01 17:49:05.356 E/WifiConfigStore( 4224): updateConfiguration freq=2437 BSSID=14:75:90:c3:bb:9c RSSI=-49 "XYSK"WPA_PSK
06-01 17:49:05.803 E/Thermal-daemon( 3731): [flash_led] temp_new :45  temp_old :46
06-01 17:49:05.803 E/Thermal-daemon( 3731): Report temperature: [flash_led] temp :45  report_threshold:1
06-01 17:49:06.602 I/ash     ( 5919): Application com.qihoo360.mobilesafe has active sensor, delay to H!
06-01 17:49:06.602 I/ash     ( 5919): com.qihoo360.mobilesafe delayToHibernation :30000
06-01 17:49:06.605 I/ash     ( 5919): Application com.tencent.mm is im app and connected ok, delay to H!
06-01 17:49:06.605 I/ash     ( 5919): com.tencent.mm delayToHibernation :30000
06-01 17:49:07.206 W/AlarmManager( 4224): WAKEUP alarm trigger action = ALARM_ACTION(8968) elapsed = 24900000
06-01 17:49:07.210 W/AlarmManager( 4224): WAKEUP alarm trigger action = ALARM_ACTION(8968) elapsed = 24900000
06-01 17:49:08.378 E/WifiConfigStore( 4224): updateConfiguration freq=2437 BSSID=14:75:90:c3:bb:9c RSSI=-50 "XYSK"WPA_PSK
06-01 17:49:11.408 E/WifiConfigStore( 4224): updateConfiguration freq=2437 BSSID=14:75:90:c3:bb:9c RSSI=-51 "XYSK"WPA_PSK
06-01 17:49:14.431 E/WifiConfigStore( 4224): updateConfiguration freq=2437 BSSID=14:75:90:c3:bb:9c RSSI=-51 "XYSK"WPA_PSK
06-01 17:49:17.411 I/SendBroadcastPermission( 4224): action:android.net.conn.DATA_ACTIVITY_CHANGE, mPermissionType:0
06-01 17:49:17.443 E/WifiConfigStore( 4224): updateConfiguration freq=2437 BSSID=14:75:90:c3:bb:9c RSSI=-51 "XYSK"WPA_PSK
06-01 17:49:20.466 E/WifiConfigStore( 4224): updateConfiguration freq=2437 BSSID=14:75:90:c3:bb:9c RSSI=-51 "XYSK"WPA_PSK
06-01 17:49:23.490 E/WifiConfigStore( 4224): updateConfiguration freq=2437 BSSID=14:75:90:c3:bb:9c RSSI=-51 "XYSK"WPA_PSK
06-01 17:49:26.512 E/WifiConfigStore( 4224): updateConfiguration freq=2437 BSSID=14:75:90:c3:bb:9c RSSI=-50 "XYSK"WPA_PSK
06-01 17:49:29.534 E/WifiConfigStore( 4224): updateConfiguration freq=2437 BSSID=14:75:90:c3:bb:9c RSSI=-51 "XYSK"WPA_PSK
06-01 17:49:32.557 E/WifiConfigStore( 4224): updateConfiguration freq=2437 BSSID=14:75:90:c3:bb:9c RSSI=-51 "XYSK"WPA_PSK
06-01 17:49:35.580 E/WifiConfigStore( 4224): updateConfiguration freq=2437 BSSID=14:75:90:c3:bb:9c RSSI=-51 "XYSK"WPA_PSK
06-01 17:49:36.657 I/ash     ( 5919): Application com.qihoo360.mobilesafe has active sensor, delay to H!
06-01 17:49:36.657 I/ash     ( 5919): com.qihoo360.mobilesafe delayToHibernation :30000
06-01 17:49:36.659 I/ash     ( 5919): Application com.tencent.mm is im app and connected ok, delay to H!
06-01 17:49:36.660 I/ash     ( 5919): com.tencent.mm delayToHibernation :30000
06-01 17:49:38.602 E/WifiConfigStore( 4224): updateConfiguration freq=2437 BSSID=14:75:90:c3:bb:9c RSSI=-52 "XYSK"WPA_PSK
06-01 17:49:41.629 E/WifiConfigStore( 4224): updateConfiguration freq=2437 BSSID=14:75:90:c3:bb:9c RSSI=-53 "XYSK"WPA_PSK
06-01 17:49:42.878 I/SendBroadcastPermission( 4224): action:android.net.conn.DATA_ACTIVITY_CHANGE, mPermissionType:0
06-01 17:49:44.649 E/WifiConfigStore( 4224): updateConfiguration freq=2437 BSSID=14:75:90:c3:bb:9c RSSI=-52 "XYSK"WPA_PSK
06-01 17:49:47.111 I/SendBroadcastPermission( 4224): action:android.net.conn.DATA_ACTIVITY_CHANGE, mPermissionType:0
06-01 17:49:47.666 E/WifiConfigStore( 4224): updateConfiguration freq=2437 BSSID=14:75:90:c3:bb:9c RSSI=-54 "XYSK"WPA_PSK
06-01 17:49:50.687 E/WifiConfigStore( 4224): updateConfiguration freq=2437 BSSID=14:75:90:c3:bb:9c RSSI=-54 "XYSK"WPA_PSK
